I/DEBUG   (  128):     00e88ce4 00e7fa90 56202d00 00e7ee58 ffffffff  
I/DEBUG   (  128):     00e88cf4 ffffffff 2d202065 00000013 0001f1cd  
I/DEBUG   (  128):     00e88d04 00000000 00000010 00000043 401e86c8  
I/DEBUG   (  128):     00e88d14 00000016 00020000 41b7e000 00000000  
I/DEBUG   (  128):     00e88d24 00000000 00000001 00000000 401e8748  
I/DEBUG   (  128):     00e88d34 401e8780 00000000 00000012 401e87e0  
I/DEBUG   (  128):     00e88d44 00e88ff8 00000040 00000013 0001f1cd  
I/DEBUG   (  128):     00e88d54 00000000 00000010 0000003b 406e26f8  
I/DEBUG   (  128):     00e88d64 00e81b8c 00000000 00000000 41b7e000  
I/DEBUG   (  128):     00e88d74 00008000 00000000 00000100 00000000  
I/DEBUG   (  128): 
I/DEBUG   (  128): memory near r9:
I/DEBUG   (  128):     000f4220 ffffffff ffffffff ffffffff ffffffff  
I/DEBUG   (  128):     000f4230 ffffffff ffffffff ffffffff ffffffff  
I/DEBUG   (  128):     000f4240 ffffffff ffffffff ffffffff ffffffff  
I/DEBUG   (  128):     000f4250 ffffffff ffffffff ffffffff ffffffff  
I/DEBUG   (  128):     000f4260 ffffffff ffffffff ffffffff ffffffff  
I/DEBUG   (  128):     000f4270 ffffffff ffffffff ffffffff ffffffff  
I/DEBUG   (  128):     000f4280 ffffffff ffffffff ffffffff ffffffff  
I/DEBUG   (  128):     000f4290 ffffffff ffffffff ffffffff ffffffff  
I/DEBUG   (  128):     000f42a0 ffffffff ffffffff ffffffff ffffffff  
I/DEBUG   (  128):     000f42b0 ffffffff ffffffff ffffffff ffffffff  
I/DEBUG   (  128):     000f42c0 ffffffff ffffffff ffffffff ffffffff  
I/DEBUG   (  128):     000f42d0 ffffffff ffffffff ffffffff ffffffff  
I/DEBUG   (  128):     000f42e0 ffffffff ffffffff ffffffff ffffffff  
I/DEBUG   (  128):     000f42f0 ffffffff ffffffff ffffffff ffffffff  
I/DEBUG   (  128):     000f4300 ffffffff ffffffff ffffffff ffffffff  
I/DEBUG   (  128):     000f4310 ffffffff ffffffff ffffffff ffffffff  
I/DEBUG   (  128): 
I/DEBUG   (  128): memory near fp:
I/DEBUG   (  128):     00e8b190 6469762e 642e6f65 646f6365 642e7265  
I/DEBUG   (  128):     00e8b1a0 00787669 00000000 00000000 0000080b  
I/DEBUG   (  128):     00e8b1b0 00040002 00000002 0001ffff 00070005  
I/DEBUG   (  128):     00e8b1c0 00020007 fff5fffb fff3fff2 fff6fff5  
I/DEBUG   (  128):     00e8b1d0 fff5fff6 fff5fff4 fffafff8 fffffffd  
I/DEBUG   (  128):     00e8b1e0 00060002 000a0009 00060009 00040004  
I/DEBUG   (  128):     00e8b1f0 00070006 00020006 fffafffd fffdfffb  
I/DEBUG   (  128):     00e8b200 0001ffff fffd0000 fffdfffb 00040001  
I/DEBUG   (  128):     00e8b210 00050006 00030003 00080005 00060009  
I/DEBUG   (  128):     00e8b220 fffe0002 fffdfffc fffefffe fffdfffe  
I/DEBUG   (  128):     00e8b230 fffbfffb fffbfffb fffbfffa fffffffc  
I/DEBUG   (  128):     00e8b240 00000001 fff9fffc fffcfff9 00050001  
I/DEBUG   (  128):     00e8b250 ffff0004 fff8fffa 0002fffb 000b0008  
I/DEBUG   (  128):     00e8b260 0008000a 00070007 00060007 00000003  
I/DEBUG   (  128):     00e8b270 fffafffc fffbfff9 fffcfffb fffbfffc  
I/DEBUG   (  128):     00e8b280 fff9fffb fff5fff7 fff6fff4 0003fffb  
I/DEBUG   (  128): 
I/DEBUG   (  128): memory near ip:
I/DEBUG   (  128):     406e5d04 40114339 4011427d 40113a8b 40114313  
I/DEBUG   (  128):     406e5d14 40114133 4011447d 401142c1 401149bd  
I/DEBUG   (  128):     406e5d24 40154674 401da9a3 40114101 4011429b  
I/DEBUG   (  128):     406e5d34 40114211 40117231 40117271 40117225  
I/DEBUG   (  128):     406e5d44 40117265 40117305 401172fd 400e3ad0  
I/DEBUG   (  128):     406e5d54 401ddd3d 401dd8c1 4017eb91 401faaa1  
I/DEBUG   (  128):     406e5d64 407d1925 407d18eb 407d1903 407d18df  
I/DEBUG   (  128):     406e5d74 40161f47 40154f81 407d193b 4015cdf0  
I/DEBUG   (  128):     406e5d84 407d16d1 407d1881 40785484 4003db61  
I/DEBUG   (  128):     406e5d94 4003da99 4003db1d 4003dd81 40056d81  
I/DEBUG   (  128):     406e5da4 4015ca60 40056e25 4016b529 40164d39  
I/DEBUG   (  128):     406e5db4 4003db51 4003db01 401637b5 401642f1  
I/DEBUG   (  128):     406e5dc4 40152fd5 40152fc1 4016770d 401fa903  
I/DEBUG   (  128):     406e5dd4 4003d00d 4003d0c9 4016dff1 4016edb5  
I/DEBUG   (  128):     406e5de4 401fd481 40162f3f 4003f1cd 4003ea95  
I/DEBUG   (  128):     406e5df4 4003f1a1 4003e8cd 4003e8dd 4003f815  
I/DEBUG   (  128): 
I/DEBUG   (  128): memory near sp:
I/DEBUG   (  128):     41e79db0 00000003 00000000 00e81b88 00e81b88  
I/DEBUG   (  128):     41e79dc0 00e88c8c 00e81c3c df0027ad 00000000  
I/DEBUG   (  128):     41e79dd0 00e88cb8 00000000 00000000 00e892c0  
I/DEBUG   (  128):     41e79de0 00e81b8c 00000000 00000000 00000000  
I/DEBUG   (  128):     41e79df0 000f4240 4064d2b3 00000000 00e88c80  
I/DEBUG   (  128):     41e79e00 00000500 0000ac44 00e88c80 00000400  
I/DEBUG   (  128):     41e79e10 00000000 00000400 00e88ca4 406362fb  
I/DEBUG   (  128):     41e79e20 00000000 00000000 00000000 00000100  
I/DEBUG   (  128):     41e79e30 00000800 00e892f8 00000000 00e8b9b0  
I/DEBUG   (  128):     41e79e40 00000000 00000000 00000000 00000000  
I/DEBUG   (  128):     41e79e50 00000000 00000000 00000000 00000000  
I/DEBUG   (  128):     41e79e60 00000000 00e886a0 41e79e8c 40636545  
I/DEBUG   (  128):     41e79e70 00e886ac 40035220 00e88700 401fbec5  
I/DEBUG   (  128):     41e79e80 00100000 405ad971 00e886a0 00e7fa90  
I/DEBUG   (  128):     41e79e90 00e886a0 41e79ea0 00e886a0 401fc371  
I/DEBUG   (  128):     41e79ea0 00e886a0 00e886a0 00e886a0 00e886e8  
I/DEBUG   (  128): 
I/DEBUG   (  128): code around pc:
I/DEBUG   (  128):     4065ea60 e9d4d16e 2a002324 0000f173 6d21daf3  
I/DEBUG   (  128):     4065ea70 d0632908 708cf894 f0402f00 f8d4808b  
I/DEBUG   (  128):     4065ea80 689830d0 f0404298 46208085 f82ef7f7  
I/DEBUG   (  128):     4065ea90 28004607 e053d0eb 2085f894 2a004f40  
I/DEBUG   (  128):     4065eaa0 f8d4d04e e04b7088 808df894 0f00f1b8  
I/DEBUG   (  128):     4065eab0 2100d004 f8844f3b e041108d 68426883  
I/DEBUG   (  128):     4065eac0 60936807 f7cc605a 4639ecfc 0068f104  
I/DEBUG   (  128):     4065ead0 ed7af7cc aa05a904 8014f8cd 68404607  
I/DEBUG   (  128):     4065eae0 a8089004 f8b0f7d0 f7cca808 4680ee1c  
I/DEBUG   (  128):     4065eaf0 4938b990 4479a80b ee1af7cc a80ba908  
I/DEBUG   (  128):     4065eb00 ee1cf7cc f7cca80b 4933ed78 44794a33  
I/DEBUG   (  128):     4065eb10 4603447a e7604640 f7cca808 2103ee16  
I/DEBUG   (  128):     4065eb20 60796978 fc88f7ee 00acf8d4 6979b110  
I/DEBUG   (  128):     4065eb30 fd83f002 27006978 e0016028 4700f04f  
I/DEBUG   (  128):     4065eb40 f7cd4630 4638e89c e8bdb00e 230081f0  
I/DEBUG   (  128):     4065eb50 9f01e701 2324e9c4 10bcf884 7098f8c4  
I/DEBUG   (  128): 
I/DEBUG   (  128): code around lr:
I/DEBUG   (  128):     401544d0 e1a03007 e1a02006 e2011001 e1a00004  
I/DEBUG   (  128):     401544e0 ebfffb25 e1a04000 e1a00005 ebfffcc0  
I/DEBUG   (  128):     401544f0 e374006e 03a0006e 13a00000 e8bd80f8  
I/DEBUG   (  128):     40154500 e252c000 e92d4030 e1a05000 e24dd00c  
I/DEBUG   (  128):     40154510 e1a04001 0a00000d e1a02003 e1a0100c  
I/DEBUG   (  128):     40154520 e1a0000d ebfffad8 e3500000 a1a0200d  
I/DEBUG   (  128):     40154530 ba000004 e1a00005 e1a01004 ebffffdb  
I/DEBUG   (  128):     40154540 e28dd00c e8bd8030 e3a0006e eafffffb  
I/DEBUG   (  128):     40154550 e1a0200c eafffff6 e3a03000 eaffffe7  
I/DEBUG   (  128):     40154560 e3a02000 eafffffb e92d4070 e1a05000  
I/DEBUG   (  128):     40154570 e59f00dc e1a06001 e59f40d8 e08f0000  
I/DEBUG   (  128):     40154580 ebfffc9b e79f4004 e3540000 1a000003  
I/DEBUG   (  128):     40154590 ea00001d e5944000 e3540000 0a00001a  
I/DEBUG   (  128):     401545a0 e1540005 1afffffa e5943008 e3130001  
I/DEBUG   (  128):     401545b0 1a00001a e5943028 e3530000 ba000008  
I/DEBUG   (  128):     401545c0 e59fe094 e2831001 e2840024 e5841028  
E/installd(  134): eof
E/installd(  134): failed to read size
I/installd(  134): closing connection
I/ServiceManager(  121): service 'media.audio_policy' died
I/ServiceManager(  121): service 'media.audio_flinger' died
I/ServiceManager(  121): service 'media.player' died
I/ServiceManager(  121): service 'media.camera' died
I/mediaserver(  767): ServiceManager: 0x111ded8
I/AudioFlinger(  767): Using default 3000 mSec as standby time.
E/MediaPlayerFactory(  767): Failed to open FACTORY_LIB Error : Cannot load library: load_library(linker.cpp:771): library "libdashplayer.so" not found 
I/CameraService(  767): CameraService started (pid=767)
V/CameraWrapper(  767): camera_get_number_of_cameras
V/CameraWrapper(  767): check_vendor_module
D/QualcommCameraHardwareZSL(  767): int android::HAL_getNumberOfCameras(),return how many camera 2
I/AudioPolicyManagerBase(  767): loadAudioPolicyConfig() loaded /system/etc/audio_policy.conf
D/AudioHardwareMSM8660(  767): msm_mixer_open: Opening the device
D/AudioHardwareMSM8660(  767): msm_mixer_count:mixer_cnt =56
I/AudioHardwareMSM8660(  767): index = 0
I/AudioHardwareMSM8660(  767): Found device: handset_rx:index = 0,dev_id: 0
I/AudioHardwareMSM8660(  767): acdb ID = 7,class ID = 0,capablity = 5 for device 0
I/AudioHardwareMSM8660(  767): index = 1
I/AudioHardwareMSM8660(  767): Found device: handset_tx:index = 1,dev_id: 1
I/AudioHardwareMSM8660(  767): acdb ID = 4,class ID = 1,capablity = 6 for device 1
I/AudioHardwareMSM8660(  767): index = 2
I/AudioHardwareMSM8660(  767): Found device: speaker_stereo_rx:index = 2,dev_id: 2
I/AudioHardwareMSM8660(  767): acdb ID = 15,class ID = 0,capablity = 5 for device 2
I/AudioHardwareMSM8660(  767): index = 5
I/AudioHardwareMSM8660(  767): Found device: headset_mono_tx:index = 5,dev_id: 3
I/AudioHardwareMSM8660(  767): acdb ID = 8,class ID = 1,capablity = 6 for device 3
I/AudioHardwareMSM8660(  767): index = 3
I/AudioHardwareMSM8660(  767): Found device: speaker_mono_tx:index = 3,dev_id: 4
I/AudioHardwareMSM8660(  767): acdb ID = 11,class ID = 1,capablity = 6 for device 4
I/AudioHardwareMSM8660(  767): index = 4
I/AudioHardwareMSM8660(  767): Found device: headset_stereo_rx:index = 4,dev_id: 5
I/AudioHardwareMSM8660(  767): acdb ID = 10,class ID = 0,capablity = 5 for device 5
I/AudioHardwareMSM8660(  767): index = 12
I/AudioHardwareMSM8660(  767): Found device: tty_headset_mono_tx:index = 12,dev_id: 6
I/AudioHardwareMSM8660(  767): acdb ID = 16,class ID = 1,capablity = 38 for device 6
I/AudioHardwareMSM8660(  767): index = 11
I/AudioHardwareMSM8660(  767): Found device: tty_headset_mono_rx:index = 11,dev_id: 7
I/AudioHardwareMSM8660(  767): acdb ID = 17,class ID = 0,capablity = 37 for device 7
I/AudioHardwareMSM8660(  767): index = 8
I/AudioHardwareMSM8660(  767): Found device: fmradio_speaker_rx:index = 8,dev_id: 8
I/AudioHardwareMSM8660(  767): acdb ID = 255,class ID = 0,capablity = 17 for device 8
I/AudioHardwareMSM8660(  767): index = 7
I/AudioHardwareMSM8660(  767): Found device: fmradio_headset_rx:index = 7,dev_id: 9
I/AudioHardwareMSM8660(  767): acdb ID = 255,class ID = 0,capablity = 17 for device 9
I/AudioHardwareMSM8660(  767): index = 9
I/AudioHardwareMSM8660(  767): Found device: handset_dual_mic_endfire_tx:index = 9,dev_id: 10
I/AudioHardwareMSM8660(  767): acdb ID = 6,class ID = 1,capablity = 6 for device 10
I/AudioHardwareMSM8660(  767): index = 10
I/AudioHardwareMSM8660(  767): Found device: speaker_dual_mic_endfire_tx:index = 10,dev_id: 11
I/AudioHardwareMSM8660(  767): acdb ID = 13,class ID = 1,capablity = 6 for device 11
I/AudioHardwareMSM8660(  767): index = 13
I/AudioHardwareMSM8660(  767): Found device: headset_stereo_speaker_stereo_rx:index = 13,dev_id: 14
I/AudioHardwareMSM8660(  767): acdb ID = 255,class ID = 0,capablity = 5 for device 14
I/AudioHardwareMSM8660(  767): Not used device: headset_mono_rx
I/AudioHardwareMSM8660(  767): index = 13
I/AudioHardwareMSM8660(  767): Found device: headset_speaker_stereo_rx:index = 13,dev_id: 16
I/AudioHardwareMSM8660(  767): acdb ID = 255,class ID = 0,capablity = 5 for device 16
I/AudioHardwareMSM8660(  767): Not used device: back_mic_tx
I/AudioHardwareMSM8660(  767): index = 16
I/AudioHardwareMSM8660(  767): Found device: anc_headset_stereo_rx:index = 16,dev_id: 18
I/AudioHardwareMSM8660(  767): acdb ID = 26,class ID = 0,capablity = 69 for device 18
I/AudioHardwareMSM8660(  767): Not used device: dual_mic_stereo_tx
I/AudioHardwareMSM8660(  767): Not used device: hac_rx
I/AudioHardwareMSM8660(  767): Not used device: nomic_headset_tx
I/AudioHardwareMSM8660(  767): Not used device: nomic_headset_stereo_rx
I/AudioHardwareMSM8660(  767): Not used device: usb_headset_stereo_rx
I/AudioHardwareMSM8660(  767): Not used device: speaker_mono_rx
I/AudioHardwareMSM8660(  767): Not used device: camcorder_mono_tx
I/AudioHardwareMSM8660(  767): Not used device: camcorder_stereo_tx
I/AudioHardwareMSM8660(  767): Not used device: camcorder_stereo_rev_tx
I/AudioHardwareMSM8660(  767): Not used device: camcorder_headset_tx
I/AudioHardwareMSM8660(  767): Not used device: vr_handset_mono_tx
I/AudioHardwareMSM8660(  767): Not used device: vr_headset_mono_tx
I/AudioHardwareMSM8660(  767): Not used device: speaker_mono_alt_rx
I/AudioHardwareMSM8660(  767): Not used device: imic_note_tx
I/AudioHardwareMSM8660(  767): Not used device: ispkr_note_rx
I/AudioHardwareMSM8660(  767): Not used device: emic_note_tx
I/AudioHardwareMSM8660(  767): Not used device: headset_note_rx
I/AudioHardwareMSM8660(  767): index = 17
I/AudioHardwareMSM8660(  767): Found device: bt_sco_rx:index = 17,dev_id: 36
I/AudioHardwareMSM8660(  767): acdb ID = 22,class ID = 2,capablity = 5 for device 36
I/AudioHardwareMSM8660(  767): index = 18
I/AudioHardwareMSM8660(  767): Found device: bt_sco_tx:index = 18,dev_id: 37
I/AudioHardwareMSM8660(  767): acdb ID = 21,class ID = 3,capablity = 6 for device 37
I/AudioHardwareMSM8660(  767): index = 14
I/AudioHardwareMSM8660(  767): Found device: fmradio_stereo_tx:index = 14,dev_id: 38
I/AudioHardwareMSM8660(  767): acdb ID = 255,class ID = 7,capablity = 2 for device 38
I/AudioHardwareMSM8660(  767): index = 19
I/AudioHardwareMSM8660(  767): Found device: fmradio_stereo_rx:index = 19,dev_id: 39
I/AudioHardwareMSM8660(  767): acdb ID = 0,class ID = 6,capablity = 1 for device 39
I/AudioHardwareMSM8660(  767): Not used device: uplink_rx
I/AudioHardwareMSM8660(  767): index = 15
I/AudioHardwareMSM8660(  767): Found device: hdmi_stereo_rx:index = 15,dev_id: 41
I/AudioHardwareMSM8660(  767): acdb ID = 18,class ID = 8,capablity = 1 for device 41
I/HTC Acoustic(  767): libhtc_acoustic.so(8x60 platform) version 1.0.0.5
D/HTC Acoustic(  767): int android_audio_legacy::support_audience(), support_a1026: 0
I/HTC Acoustic(  767): Open /system/etc/AdieHWCodec.csv success.
D/HTC Acoustic(  767): PYRAMID_HTC_2010813
D/HTC Acoustic(  767): [1] dev_name = handset_rx_midi_48000
I/HTC Acoustic(  767): parse freq 48000
I/HTC Acoustic(  767): act_size=26, freq=48000
D/HTC Acoustic(  767): ioctl ACOUSTIC_UPDATE_ADIE success
D/HTC Acoustic(  767): [2] dev_name = handset_rx_voice_48000
I/HTC Acoustic(  767): parse freq 48000
I/HTC Acoustic(  767): act_size=26, freq=48000
D/HTC Acoustic(  767): ioctl ACOUSTIC_UPDATE_ADIE success
D/HTC Acoustic(  767): [3] dev_name = handset_tx_midi_8000
I/HTC Acoustic(  767): parse freq 8000
I/HTC Acoustic(  767): act_size=25, freq=8000
D/HTC Acoustic(  767): ioctl ACOUSTIC_UPDATE_ADIE success
D/HTC Acoustic(  767): [4] dev_name = handset_tx_voice_8000
I/HTC Acoustic(  767): parse freq 8000
I/HTC Acoustic(  767): act_size=25, freq=8000
D/HTC Acoustic(  767): ioctl ACOUSTIC_UPDATE_ADIE success
D/HTC Acoustic(  767): [5] dev_name = handset_tx_voice_16000
I/HTC Acoustic(  767): parse freq 16000
I/HTC Acoustic(  767): act_size=25, freq=16000
D/HTC Acoustic(  767): ioctl ACOUSTIC_UPDATE_ADIE success
D/HTC Acoustic(  767): [6] dev_name = handset_tx_midi_48000
I/HTC Acoustic(  767): parse freq 48000
I/HTC Acoustic(  767): act_size=25, freq=48000
D/HTC Acoustic(  767): ioctl ACOUSTIC_UPDATE_ADIE success
D/HTC Acoustic(  767): [7] dev_name = handset_tx_voice_48000
I/HTC Acoustic(  767): parse freq 48000
I/HTC Acoustic(  767): act_size=25, freq=48000
D/HTC Acoustic(  767): ioctl ACOUSTIC_UPDATE_ADIE success
D/HTC Acoustic(  767): [8] dev_name = headset_stereo_rx_midi_48000
I/HTC Acoustic(  767): parse freq 48000
I/HTC Acoustic(  767): act_size=28, freq=48000
D/HTC Acoustic(  767): ioctl ACOUSTIC_UPDATE_ADIE success
D/HTC Acoustic(  767): [9] dev_name = headset_stereo_rx_voice_48000
I/HTC Acoustic(  767): parse freq 48000
I/HTC Acoustic(  767): act_size=28, freq=48000
D/HTC Acoustic(  767): ioctl ACOUSTIC_UPDATE_ADIE success
D/HTC Acoustic(  767): [10] dev_name = headset_mono_tx_midi_8000
I/HTC Acoustic(  767): parse freq 8000
I/HTC Acoustic(  767): act_size=25, freq=8000
D/HTC Acoustic(  767): ioctl ACOUSTIC_UPDATE_ADIE success
D/HTC Acoustic(  767): [11] dev_name = headset_mono_tx_voice_8000
I/HTC Acoustic(  767): parse freq 8000
I/HTC Acoustic(  767): act_size=25, freq=8000
D/HTC Acoustic(  767): ioctl ACOUSTIC_UPDATE_ADIE success
D/HTC Acoustic(  767): [12] dev_name = headset_mono_tx_voice_16000
I/HTC Acoustic(  767): parse freq 16000
I/HTC Acoustic(  767): act_size=25, freq=16000
D/HTC Acoustic(  767): ioctl ACOUSTIC_UPDATE_ADIE success
D/HTC Acoustic(  767): [13] dev_name = headset_mono_tx_midi_48000
I/HTC Acoustic(  767): parse freq 48000
I/HTC Acoustic(  767): act_size=25, freq=48000
D/HTC Acoustic(  767): ioctl ACOUSTIC_UPDATE_ADIE success
D/HTC Acoustic(  767): [14] dev_name = headset_mono_tx_voice_48000
I/HTC Acoustic(  767): parse freq 48000
I/HTC Acoustic(  767): act_size=25, freq=48000
D/HTC Acoustic(  767): ioctl ACOUSTIC_UPDATE_ADIE success
D/HTC Acoustic(  767): [15] dev_name = speaker_mono_rx_midi_48000
I/HTC Acoustic(  767): parse freq 48000
I/HTC Acoustic(  767): act_size=25, freq=48000
D/HTC Acoustic(  767): ioctl ACOUSTIC_UPDATE_ADIE success
D/HTC Acoustic(  767): [16] dev_name = speaker_mono_rx_voice_48000
I/HTC Acoustic(  767): parse freq 48000
I/HTC Acoustic(  767): act_size=25, freq=48000
D/HTC Acoustic(  767): ioctl ACOUSTIC_UPDATE_ADIE success
D/HTC Acoustic(  767): [17] dev_name = speaker_mono_tx_midi_8000
I/HTC Acoustic(  767): parse freq 8000
I/HTC Acoustic(  767): act_size=25, freq=8000
D/HTC Acoustic(  767): ioctl ACOUSTIC_UPDATE_ADIE success
D/HTC Acoustic(  767): [18] dev_name = speaker_mono_tx_voice_8000
I/HTC Acoustic(  767): parse freq 8000
I/HTC Acoustic(  767): act_size=25, freq=8000
D/HTC Acoustic(  767): ioctl ACOUSTIC_UPDATE_ADIE success
D/HTC Acoustic(  767): [19] dev_name = speaker_mono_tx_voice_16000
I/HTC Acoustic(  767): parse freq 16000
I/HTC Acoustic(  767): act_size=25, freq=16000
D/HTC Acoustic(  767): ioctl ACOUSTIC_UPDATE_ADIE success
D/HTC Acoustic(  767): [20] dev_name = speaker_mono_tx_midi_48000
I/HTC Acoustic(  767): parse freq 48000
I/HTC Acoustic(  767): act_size=25, freq=48000
D/HTC Acoustic(  767): ioctl ACOUSTIC_UPDATE_ADIE success
D/HTC Acoustic(  767): [21] dev_name = speaker_mono_tx_voice_48000
I/HTC Acoustic(  767): parse freq 48000
I/HTC Acoustic(  767): act_size=25, freq=48000
D/HTC Acoustic(  767): ioctl ACOUSTIC_UPDATE_ADIE success
D/HTC Acoustic(  767): [22] dev_name = tty_headset_mono_rx_voice_8000
I/HTC Acoustic(  767): parse freq 8000
I/HTC Acoustic(  767): act_size=28, freq=8000
D/HTC Acoustic(  767): ioctl ACOUSTIC_UPDATE_ADIE success
D/HTC Acoustic(  767): [23] dev_name = tty_headset_mono_rx_voice_48000
I/HTC Acoustic(  767): parse freq 48000
I/HTC Acoustic(  767): act_size=28, freq=48000
D/HTC Acoustic(  767): ioctl ACOUSTIC_UPDATE_ADIE success
D/HTC Acoustic(  767): [24] dev_name = tty_headset_mono_tx_voice_8000
I/HTC Acoustic(  767): parse freq 8000
I/HTC Acoustic(  767): act_size=24, freq=8000
D/HTC Acoustic(  767): ioctl ACOUSTIC_UPDATE_ADIE success
D/HTC Acoustic(  767): [25] dev_name = tty_headset_mono_tx_voice_16000
I/HTC Acoustic(  767): parse freq 16000
I/HTC Acoustic(  767): act_size=24, freq=16000
D/HTC Acoustic(  767): ioctl ACOUSTIC_UPDATE_ADIE success
D/HTC Acoustic(  767): [26] dev_name = fmradio_headset_rx
I/HTC Acoustic(  767): act_size=18, freq=0
D/HTC Acoustic(  767): ioctl ACOUSTIC_UPDATE_ADIE success
D/HTC Acoustic(  767): [27] dev_name = fmradio_speaker_rx
I/HTC Acoustic(  767): act_size=18, freq=0
D/HTC Acoustic(  767): ioctl ACOUSTIC_UPDATE_ADIE success
D/HTC Acoustic(  767): [28] dev_name = headset_speaker_stereo_rx
I/HTC Acoustic(  767): parse freq 48000
I/HTC Acoustic(  767): act_size=33, freq=48000
D/HTC Acoustic(  767): ioctl ACOUSTIC_UPDATE_ADIE success
D/HTC Acoustic(  767): [29] dev_name = fmtx_headset
I/HTC Acoustic(  767): parse freq 48000
I/HTC Acoustic(  767): act_size=28, freq=48000
D/HTC Acoustic(  767): ioctl ACOUSTIC_UPDATE_ADIE success
I/HTC Acoustic(  767): Success on updating adie setting
I/HTC Acoustic(  767): open /system/etc/AudioBTID.csv success.
I/HTC Acoustic(  767): BT ID table version: PYD_HTC_20110310
I/HTC Acoustic(  767): TPA2051 CSV File Open From /system/etc/TPA2051_CFG.csv
I/HTC Acoustic(  767): open /system/etc/TPA2051_CFG.csv success.
D/HTC Acoustic(  767): int android_audio_legacy::support_codec_aic3254(), support_aic3254: 1
D/HTC Acoustic(  767): int android_audio_legacy::support_back_mic(), support_back_mic: 1
D/HTC Acoustic(  767): int android_audio_legacy::support_audience(), support_a1026: 0
D/HTC Acoustic(  767): failed to open file /system/etc/AIC3254_REG_MFG.csv: No such file or directory (2).
D/HTC Acoustic(  767): int android_audio_legacy::support_audience(), support_a1026: 0
D/HTC Acoustic(  767): failed to open file /system/etc/AIC3254_REG_MFG.txt: No such file or directory (2).
I/HTC Acoustic(  767): open /system/etc/AIC3254_REG_DualMic.csv success.
I/HTC Acoustic(  767): AIC3254 table version:  HTC_RUY_0711
D/HTC Acoustic(  767): int android_audio_legacy::support_audience(), support_a1026: 0
D/HTC Acoustic(  767): int android_audio_legacy::support_audience(), support_a1026: 0
D/HTC Acoustic(  767): AMR_WB not supported. /system/etc/CodecDSPID_WB.txt cannot be opened.
D/HTC Acoustic(  767): int android_audio_legacy::support_amr_wb(), support_amr_wb: 0
D/HTC Acoustic(  767): int android_audio_legacy::support_audience(), support_a1026: 0
I/HTC Acoustic(  767): open /system/etc/CodecDSPID.txt success.
I/HTC Acoustic(  767): Codec dsp mapping table version:  RUY_soundeffet_2011_0711
I/HTC Acoustic(  767): open /system/etc/soundimage/Sound_Phone_Original_HP.txt success.
I/HTC Acoustic(  767): (Phone_Default,/system/etc/soundimage/Sound_Phone_Original_HP.txt) with index 0
I/HTC Acoustic(  767): open /system/etc/soundimage/Sound_Original.txt success.
I/HTC Acoustic(  767): (Playback_Default,/system/etc/soundimage/Sound_Original.txt) with index 1
I/HTC Acoustic(  767): open /system/etc/soundimage/Sound_Original_SPK.txt success.
I/HTC Acoustic(  767): (Playback_Speaker_Default,/system/etc/soundimage/Sound_Original_SPK.txt) with index 2
I/HTC Acoustic(  767): open /system/etc/soundimage/Sound_Original_Recording.txt success.
I/HTC Acoustic(  767): (Record_Default,/system/etc/soundimage/Sound_Original_Recording.txt) with index 3
I/HTC Acoustic(  767): open /system/etc/soundimage/Sound_Phone_Original_REC.txt success.
I/HTC Acoustic(  767): (Phone_Handset_Dualmic,/system/etc/soundimage/Sound_Phone_Original_REC.txt) with index 4
I/HTC Acoustic(  767): open /system/etc/soundimage/Sound_Phone_Original_SPK.txt success.
I/HTC Acoustic(  767): (Phone_Speaker_Dualmic,/system/etc/soundimage/Sound_Phone_Original_SPK.txt) with index 5
I/HTC Acoustic(  767): open /system/etc/soundimage/Sound_Phone_Original_HP.txt success.
I/HTC Acoustic(  767): (Phone_Headset,/system/etc/soundimage/Sound_Phone_Original_HP.txt) with index 6
I/HTC Acoustic(  767): open /system/etc/soundimage/Sound_Phone_Original_REC.txt success.
D/Zygote  (  510): Process 725 exited cleanly (127)
I/Zygote  (  510): Exit zygote because system server (725) has terminated
I/HTC Acoustic(  767): (Phone_HAC,/system/etc/soundimage/Sound_Phone_Original_REC.txt) with index 7
I/HTC Acoustic(  767): open /system/etc/soundimage/Sound_Phone_Original_HP.txt success.
I/HTC Acoustic(  767): (Phone_TTY,/system/etc/soundimage/Sound_Phone_Original_HP.txt) with index 8
I/HTC Acoustic(  767): open /system/etc/soundimage/Sound_Recording.txt success.
I/HTC Acoustic(  767): (Record_V_Mono,/system/etc/soundimage/Sound_Recording.txt) with index 9
I/HTC Acoustic(  767): open /system/etc/soundimage/Sound_Rec_Landscape.txt success.
I/HTC Acoustic(  767): (Record_V_IMIC_Landscape_Stereo,/system/etc/soundimage/Sound_Rec_Landscape.txt) with index 10
I/HTC Acoustic(  767): open /system/etc/soundimage/Sound_Rec_Portrait.txt success.
I/ServiceManager(  121): service 'media.audio_flinger' died
I/ServiceManager(  121): service 'media.player' died
I/ServiceManager(  121): service 'media.camera' died
I/Netd    (  771): Netd 1.0 starting
W/InterfaceController(  771): Warning (Cannot load library: load_library(linker.cpp:771): library "/system/lib/libnetcmdiface.so" not found) while opening the net interface command library
D/AndroidRuntime(  772): 
D/AndroidRuntime(  772): >>>>>> AndroidRuntime START com.android.internal.os.ZygoteInit <<<<<<
D/AndroidRuntime(  772): CheckJNI is OFF
F/libc    (  123): @@@ ABORTING: LIBC: HEAP MEMORY CORRUPTION IN dlfree
F/libc    (  123): Fatal signal 11 (SIGSEGV) at 0xdeadbaad (code=1), thread 123 (akmd)
D/dalvikvm(  772): Trying to load lib libjavacore.so 0x0
I/mediaserver(  770): ServiceManager: 0xe42ed8
I/AudioFlinger(  770): Using default 3000 mSec as standby time.
E/MediaPlayerFactory(  770): Failed to open FACTORY_LIB Error : Cannot load library: load_library(linker.cpp:771): library "libdashplayer.so" not found 
I/CameraService(  770): CameraService started (pid=770)
D/dalvikvm(  772): Added shared lib libjavacore.so 0x0
V/CameraWrapper(  770): camera_get_number_of_cameras
V/CameraWrapper(  770): check_vendor_module
D/dalvikvm(  772): Trying to load lib libnativehelper.so 0x0
D/dalvikvm(  772): Added shared lib libnativehelper.so 0x0
D/QualcommCameraHardwareZSL(  770): int android::HAL_getNumberOfCameras(),return how many camera 2
I/AudioPolicyManagerBase(  770): loadAudioPolicyConfig() loaded /system/etc/audio_policy.conf
D/AudioHardwareMSM8660(  770): msm_mixer_open: Opening the device
D/AudioHardwareMSM8660(  770): msm_mixer_count:mixer_cnt =56
I/AudioHardwareMSM8660(  770): index = 0
I/AudioHardwareMSM8660(  770): Found device: handset_rx:index = 0,dev_id: 0
I/AudioHardwareMSM8660(  770): acdb ID = 7,class ID = 0,capablity = 5 for device 0
I/AudioHardwareMSM8660(  770): index = 1
I/AudioHardwareMSM8660(  770): Found device: handset_tx:index = 1,dev_id: 1
I/AudioHardwareMSM8660(  770): acdb ID = 4,class ID = 1,capablity = 6 for device 1
I/AudioHardwareMSM8660(  770): index = 2
I/AudioHardwareMSM8660(  770): Found device: speaker_stereo_rx:index = 2,dev_id: 2
I/AudioHardwareMSM8660(  770): acdb ID = 15,class ID = 0,capablity = 5 for device 2
I/AudioHardwareMSM8660(  770): index = 5
I/AudioHardwareMSM8660(  770): Found device: headset_mono_tx:index = 5,dev_id: 3
I/AudioHardwareMSM8660(  770): acdb ID = 8,class ID = 1,capablity = 6 for device 3
I/AudioHardwareMSM8660(  770): index = 3
I/AudioHardwareMSM8660(  770): Found device: speaker_mono_tx:index = 3,dev_id: 4
I/AudioHardwareMSM8660(  770): acdb ID = 11,class ID = 1,capablity = 6 for device 4
I/AudioHardwareMSM8660(  770): index = 4
I/AudioHardwareMSM8660(  770): Found device: headset_stereo_rx:index = 4,dev_id: 5
I/AudioHardwareMSM8660(  770): acdb ID = 10,class ID = 0,capablity = 5 for device 5
I/AudioHardwareMSM8660(  770): index = 12
I/AudioHardwareMSM8660(  770): Found device: tty_headset_mono_tx:index = 12,dev_id: 6
I/AudioHardwareMSM8660(  770): acdb ID = 16,class ID = 1,capablity = 38 for device 6
I/AudioHardwareMSM8660(  770): index = 11
I/AudioHardwareMSM8660(  770): Found device: tty_headset_mono_rx:index = 11,dev_id: 7
I/AudioHardwareMSM8660(  770): acdb ID = 17,class ID = 0,capablity = 37 for device 7
I/AudioHardwareMSM8660(  770): index = 8
I/AudioHardwareMSM8660(  770): Found device: fmradio_speaker_rx:index = 8,dev_id: 8
I/AudioHardwareMSM8660(  770): acdb ID = 255,class ID = 0,capablity = 17 for device 8
I/AudioHardwareMSM8660(  770): index = 7
I/AudioHardwareMSM8660(  770): Found device: fmradio_headset_rx:index = 7,dev_id: 9
I/AudioHardwareMSM8660(  770): acdb ID = 255,class ID = 0,capablity = 17 for device 9
I/AudioHardwareMSM8660(  770): index = 9
I/AudioHardwareMSM8660(  770): Found device: handset_dual_mic_endfire_tx:index = 9,dev_id: 10
I/AudioHardwareMSM8660(  770): acdb ID = 6,class ID = 1,capablity = 6 for device 10
I/AudioHardwareMSM8660(  770): index = 10
I/AudioHardwareMSM8660(  770): Found device: speaker_dual_mic_endfire_tx:index = 10,dev_id: 11
I/AudioHardwareMSM8660(  770): acdb ID = 13,class ID = 1,capablity = 6 for device 11
I/AudioHardwareMSM8660(  770): index = 13
I/AudioHardwareMSM8660(  770): Found device: headset_stereo_speaker_stereo_rx:index = 13,dev_id: 14
I/AudioHardwareMSM8660(  770): acdb ID = 255,class ID = 0,capablity = 5 for device 14
I/AudioHardwareMSM8660(  770): Not used device: headset_mono_rx
I/AudioHardwareMSM8660(  770): index = 13
I/AudioHardwareMSM8660(  770): Found device: headset_speaker_stereo_rx:index = 13,dev_id: 16
I/AudioHardwareMSM8660(  770): acdb ID = 255,class ID = 0,capablity = 5 for device 16
I/AudioHardwareMSM8660(  770): Not used device: back_mic_tx
I/AudioHardwareMSM8660(  770): index = 16
I/AudioHardwareMSM8660(  770): Found device: anc_headset_stereo_rx:index = 16,dev_id: 18
I/AudioHardwareMSM8660(  770): acdb ID = 26,class ID = 0,capablity = 69 for device 18
I/AudioHardwareMSM8660(  770): Not used device: dual_mic_stereo_tx
I/AudioHardwareMSM8660(  770): Not used device: hac_rx
I/AudioHardwareMSM8660(  770): Not used device: nomic_headset_tx
I/AudioHardwareMSM8660(  770): Not used device: nomic_headset_stereo_rx
I/AudioHardwareMSM8660(  770): Not used device: usb_headset_stereo_rx
I/AudioHardwareMSM8660(  770): Not used device: speaker_mono_rx
I/AudioHardwareMSM8660(  770): Not used device: camcorder_mono_tx
I/AudioHardwareMSM8660(  770): Not used device: camcorder_stereo_tx
I/AudioHardwareMSM8660(  770): Not used device: camcorder_stereo_rev_tx
I/AudioHardwareMSM8660(  770): Not used device: camcorder_headset_tx
I/AudioHardwareMSM8660(  770): Not used device: vr_handset_mono_tx
I/AudioHardwareMSM8660(  770): Not used device: vr_headset_mono_tx
I/AudioHardwareMSM8660(  770): Not used device: speaker_mono_alt_rx
I/AudioHardwareMSM8660(  770): Not used device: imic_note_tx
I/AudioHardwareMSM8660(  770): Not used device: ispkr_note_rx
I/AudioHardwareMSM8660(  770): Not used device: emic_note_tx
I/AudioHardwareMSM8660(  770): Not used device: headset_note_rx
I/AudioHardwareMSM8660(  770): index = 17
I/AudioHardwareMSM8660(  770): Found device: bt_sco_rx:index = 17,dev_id: 36
I/AudioHardwareMSM8660(  770): acdb ID = 22,class ID = 2,capablity = 5 for device 36
I/AudioHardwareMSM8660(  770): index = 18
I/AudioHardwareMSM8660(  770): Found device: bt_sco_tx:index = 18,dev_id: 37
I/AudioHardwareMSM8660(  770): acdb ID = 21,class ID = 3,capablity = 6 for device 37
I/AudioHardwareMSM8660(  770): index = 14
I/AudioHardwareMSM8660(  770): Found device: fmradio_stereo_tx:index = 14,dev_id: 38
I/AudioHardwareMSM8660(  770): acdb ID = 255,class ID = 7,capablity = 2 for device 38
I/AudioHardwareMSM8660(  770): index = 19
I/AudioHardwareMSM8660(  770): Found device: fmradio_stereo_rx:index = 19,dev_id: 39
I/AudioHardwareMSM8660(  770): acdb ID = 0,class ID = 6,capablity = 1 for device 39
I/AudioHardwareMSM8660(  770): Not used device: uplink_rx
I/AudioHardwareMSM8660(  770): index = 15
I/AudioHardwareMSM8660(  770): Found device: hdmi_stereo_rx:index = 15,dev_id: 41
I/AudioHardwareMSM8660(  770): acdb ID = 18,class ID = 8,capablity = 1 for device 41
I/HTC Acoustic(  770): libhtc_acoustic.so(8x60 platform) version 1.0.0.5
D/HTC Acoustic(  770): int android_audio_legacy::support_audience(), support_a1026: 0
I/HTC Acoustic(  770): Open /system/etc/AdieHWCodec.csv success.
D/HTC Acoustic(  770): PYRAMID_HTC_2010813
D/HTC Acoustic(  770): [1] dev_name = handset_rx_midi_48000
I/HTC Acoustic(  770): parse freq 48000
I/HTC Acoustic(  770): act_size=26, freq=48000
D/HTC Acoustic(  770): ioctl ACOUSTIC_UPDATE_ADIE success
D/HTC Acoustic(  770): [2] dev_name = handset_rx_voice_48000
I/HTC Acoustic(  770): parse freq 48000
I/HTC Acoustic(  770): act_size=26, freq=48000
D/HTC Acoustic(  770): ioctl ACOUSTIC_UPDATE_ADIE success
D/HTC Acoustic(  770): [3] dev_name = handset_tx_midi_8000
I/HTC Acoustic(  770): parse freq 8000
I/HTC Acoustic(  770): act_size=25, freq=8000
D/HTC Acoustic(  770): ioctl ACOUSTIC_UPDATE_ADIE success
D/HTC Acoustic(  770): [4] dev_name = handset_tx_voice_8000
I/HTC Acoustic(  770): parse freq 8000
I/HTC Acoustic(  770): act_size=25, freq=8000
D/HTC Acoustic(  770): ioctl ACOUSTIC_UPDATE_ADIE success
D/HTC Acoustic(  770): [5] dev_name = handset_tx_voice_16000
I/HTC Acoustic(  770): parse freq 16000
I/HTC Acoustic(  770): act_size=25, freq=16000
D/HTC Acoustic(  770): ioctl ACOUSTIC_UPDATE_ADIE success
D/HTC Acoustic(  770): [6] dev_name = handset_tx_midi_48000
I/HTC Acoustic(  770): parse freq 48000
I/HTC Acoustic(  770): act_size=25, freq=48000
D/HTC Acoustic(  770): ioctl ACOUSTIC_UPDATE_ADIE success
D/HTC Acoustic(  770): [7] dev_name = handset_tx_voice_48000
I/HTC Acoustic(  770): parse freq 48000
I/HTC Acoustic(  770): act_size=25, freq=48000
D/HTC Acoustic(  770): ioctl ACOUSTIC_UPDATE_ADIE success
D/HTC Acoustic(  770): [8] dev_name = headset_stereo_rx_midi_48000
I/HTC Acoustic(  770): parse freq 48000
I/HTC Acoustic(  770): act_size=28, freq=48000
D/HTC Acoustic(  770): ioctl ACOUSTIC_UPDATE_ADIE success
D/HTC Acoustic(  770): [9] dev_name = headset_stereo_rx_voice_48000
I/HTC Acoustic(  770): parse freq 48000
I/HTC Acoustic(  770): act_size=28, freq=48000
D/HTC Acoustic(  770): ioctl ACOUSTIC_UPDATE_ADIE success
D/HTC Acoustic(  770): [10] dev_name = headset_mono_tx_midi_8000
I/HTC Acoustic(  770): parse freq 8000
I/HTC Acoustic(  770): act_size=25, freq=8000
D/HTC Acoustic(  770): ioctl ACOUSTIC_UPDATE_ADIE success
D/HTC Acoustic(  770): [11] dev_name = headset_mono_tx_voice_8000
I/HTC Acoustic(  770): parse freq 8000
I/HTC Acoustic(  770): act_size=25, freq=8000
D/HTC Acoustic(  770): ioctl ACOUSTIC_UPDATE_ADIE success
D/HTC Acoustic(  770): [12] dev_name = headset_mono_tx_voice_16000
I/HTC Acoustic(  770): parse freq 16000
I/HTC Acoustic(  770): act_size=25, freq=16000
D/HTC Acoustic(  770): ioctl ACOUSTIC_UPDATE_ADIE success
D/HTC Acoustic(  770): [13] dev_name = headset_mono_tx_midi_48000
I/HTC Acoustic(  770): parse freq 48000
I/HTC Acoustic(  770): act_size=25, freq=48000
D/HTC Acoustic(  770): ioctl ACOUSTIC_UPDATE_ADIE success
D/HTC Acoustic(  770): [14] dev_name = headset_mono_tx_voice_48000
I/HTC Acoustic(  770): parse freq 48000
I/HTC Acoustic(  770): act_size=25, freq=48000
D/HTC Acoustic(  770): ioctl ACOUSTIC_UPDATE_ADIE success
D/HTC Acoustic(  770): [15] dev_name = speaker_mono_rx_midi_48000
I/HTC Acoustic(  770): parse freq 48000
I/HTC Acoustic(  770): act_size=25, freq=48000
D/HTC Acoustic(  770): ioctl ACOUSTIC_UPDATE_ADIE success
D/HTC Acoustic(  770): [16] dev_name = speaker_mono_rx_voice_48000
I/HTC Acoustic(  770): parse freq 48000
I/HTC Acoustic(  770): act_size=25, freq=48000
D/HTC Acoustic(  770): ioctl ACOUSTIC_UPDATE_ADIE success
D/HTC Acoustic(  770): [17] dev_name = speaker_mono_tx_midi_8000
I/HTC Acoustic(  770): parse freq 8000
I/HTC Acoustic(  770): act_size=25, freq=8000
D/HTC Acoustic(  770): ioctl ACOUSTIC_UPDATE_ADIE success
D/HTC Acoustic(  770): [18] dev_name = speaker_mono_tx_voice_8000
I/HTC Acoustic(  770): parse freq 8000
I/HTC Acoustic(  770): act_size=25, freq=8000
D/HTC Acoustic(  770): ioctl ACOUSTIC_UPDATE_ADIE success
D/HTC Acoustic(  770): [19] dev_name = speaker_mono_tx_voice_16000
I/HTC Acoustic(  770): parse freq 16000
I/HTC Acoustic(  770): act_size=25, freq=16000
D/HTC Acoustic(  770): ioctl ACOUSTIC_UPDATE_ADIE success
D/HTC Acoustic(  770): [20] dev_name = speaker_mono_tx_midi_48000
I/HTC Acoustic(  770): parse freq 48000
I/HTC Acoustic(  770): act_size=25, freq=48000
D/HTC Acoustic(  770): ioctl ACOUSTIC_UPDATE_ADIE success
D/HTC Acoustic(  770): [21] dev_name = speaker_mono_tx_voice_48000
I/HTC Acoustic(  770): parse freq 48000
I/HTC Acoustic(  770): act_size=25, freq=48000
D/HTC Acoustic(  770): ioctl ACOUSTIC_UPDATE_ADIE success
D/HTC Acoustic(  770): [22] dev_name = tty_headset_mono_rx_voice_8000
I/HTC Acoustic(  770): parse freq 8000
I/HTC Acoustic(  770): act_size=28, freq=8000
D/HTC Acoustic(  770): ioctl ACOUSTIC_UPDATE_ADIE success
D/HTC Acoustic(  770): [23] dev_name = tty_headset_mono_rx_voice_48000
I/HTC Acoustic(  770): parse freq 48000
I/HTC Acoustic(  770): act_size=28, freq=48000
D/HTC Acoustic(  770): ioctl ACOUSTIC_UPDATE_ADIE success
D/HTC Acoustic(  770): [24] dev_name = tty_headset_mono_tx_voice_8000
I/HTC Acoustic(  770): parse freq 8000
I/HTC Acoustic(  770): act_size=24, freq=8000
D/HTC Acoustic(  770): ioctl ACOUSTIC_UPDATE_ADIE success
D/HTC Acoustic(  770): [25] dev_name = tty_headset_mono_tx_voice_16000
I/HTC Acoustic(  770): parse freq 16000
I/HTC Acoustic(  770): act_size=24, freq=16000
D/HTC Acoustic(  770): ioctl ACOUSTIC_UPDATE_ADIE success
D/HTC Acoustic(  770): [26] dev_name = fmradio_headset_rx
I/HTC Acoustic(  770): act_size=18, freq=0
D/HTC Acoustic(  770): ioctl ACOUSTIC_UPDATE_ADIE success
D/HTC Acoustic(  770): [27] dev_name = fmradio_speaker_rx
I/HTC Acoustic(  770): act_size=18, freq=0
D/HTC Acoustic(  770): ioctl ACOUSTIC_UPDATE_ADIE success
D/HTC Acoustic(  770): [28] dev_name = headset_speaker_stereo_rx
I/HTC Acoustic(  770): parse freq 48000
I/HTC Acoustic(  770): act_size=33, freq=48000
D/HTC Acoustic(  770): ioctl ACOUSTIC_UPDATE_ADIE success
D/HTC Acoustic(  770): [29] dev_name = fmtx_headset
I/HTC Acoustic(  770): parse freq 48000
I/HTC Acoustic(  770): act_size=28, freq=48000
D/HTC Acoustic(  770): ioctl ACOUSTIC_UPDATE_ADIE success
I/HTC Acoustic(  770): Success on updating adie setting
I/HTC Acoustic(  770): open /system/etc/AudioBTID.csv success.
I/HTC Acoustic(  770): BT ID table version: PYD_HTC_20110310
I/HTC Acoustic(  770): TPA2051 CSV File Open From /system/etc/TPA2051_CFG.csv
I/HTC Acoustic(  770): open /system/etc/TPA2051_CFG.csv success.
D/HTC Acoustic(  770): int android_audio_legacy::support_codec_aic3254(), support_aic3254: 1
D/HTC Acoustic(  770): int android_audio_legacy::support_back_mic(), support_back_mic: 1
D/HTC Acoustic(  770): int android_audio_legacy::support_audience(), support_a1026: 0
D/HTC Acoustic(  770): failed to open file /system/etc/AIC3254_REG_MFG.csv: No such file or directory (2).
D/HTC Acoustic(  770): int android_audio_legacy::support_audience(), support_a1026: 0
D/HTC Acoustic(  770): failed to open file /system/etc/AIC3254_REG_MFG.txt: No such file or directory (2).
I/HTC Acoustic(  770): open /system/etc/AIC3254_REG_DualMic.csv success.
I/HTC Acoustic(  770): AIC3254 table version:  HTC_RUY_0711
D/HTC Acoustic(  770): int android_audio_legacy::support_audience(), support_a1026: 0
D/HTC Acoustic(  770): int android_audio_legacy::support_audience(), support_a1026: 0
D/HTC Acoustic(  770): AMR_WB not supported. /system/etc/CodecDSPID_WB.txt cannot be opened.
D/HTC Acoustic(  770): int android_audio_legacy::support_amr_wb(), support_amr_wb: 0
D/HTC Acoustic(  770): int android_audio_legacy::support_audience(), support_a1026: 0
I/HTC Acoustic(  770): open /system/etc/CodecDSPID.txt success.
I/HTC Acoustic(  770): Codec dsp mapping table version:  RUY_soundeffet_2011_0711
I/HTC Acoustic(  770): open /system/etc/soundimage/Sound_Phone_Original_HP.txt success.
I/HTC Acoustic(  770): (Phone_Default,/system/etc/soundimage/Sound_Phone_Original_HP.txt) with index 0
I/HTC Acoustic(  770): open /system/etc/soundimage/Sound_Original.txt success.
I/HTC Acoustic(  770): (Playback_Default,/system/etc/soundimage/Sound_Original.txt) with index 1
I/DEBUG   (  128): *** *** *** *** *** *** *** *** *** *** *** *** *** *** *** ***
I/DEBUG   (  128): Build fingerprint: 'tmous/htc_ruby/ruby:4.0.3/IML74K/373265.3:user/release-keys'
I/DEBUG   (  128): Revision: '4'
I/DEBUG   (  128): pid: 123, tid: 123, name: akmd  >>> /system/bin/akmd <<<
I/DEBUG   (  128): signal 11 (SIGSEGV), code 1 (SEGV_MAPERR), fault addr deadbaad
I/DEBUG   (  128):     r0 0000003b  r1 bead44c0  r2 00000003  r3 deadbaad
I/DEBUG   (  128):     r4 40060228  r5 00000000  r6 40057210  r7 40053863
I/DEBUG   (  128):     r8 01b2b178  r9 0000e743  sl 00011114  fp 0000e440
I/DEBUG   (  128):     ip 4005d2a4  sp bead44e8  lr 4003fbe9  pc 40024094  cpsr 000f0030
I/DEBUG   (  128):     d0  0000000000000000  d1  0000000000000000
I/DEBUG   (  128):     d2  0000000000000000  d3  0000000000000000
I/DEBUG   (  128):     d4  3ce83d70a3d70a3e  d5  0000000000000000
I/DEBUG   (  128):     d6  0000000000000000  d7  0000000000000000
I/DEBUG   (  128):     d8  0000000000000000  d9  0000000000000000
I/DEBUG   (  128):     d10 0000000000000000  d11 0000000000000000
I/DEBUG   (  128):     d12 0000000000000000  d13 0000000000000000
I/DEBUG   (  128):     d14 0000000000000000  d15 0000000000000000
I/DEBUG   (  128):     d16 0000000000000000  d17 4070000000000000
I/DEBUG   (  128):     d18 3fdffffedf096400  d19 3fe0000000000000
I/DEBUG   (  128):     d20 3fe00000907b4e00  d21 0000000000000000
I/DEBUG   (  128):     d22 0000000000000000  d23 0000000000000000
I/DEBUG   (  128):     d24 0000000000000000  d25 0000000000000000
I/DEBUG   (  128):     d26 0000000000000000  d27 0000000000000000
I/DEBUG   (  128):     d28 0000000000000000  d29 0000000000000000
I/DEBUG   (  128):     d30 0000000000000000  d31 0000000000000000
I/DEBUG   (  128):     scr 60000010
I/DEBUG   (  128): 
I/DEBUG   (  128): backtrace:
I/DEBUG   (  128):     #00  pc 0000f094  /system/lib/libc.so
I/DEBUG   (  128):     #01  pc 00011caf  /system/lib/libc.so (dlfree+1062)
I/DEBUG   (  128):     #02  pc 0000cfe1  /system/lib/libc.so (free+12)
I/DEBUG   (  128):     #03  pc 0001d17f  /system/lib/libc.so (fclose+82)
I/DEBUG   (  128):     #04  pc 0000133b  /system/bin/akmd
I/DEBUG   (  128):     #05  pc 00000f0d  /system/bin/akmd
I/DEBUG   (  128):     #06  pc 000127b7  /system/lib/libc.so (__libc_init+38)
I/DEBUG   (  128):     #07  pc 00004bdb  /system/bin/linker
I/DEBUG   (  128):     #08  pc 74737971  <unknown>
I/DEBUG   (  128): 
I/DEBUG   (  128): stack:
I/DEBUG   (  128):          bead44a8  00000001  
I/DEBUG   (  128):          bead44ac  40053863  /system/lib/libc.so
I/DEBUG   (  128):          bead44b0  01b2b178  [heap]
I/DEBUG   (  128):          bead44b4  4003fc53  /system/lib/libc.so
I/DEBUG   (  128):          bead44b8  000081a4  /system/bin/akmd
I/DEBUG   (  128):          bead44bc  00000007  
I/DEBUG   (  128):          bead44c0  bead44bc  [stack]
I/DEBUG   (  128):          bead44c4  00000001  
I/DEBUG   (  128):          bead44c8  40053476  /system/lib/libc.so
I/DEBUG   (  128):          bead44cc  00000005  
I/DEBUG   (  128):          bead44d0  bead44f4  [stack]
I/DEBUG   (  128):          bead44d4  00000035  
I/DEBUG   (  128):          bead44d8  40060228  
I/DEBUG   (  128):          bead44dc  00000000  
I/DEBUG   (  128):          bead44e0  df0027ad  
I/DEBUG   (  128):          bead44e4  00000000  
I/DEBUG   (  128):     #00  bead44e8  000007d0  
I/DEBUG   (  128):          bead44ec  4bd447ce  
I/DEBUG   (  128):          bead44f0  00000003  
I/DEBUG   (  128):          bead44f4  20404040  
I/DEBUG   (  128):          bead44f8  524f4241  
I/DEBUG   (  128):          bead44fc  474e4954  
I/DEBUG   (  128):          bead4500  494c203a  
I/DEBUG   (  128):          bead4504  203a4342  
I/DEBUG   (  128):          bead4508  50414548  
I/DEBUG   (  128):          bead450c  4d454d20  
I/DEBUG   (  128):          bead4510  2059524f  
I/DEBUG   (  128):          bead4514  52524f43  
I/DEBUG   (  128):          bead4518  49545055  
I/DEBUG   (  128):          bead451c  49204e4f  
I/DEBUG   (  128):          bead4520  6c64204e  
I/DEBUG   (  128):          bead4524  65657266  
I/DEBUG   (  128):          ........  ........
I/DEBUG   (  128):     #01  bead4610  40060408  
I/DEBUG   (  128):          bead4614  00000000  
I/DEBUG   (  128):          bead4618  40060da4  
I/DEBUG   (  128):          bead461c  0000e678  /system/bin/akmd
I/DEBUG   (  128):          bead4620  0000e440  /system/bin/akmd
I/DEBUG   (  128):          bead4624  40021fe3  /system/lib/libc.so (free+14)
I/DEBUG   (  128):     #02  bead4628  84000000  
I/DEBUG   (  128):          bead462c  40032183  /system/lib/libc.so (fclose+86)
I/DEBUG   (  128): 
I/DEBUG   (  128): memory near r1:
I/DEBUG   (  128):     bead44a0 40053476 bead44f4 00000001 40053863  
I/DEBUG   (  128):     bead44b0 01b2b178 4003fc53 000081a4 00000007  
I/DEBUG   (  128):     bead44c0 bead44bc 00000001 40053476 00000005  
I/DEBUG   (  128):     bead44d0 bead44f4 00000035 40060228 00000000  
I/DEBUG   (  128):     bead44e0 df0027ad 00000000 000007d0 4bd447ce  
I/DEBUG   (  128):     bead44f0 00000003 20404040 524f4241 474e4954  
I/DEBUG   (  128):     bead4500 494c203a 203a4342 50414548 4d454d20  
I/DEBUG   (  128):     bead4510 2059524f 52524f43 49545055 49204e4f  
I/DEBUG   (  128):     bead4520 6c64204e 65657266 bead4500 bead4544  
I/DEBUG   (  128):     bead4530 bead4584 bead4ac0 bead4540 00000000  
I/DEBUG   (  128):     bead4540 00000000 0000003d 00000000 00000000  
I/DEBUG   (  128):     bead4550 00000000 00000000 00000000 00000000  
I/DEBUG   (  128):     bead4560 00000000 00000000 00000000 00000000  
I/DEBUG   (  128):     bead4570 00000000 00000000 00000000 00000000  
I/DEBUG   (  128):     bead4580 00000000 7a2e4f41 00000000 00000000  
I/DEBUG   (  128):     bead4590 00000000 00000000 00000000 00000000  
I/HTC Acoustic(  770): open /system/etc/soundimage/Sound_Original_SPK.txt success.
I/DEBUG   (  128): 
I/DEBUG   (  128): memory near r4:
I/DEBUG   (  128):     40060208 00000000 00000000 00000000 00000000  
I/DEBUG   (  128):     40060218 00000000 00000000 00000000 00000000  
I/DEBUG   (  128):     40060228 4bd447ce 00000000 00000000 00000000  
I/DEBUG   (  128):     40060238 00000000 00000000 00000000 00000000  
I/DEBUG   (  128):     40060248 00000000 00000000 00000000 00000000  
I/DEBUG   (  128):     40060258 00000000 00000000 00000000 00000000  
I/DEBUG   (  128):     40060268 00000000 00000000 00000000 00000000  
I/DEBUG   (  128):     40060278 00000000 00000000 00000000 00000000  
I/DEBUG   (  128):     40060288 00000000 00000000 00000000 00000000  
I/DEBUG   (  128):     40060298 00000000 00000000 002907d1 00000000  
I/DEBUG   (  128):     400602a8 00000000 00000000 007b4001 00000000  
I/DEBUG   (  128):     400602b8 00000000 00000000 00004000 00000000  
I/DEBUG   (  128):     400602c8 00000000 00000000 00004000 00000000  
I/DEBUG   (  128):     400602d8 00000000 00000000 00004000 00000000  
I/DEBUG   (  128):     400602e8 00000000 00000000 00004000 00000000  
I/DEBUG   (  128):     400602f8 00000000 00000000 00004000 00000000  
I/DEBUG   (  128): 
I/DEBUG   (  128): memory near r6:
I/DEBUG   (  128):     400571f0 0a797261 79727400 6165725f 636f6c6c  
I/DEBUG   (  128):     40057200 7568635f 64006b6e 6c616d6c 00636f6c  
I/DEBUG   (  128):     40057210 72666c64 72006565 61656c65 755f6573  
I/DEBUG   (  128):     40057220 6573756e 65735f64 6e656d67 69007374  
I/DEBUG   (  128):     40057230 7265746e 5f6c616e 6b6c7562 6572665f  
I/DEBUG   (  128):     40057240 6d740065 6f6c6c61 6d735f63 006c6c61  
I/DEBUG   (  128):     40057250 5f646461 6d676573 00746e65 70736964  
I/DEBUG   (  128):     40057260 5f65736f 6e756863 6d74006b 6f6c6c61  
I/DEBUG   (  128):     40057270 616c5f63 00656772 70657270 5f646e65  
I/DEBUG   (  128):     40057280 6f6c6c61 74730063 206b6361 72726f63  
I/DEBUG   (  128):     40057290 69747075 64206e6f 63657465 3a646574  
I/DEBUG   (  128):     400572a0 6f626120 64657472 65726300 73007461  
I/DEBUG   (  128):     400572b0 72657465 75640072 61006c70 636f6c6c  
I/DEBUG   (  128):     400572c0 00746573 65657266 00746573 6d656f64  
I/DEBUG   (  128):     400572d0 70007469 6172625f 74656b63 64726f00  
I/DEBUG   (  128):     400572e0 72616e69 5f700079 6e756f63 5f700074  
I/DEBUG   (  128): 
I/DEBUG   (  128): memory near r7:
I/DEBUG   (  128):     40053840 20404040 524f4241 474e4954 494c203a  
I/DEBUG   (  128):     40053850 203a4342 4e492000 61200020 3d726464  
I/DEBUG   (  128):     40053860 48007830 20504145 4f4d454d 43205952  
I/DEBUG   (  128):     40053870 5552524f 4f495450 5241004e 454d5547  
I/DEBUG   (  128):     40053880 4920544e 4e492053 494c4156 45482044  
I/DEBUG   (  128):     40053890 41205041 45524444 6d005353 73207861  
I/DEBUG   (  128):     400538a0 65747379 7962206d 20736574 3125203d  
I/DEBUG   (  128):     400538b0 0a756c30 73797300 206d6574 65747962  
I/DEBUG   (  128):     400538c0 20202073 203d2020 6c303125 69000a75  
I/DEBUG   (  128):     400538d0 7375206e 79622065 20736574 20202020  
I/DEBUG   (  128):     400538e0 3125203d 0a756c30 72702f00 252f636f  
I/DEBUG   (  128):     400538f0 616d2f64 75007370 6f6e6b6e 2e006e77  
I/DEBUG   (  128):     40053900 70006f73 65726874 645f6461 67756265  
I/DEBUG   (  128):     40053910 20202000 20202020 23202020 64323025  
I/DEBUG   (  128):     40053920 63702020 38302520 2020786c 28207325  
I/DEBUG   (  128):     40053930 302b7325 29782578 20202000 20202020  
I/DEBUG   (  128): 
I/DEBUG   (  128): memory near r8:
I/DEBUG   (  128):     01b2b158 000002fa 00000000 ffffffff 00000008  
I/DEBUG   (  128):     01b2b168 00000000 00000000 00000000 0000100b  
I/DEBUG   (  128):     01b2b178 782e5341 32203d20 302e3635 30303030  
I/DEBUG   (  128):     01b2b188 53410a30 3d20792e 36353220 3030302e  
I/DEBUG   (  128):     01b2b198 0a303030 7a2e5341 32203d20 302e3635  
I/DEBUG   (  128):     01b2b1a8 30303030 4f410a30 3d20782e 302e3020  
I/DEBUG   (  128):     01b2b1b8 30303030 4f410a30 3d20792e 302e3020  
I/DEBUG   (  128):     01b2b1c8 30303030 4f410a30 3d207a2e 302e3020  
