I/DEBUG   (  128):     402aef10 f10dd1d7 eb0c0c88 f8500083 420e1c80  
I/DEBUG   (  128):     402aef20 3501d1d1 d0cc4545 462a6826 46204639  
I/DEBUG   (  128):     402aef30 32b4f8d6 68214798 46204606 47906bca  
I/DEBUG   (  128):     402aef40 28004631 e7bcd0d5 efe0f7a8 2b046803  
I/DEBUG   (  128):     402aef50 f7a8d0bf 4605efdc 68294620 35fff04f  
I/DEBUG   (  128):     402aef60 ede6f7a9 4903e7af 35fff04f f7a94479  
I/DEBUG   (  128):     402aef70 e7a8e816 00020ac0 230a4903 44794a03  
I/DEBUG   (  128):     402aef80 f7bc447a bf00bbf7 00020aba 0002cbe8  
I/DEBUG   (  128):     402aef90 f0034610 bf00bb51 43f8e92d 68064619  
I/DEBUG   (  128):     402aefa0 4604461d f8dd4691 9f098020 32acf8d6  
I/DEBUG   (  128):     402aefb0 eb074798 42810108 6826dc1a 46294620  
E/installd(  134): eof
E/installd(  134): failed to read size
I/installd(  134): closing connection
I/mediaserver( 1034): ServiceManager: 0x325ed8
I/AudioFlinger( 1034): Using default 3000 mSec as standby time.
E/MediaPlayerFactory( 1034): Failed to open FACTORY_LIB Error : Cannot load library: load_library(linker.cpp:771): library "libdashplayer.so" not found 
I/CameraService( 1034): CameraService started (pid=1034)
V/CameraWrapper( 1034): camera_get_number_of_cameras
V/CameraWrapper( 1034): check_vendor_module
I/ServiceManager(  121): service 'media.audio_flinger' died
I/ServiceManager(  121): service 'media.player' died
I/Netd    ( 1036): Netd 1.0 starting
W/InterfaceController( 1036): Warning (Cannot load library: load_library(linker.cpp:771): library "/system/lib/libnetcmdiface.so" not found) while opening the net interface command library
D/AndroidRuntime( 1037): 
D/AndroidRuntime( 1037): >>>>>> AndroidRuntime START com.android.internal.os.ZygoteInit <<<<<<
D/AndroidRuntime( 1037): CheckJNI is OFF
D/dalvikvm( 1037): Trying to load lib libjavacore.so 0x0
D/dalvikvm( 1037): Added shared lib libjavacore.so 0x0
D/dalvikvm( 1037): Trying to load lib libnativehelper.so 0x0
D/dalvikvm( 1037): Added shared lib libnativehelper.so 0x0
I/mediaserver( 1035): ServiceManager: 0x125bed8
I/AudioFlinger( 1035): Using default 3000 mSec as standby time.
E/MediaPlayerFactory( 1035): Failed to open FACTORY_LIB Error : Cannot load library: load_library(linker.cpp:771): library "libdashplayer.so" not found 
I/CameraService( 1035): CameraService started (pid=1035)
V/CameraWrapper( 1035): camera_get_number_of_cameras
V/CameraWrapper( 1035): check_vendor_module
D/QualcommCameraHardwareZSL( 1035): int android::HAL_getNumberOfCameras(),return how many camera 2
I/AudioPolicyManagerBase( 1035): loadAudioPolicyConfig() loaded /system/etc/audio_policy.conf
D/AudioHardwareMSM8660( 1035): msm_mixer_open: Opening the device
D/AudioHardwareMSM8660( 1035): msm_mixer_count:mixer_cnt =56
I/AudioHardwareMSM8660( 1035): index = 0
I/AudioHardwareMSM8660( 1035): Found device: handset_rx:index = 0,dev_id: 0
I/AudioHardwareMSM8660( 1035): acdb ID = 7,class ID = 0,capablity = 5 for device 0
I/AudioHardwareMSM8660( 1035): index = 1
I/AudioHardwareMSM8660( 1035): Found device: handset_tx:index = 1,dev_id: 1
I/AudioHardwareMSM8660( 1035): acdb ID = 4,class ID = 1,capablity = 6 for device 1
I/AudioHardwareMSM8660( 1035): index = 2
I/AudioHardwareMSM8660( 1035): Found device: speaker_stereo_rx:index = 2,dev_id: 2
I/AudioHardwareMSM8660( 1035): acdb ID = 15,class ID = 0,capablity = 5 for device 2
I/AudioHardwareMSM8660( 1035): index = 5
I/AudioHardwareMSM8660( 1035): Found device: headset_mono_tx:index = 5,dev_id: 3
I/AudioHardwareMSM8660( 1035): acdb ID = 8,class ID = 1,capablity = 6 for device 3
I/AudioHardwareMSM8660( 1035): index = 3
I/AudioHardwareMSM8660( 1035): Found device: speaker_mono_tx:index = 3,dev_id: 4
I/AudioHardwareMSM8660( 1035): acdb ID = 11,class ID = 1,capablity = 6 for device 4
I/AudioHardwareMSM8660( 1035): index = 4
I/AudioHardwareMSM8660( 1035): Found device: headset_stereo_rx:index = 4,dev_id: 5
I/AudioHardwareMSM8660( 1035): acdb ID = 10,class ID = 0,capablity = 5 for device 5
I/AudioHardwareMSM8660( 1035): index = 12
I/AudioHardwareMSM8660( 1035): Found device: tty_headset_mono_tx:index = 12,dev_id: 6
I/AudioHardwareMSM8660( 1035): acdb ID = 16,class ID = 1,capablity = 38 for device 6
I/AudioHardwareMSM8660( 1035): index = 11
I/AudioHardwareMSM8660( 1035): Found device: tty_headset_mono_rx:index = 11,dev_id: 7
I/AudioHardwareMSM8660( 1035): acdb ID = 17,class ID = 0,capablity = 37 for device 7
I/AudioHardwareMSM8660( 1035): index = 8
I/AudioHardwareMSM8660( 1035): Found device: fmradio_speaker_rx:index = 8,dev_id: 8
I/AudioHardwareMSM8660( 1035): acdb ID = 255,class ID = 0,capablity = 17 for device 8
I/AudioHardwareMSM8660( 1035): index = 7
I/AudioHardwareMSM8660( 1035): Found device: fmradio_headset_rx:index = 7,dev_id: 9
I/AudioHardwareMSM8660( 1035): acdb ID = 255,class ID = 0,capablity = 17 for device 9
I/AudioHardwareMSM8660( 1035): index = 9
I/AudioHardwareMSM8660( 1035): Found device: handset_dual_mic_endfire_tx:index = 9,dev_id: 10
I/AudioHardwareMSM8660( 1035): acdb ID = 6,class ID = 1,capablity = 6 for device 10
I/AudioHardwareMSM8660( 1035): index = 10
I/AudioHardwareMSM8660( 1035): Found device: speaker_dual_mic_endfire_tx:index = 10,dev_id: 11
I/AudioHardwareMSM8660( 1035): acdb ID = 13,class ID = 1,capablity = 6 for device 11
I/AudioHardwareMSM8660( 1035): index = 13
I/AudioHardwareMSM8660( 1035): Found device: headset_stereo_speaker_stereo_rx:index = 13,dev_id: 14
I/AudioHardwareMSM8660( 1035): acdb ID = 255,class ID = 0,capablity = 5 for device 14
I/AudioHardwareMSM8660( 1035): Not used device: headset_mono_rx
I/AudioHardwareMSM8660( 1035): index = 13
I/AudioHardwareMSM8660( 1035): Found device: headset_speaker_stereo_rx:index = 13,dev_id: 16
I/AudioHardwareMSM8660( 1035): acdb ID = 255,class ID = 0,capablity = 5 for device 16
I/AudioHardwareMSM8660( 1035): Not used device: back_mic_tx
I/AudioHardwareMSM8660( 1035): index = 16
I/AudioHardwareMSM8660( 1035): Found device: anc_headset_stereo_rx:index = 16,dev_id: 18
I/AudioHardwareMSM8660( 1035): acdb ID = 26,class ID = 0,capablity = 69 for device 18
I/AudioHardwareMSM8660( 1035): Not used device: dual_mic_stereo_tx
I/AudioHardwareMSM8660( 1035): Not used device: hac_rx
I/AudioHardwareMSM8660( 1035): Not used device: nomic_headset_tx
I/AudioHardwareMSM8660( 1035): Not used device: nomic_headset_stereo_rx
I/AudioHardwareMSM8660( 1035): Not used device: usb_headset_stereo_rx
I/AudioHardwareMSM8660( 1035): Not used device: speaker_mono_rx
I/AudioHardwareMSM8660( 1035): Not used device: camcorder_mono_tx
I/AudioHardwareMSM8660( 1035): Not used device: camcorder_stereo_tx
I/AudioHardwareMSM8660( 1035): Not used device: camcorder_stereo_rev_tx
I/AudioHardwareMSM8660( 1035): Not used device: camcorder_headset_tx
I/AudioHardwareMSM8660( 1035): Not used device: vr_handset_mono_tx
I/AudioHardwareMSM8660( 1035): Not used device: vr_headset_mono_tx
I/AudioHardwareMSM8660( 1035): Not used device: speaker_mono_alt_rx
I/AudioHardwareMSM8660( 1035): Not used device: imic_note_tx
I/AudioHardwareMSM8660( 1035): Not used device: ispkr_note_rx
I/AudioHardwareMSM8660( 1035): Not used device: emic_note_tx
I/AudioHardwareMSM8660( 1035): Not used device: headset_note_rx
I/AudioHardwareMSM8660( 1035): index = 17
I/AudioHardwareMSM8660( 1035): Found device: bt_sco_rx:index = 17,dev_id: 36
I/AudioHardwareMSM8660( 1035): acdb ID = 22,class ID = 2,capablity = 5 for device 36
I/AudioHardwareMSM8660( 1035): index = 18
I/AudioHardwareMSM8660( 1035): Found device: bt_sco_tx:index = 18,dev_id: 37
I/AudioHardwareMSM8660( 1035): acdb ID = 21,class ID = 3,capablity = 6 for device 37
I/AudioHardwareMSM8660( 1035): index = 14
I/AudioHardwareMSM8660( 1035): Found device: fmradio_stereo_tx:index = 14,dev_id: 38
I/AudioHardwareMSM8660( 1035): acdb ID = 255,class ID = 7,capablity = 2 for device 38
I/AudioHardwareMSM8660( 1035): index = 19
I/AudioHardwareMSM8660( 1035): Found device: fmradio_stereo_rx:index = 19,dev_id: 39
I/AudioHardwareMSM8660( 1035): acdb ID = 0,class ID = 6,capablity = 1 for device 39
I/AudioHardwareMSM8660( 1035): Not used device: uplink_rx
I/AudioHardwareMSM8660( 1035): index = 15
I/AudioHardwareMSM8660( 1035): Found device: hdmi_stereo_rx:index = 15,dev_id: 41
I/AudioHardwareMSM8660( 1035): acdb ID = 18,class ID = 8,capablity = 1 for device 41
I/HTC Acoustic( 1035): libhtc_acoustic.so(8x60 platform) version 1.0.0.5
D/HTC Acoustic( 1035): int android_audio_legacy::support_audience(), support_a1026: 0
I/HTC Acoustic( 1035): Open /system/etc/AdieHWCodec.csv success.
D/HTC Acoustic( 1035): PYRAMID_HTC_2010813
D/HTC Acoustic( 1035): [1] dev_name = handset_rx_midi_48000
I/HTC Acoustic( 1035): parse freq 48000
I/HTC Acoustic( 1035): act_size=26, freq=48000
D/HTC Acoustic( 1035): ioctl ACOUSTIC_UPDATE_ADIE success
D/HTC Acoustic( 1035): [2] dev_name = handset_rx_voice_48000
I/HTC Acoustic( 1035): parse freq 48000
I/HTC Acoustic( 1035): act_size=26, freq=48000
D/HTC Acoustic( 1035): ioctl ACOUSTIC_UPDATE_ADIE success
D/HTC Acoustic( 1035): [3] dev_name = handset_tx_midi_8000
I/HTC Acoustic( 1035): parse freq 8000
I/HTC Acoustic( 1035): act_size=25, freq=8000
D/HTC Acoustic( 1035): ioctl ACOUSTIC_UPDATE_ADIE success
D/HTC Acoustic( 1035): [4] dev_name = handset_tx_voice_8000
I/HTC Acoustic( 1035): parse freq 8000
I/HTC Acoustic( 1035): act_size=25, freq=8000
D/HTC Acoustic( 1035): ioctl ACOUSTIC_UPDATE_ADIE success
D/HTC Acoustic( 1035): [5] dev_name = handset_tx_voice_16000
I/HTC Acoustic( 1035): parse freq 16000
I/HTC Acoustic( 1035): act_size=25, freq=16000
D/HTC Acoustic( 1035): ioctl ACOUSTIC_UPDATE_ADIE success
D/HTC Acoustic( 1035): [6] dev_name = handset_tx_midi_48000
I/HTC Acoustic( 1035): parse freq 48000
I/HTC Acoustic( 1035): act_size=25, freq=48000
D/HTC Acoustic( 1035): ioctl ACOUSTIC_UPDATE_ADIE success
D/HTC Acoustic( 1035): [7] dev_name = handset_tx_voice_48000
I/HTC Acoustic( 1035): parse freq 48000
I/HTC Acoustic( 1035): act_size=25, freq=48000
D/HTC Acoustic( 1035): ioctl ACOUSTIC_UPDATE_ADIE success
D/HTC Acoustic( 1035): [8] dev_name = headset_stereo_rx_midi_48000
I/HTC Acoustic( 1035): parse freq 48000
I/HTC Acoustic( 1035): act_size=28, freq=48000
D/HTC Acoustic( 1035): ioctl ACOUSTIC_UPDATE_ADIE success
D/HTC Acoustic( 1035): [9] dev_name = headset_stereo_rx_voice_48000
I/HTC Acoustic( 1035): parse freq 48000
I/HTC Acoustic( 1035): act_size=28, freq=48000
D/HTC Acoustic( 1035): ioctl ACOUSTIC_UPDATE_ADIE success
D/HTC Acoustic( 1035): [10] dev_name = headset_mono_tx_midi_8000
I/HTC Acoustic( 1035): parse freq 8000
I/HTC Acoustic( 1035): act_size=25, freq=8000
D/HTC Acoustic( 1035): ioctl ACOUSTIC_UPDATE_ADIE success
D/HTC Acoustic( 1035): [11] dev_name = headset_mono_tx_voice_8000
I/HTC Acoustic( 1035): parse freq 8000
I/HTC Acoustic( 1035): act_size=25, freq=8000
D/HTC Acoustic( 1035): ioctl ACOUSTIC_UPDATE_ADIE success
D/HTC Acoustic( 1035): [12] dev_name = headset_mono_tx_voice_16000
I/HTC Acoustic( 1035): parse freq 16000
I/HTC Acoustic( 1035): act_size=25, freq=16000
D/HTC Acoustic( 1035): ioctl ACOUSTIC_UPDATE_ADIE success
D/HTC Acoustic( 1035): [13] dev_name = headset_mono_tx_midi_48000
I/HTC Acoustic( 1035): parse freq 48000
I/HTC Acoustic( 1035): act_size=25, freq=48000
D/HTC Acoustic( 1035): ioctl ACOUSTIC_UPDATE_ADIE success
D/HTC Acoustic( 1035): [14] dev_name = headset_mono_tx_voice_48000
I/HTC Acoustic( 1035): parse freq 48000
I/HTC Acoustic( 1035): act_size=25, freq=48000
D/HTC Acoustic( 1035): ioctl ACOUSTIC_UPDATE_ADIE success
D/HTC Acoustic( 1035): [15] dev_name = speaker_mono_rx_midi_48000
I/HTC Acoustic( 1035): parse freq 48000
I/HTC Acoustic( 1035): act_size=25, freq=48000
D/HTC Acoustic( 1035): ioctl ACOUSTIC_UPDATE_ADIE success
D/HTC Acoustic( 1035): [16] dev_name = speaker_mono_rx_voice_48000
I/HTC Acoustic( 1035): parse freq 48000
I/HTC Acoustic( 1035): act_size=25, freq=48000
D/HTC Acoustic( 1035): ioctl ACOUSTIC_UPDATE_ADIE success
D/HTC Acoustic( 1035): [17] dev_name = speaker_mono_tx_midi_8000
I/HTC Acoustic( 1035): parse freq 8000
I/HTC Acoustic( 1035): act_size=25, freq=8000
D/HTC Acoustic( 1035): ioctl ACOUSTIC_UPDATE_ADIE success
D/HTC Acoustic( 1035): [18] dev_name = speaker_mono_tx_voice_8000
I/HTC Acoustic( 1035): parse freq 8000
I/HTC Acoustic( 1035): act_size=25, freq=8000
D/HTC Acoustic( 1035): ioctl ACOUSTIC_UPDATE_ADIE success
D/HTC Acoustic( 1035): [19] dev_name = speaker_mono_tx_voice_16000
I/HTC Acoustic( 1035): parse freq 16000
I/HTC Acoustic( 1035): act_size=25, freq=16000
D/HTC Acoustic( 1035): ioctl ACOUSTIC_UPDATE_ADIE success
D/HTC Acoustic( 1035): [20] dev_name = speaker_mono_tx_midi_48000
I/HTC Acoustic( 1035): parse freq 48000
I/HTC Acoustic( 1035): act_size=25, freq=48000
D/HTC Acoustic( 1035): ioctl ACOUSTIC_UPDATE_ADIE success
D/HTC Acoustic( 1035): [21] dev_name = speaker_mono_tx_voice_48000
I/HTC Acoustic( 1035): parse freq 48000
I/HTC Acoustic( 1035): act_size=25, freq=48000
D/HTC Acoustic( 1035): ioctl ACOUSTIC_UPDATE_ADIE success
D/HTC Acoustic( 1035): [22] dev_name = tty_headset_mono_rx_voice_8000
I/HTC Acoustic( 1035): parse freq 8000
I/HTC Acoustic( 1035): act_size=28, freq=8000
D/HTC Acoustic( 1035): ioctl ACOUSTIC_UPDATE_ADIE success
D/HTC Acoustic( 1035): [23] dev_name = tty_headset_mono_rx_voice_48000
I/HTC Acoustic( 1035): parse freq 48000
I/HTC Acoustic( 1035): act_size=28, freq=48000
D/HTC Acoustic( 1035): ioctl ACOUSTIC_UPDATE_ADIE success
D/HTC Acoustic( 1035): [24] dev_name = tty_headset_mono_tx_voice_8000
I/HTC Acoustic( 1035): parse freq 8000
I/HTC Acoustic( 1035): act_size=24, freq=8000
D/HTC Acoustic( 1035): ioctl ACOUSTIC_UPDATE_ADIE success
D/HTC Acoustic( 1035): [25] dev_name = tty_headset_mono_tx_voice_16000
I/HTC Acoustic( 1035): parse freq 16000
I/HTC Acoustic( 1035): act_size=24, freq=16000
D/HTC Acoustic( 1035): ioctl ACOUSTIC_UPDATE_ADIE success
D/HTC Acoustic( 1035): [26] dev_name = fmradio_headset_rx
I/HTC Acoustic( 1035): act_size=18, freq=0
D/HTC Acoustic( 1035): ioctl ACOUSTIC_UPDATE_ADIE success
D/HTC Acoustic( 1035): [27] dev_name = fmradio_speaker_rx
I/HTC Acoustic( 1035): act_size=18, freq=0
D/HTC Acoustic( 1035): ioctl ACOUSTIC_UPDATE_ADIE success
D/HTC Acoustic( 1035): [28] dev_name = headset_speaker_stereo_rx
I/HTC Acoustic( 1035): parse freq 48000
I/HTC Acoustic( 1035): act_size=33, freq=48000
D/HTC Acoustic( 1035): ioctl ACOUSTIC_UPDATE_ADIE success
D/HTC Acoustic( 1035): [29] dev_name = fmtx_headset
I/HTC Acoustic( 1035): parse freq 48000
I/HTC Acoustic( 1035): act_size=28, freq=48000
D/HTC Acoustic( 1035): ioctl ACOUSTIC_UPDATE_ADIE success
I/HTC Acoustic( 1035): Success on updating adie setting
I/HTC Acoustic( 1035): open /system/etc/AudioBTID.csv success.
I/HTC Acoustic( 1035): BT ID table version: PYD_HTC_20110310
I/HTC Acoustic( 1035): TPA2051 CSV File Open From /system/etc/TPA2051_CFG.csv
I/HTC Acoustic( 1035): open /system/etc/TPA2051_CFG.csv success.
D/HTC Acoustic( 1035): int android_audio_legacy::support_codec_aic3254(), support_aic3254: 1
D/HTC Acoustic( 1035): int android_audio_legacy::support_back_mic(), support_back_mic: 1
D/HTC Acoustic( 1035): int android_audio_legacy::support_audience(), support_a1026: 0
D/HTC Acoustic( 1035): failed to open file /system/etc/AIC3254_REG_MFG.csv: No such file or directory (2).
D/HTC Acoustic( 1035): int android_audio_legacy::support_audience(), support_a1026: 0
D/HTC Acoustic( 1035): failed to open file /system/etc/AIC3254_REG_MFG.txt: No such file or directory (2).
I/HTC Acoustic( 1035): open /system/etc/AIC3254_REG_DualMic.csv success.
I/HTC Acoustic( 1035): AIC3254 table version:  HTC_RUY_0711
D/HTC Acoustic( 1035): int android_audio_legacy::support_audience(), support_a1026: 0
D/HTC Acoustic( 1035): int android_audio_legacy::support_audience(), support_a1026: 0
D/HTC Acoustic( 1035): AMR_WB not supported. /system/etc/CodecDSPID_WB.txt cannot be opened.
D/HTC Acoustic( 1035): int android_audio_legacy::support_amr_wb(), support_amr_wb: 0
D/HTC Acoustic( 1035): int android_audio_legacy::support_audience(), support_a1026: 0
I/HTC Acoustic( 1035): open /system/etc/CodecDSPID.txt success.
I/HTC Acoustic( 1035): Codec dsp mapping table version:  RUY_soundeffet_2011_0711
I/HTC Acoustic( 1035): open /system/etc/soundimage/Sound_Phone_Original_HP.txt success.
I/HTC Acoustic( 1035): (Phone_Default,/system/etc/soundimage/Sound_Phone_Original_HP.txt) with index 0
I/HTC Acoustic( 1035): open /system/etc/soundimage/Sound_Original.txt success.
I/HTC Acoustic( 1035): (Playback_Default,/system/etc/soundimage/Sound_Original.txt) with index 1
I/HTC Acoustic( 1035): open /system/etc/soundimage/Sound_Original_SPK.txt success.
I/HTC Acoustic( 1035): (Playback_Speaker_Default,/system/etc/soundimage/Sound_Original_SPK.txt) with index 2
I/HTC Acoustic( 1035): open /system/etc/soundimage/Sound_Original_Recording.txt success.
I/HTC Acoustic( 1035): (Record_Default,/system/etc/soundimage/Sound_Original_Recording.txt) with index 3
I/HTC Acoustic( 1035): open /system/etc/soundimage/Sound_Phone_Original_REC.txt success.
I/HTC Acoustic( 1035): (Phone_Handset_Dualmic,/system/etc/soundimage/Sound_Phone_Original_REC.txt) with index 4
I/HTC Acoustic( 1035): open /system/etc/soundimage/Sound_Phone_Original_SPK.txt success.
D/AK8975  (  807): Compass CLOSE 
I/HTC Acoustic( 1035): (Phone_Speaker_Dualmic,/system/etc/soundimage/Sound_Phone_Original_SPK.txt) with index 5
I/HTC Acoustic( 1035): open /system/etc/soundimage/Sound_Phone_Original_HP.txt success.
I/HTC Acoustic( 1035): (Phone_Headset,/system/etc/soundimage/Sound_Phone_Original_HP.txt) with index 6
I/HTC Acoustic( 1035): open /system/etc/soundimage/Sound_Phone_Original_REC.txt success.
I/SamplingProfilerIntegration( 1037): Profiling disabled.
I/HTC Acoustic( 1035): (Phone_HAC,/system/etc/soundimage/Sound_Phone_Original_REC.txt) with index 7
I/HTC Acoustic( 1035): open /system/etc/soundimage/Sound_Phone_Original_HP.txt success.
I/Zygote  ( 1037): Preloading classes...
I/HTC Acoustic( 1035): (Phone_TTY,/system/etc/soundimage/Sound_Phone_Original_HP.txt) with index 8
I/HTC Acoustic( 1035): open /system/etc/soundimage/Sound_Recording.txt success.
D/dalvikvm( 1037): GC_EXPLICIT freed 36K, 9% free 427K/468K, paused 4ms+1ms, total 6ms
I/HTC Acoustic( 1035): (Record_V_Mono,/system/etc/soundimage/Sound_Recording.txt) with index 9
I/HTC Acoustic( 1035): open /system/etc/soundimage/Sound_Rec_Landscape.txt success.
D/dalvikvm( 1037): GC_EXPLICIT freed 3K, 5% free 495K/520K, paused 0ms+0ms, total 2ms
I/HTC Acoustic( 1035): (Record_V_IMIC_Landscape_Stereo,/system/etc/soundimage/Sound_Rec_Landscape.txt) with index 10
I/HTC Acoustic( 1035): open /system/etc/soundimage/Sound_Rec_Portrait.txt success.
D/dalvikvm( 1037): Note: class Landroid/app/ActivityManagerNative; has 157 unimplemented (abstract) methods
I/HTC Acoustic( 1035): (Record_V_IMIC_Protrait_Stereo,/system/etc/soundimage/Sound_Rec_Portrait.txt) with index 11
I/HTC Acoustic( 1035): open /system/etc/soundimage/Sound_Recording.txt success.
D/dalvikvm( 1037): GC_EXPLICIT freed 21K, 5% free 534K/560K, paused 0ms+1ms, total 6ms
I/HTC Acoustic( 1035): (Record_A_IMIC_Mono,/system/etc/soundimage/Sound_Recording.txt) with index 12
I/HTC Acoustic( 1035): open /system/etc/soundimage/Sound_Recording.txt success.
D/dalvikvm( 1037): GC_EXPLICIT freed 26K, 5% free 562K/592K, paused 0ms+0ms, total 6ms
I/HTC Acoustic( 1035): (Record_A_EMIC_Mono,/system/etc/soundimage/Sound_Recording.txt) with index 13
I/HTC Acoustic( 1035): htc_effect_mask = 0xfbfe
D/HTC Acoustic( 1035): int android_audio_legacy::support_back_mic(), support_back_mic: 1
I/AudioHardwareMSM8660( 1035): Set master volume to 7.
I/AudioFlinger( 1035): loadHwModule() Loaded primary audio interface from QCOM Audio HW HAL (audio) handle 1
I/AudioFlinger( 1035): HAL output buffer size 1200 frames, normal mix buffer size 1200 frames
I/AudioMixer( 1035): found effect "Multichannel Downmix To Stereo" from The Android Open Source Project
I/AudioFlinger( 1035): Using module 1 has the primary audio interface
D/AudioHardwareInterface( 1035): setMode(NORMAL)
I/AudioFlinger( 1035): AudioFlinger's thread 0x1265668 ready to run
W/AudioFlinger( 1035): Thread AudioOut_2 cannot connect to the power manager service
I/AudioHardwareMSM8660( 1035): Routing audio to Speakerphone
D/AudioHardwareMSM8660( 1035): aic3254_config: device 1 enabled 1
D/AudioHardwareMSM8660( 1035): aic3254_config: loading effect Playback_Default
I/HTC Acoustic( 1035): set_audio_effect: Playback_Default
I/HTC Acoustic( 1035): set_audio_effect: match with name Playback_Default (1)
I/HTC Acoustic( 1035): found enabled DSP firmwares and return 0
D/AudioHardwareMSM8660( 1035): do_aic3254_control device: 1 mode: 0 record: 0
D/dalvikvm( 1037): GC_EXPLICIT freed 18K, 4% free 612K/636K, paused 0ms+1ms, total 6ms
I/AudioHardwareMSM8660( 1035): aic3254 powered off
D/AudioHardwareMSM8660( 1035): new_rx = 2
D/AudioHardwareMSM8660( 1035): new_tx = 4
D/AudioHardwareMSM8660( 1035): updateDeviceInfo() called for default case
D/AudioHardwareMSM8660( 1035): updateDeviceInfo: E
D/AudioHardwareMSM8660( 1035): simple device switch
D/AudioHardwareMSM8660( 1035): update TPA2051_SET_MODE to mode 4 success
D/AudioHardwareMSM8660( 1035): AudioStreamOutMSM8x60::standby()
E/AudioHardwareMSM8660( 1035):  unknown stream 
I/audio_a2dp_hw( 1035): adev_open:  adev_open in A2dp_hw module
I/AudioFlinger( 1035): loadHwModule() Loaded a2dp audio interface from A2DP Audio HW HAL (audio) handle 3
I/AudioPolicyService( 1035): Loaded audio policy from QCOM Audio Policy HAL (audio_policy)
D/dalvikvm( 1037): GC_EXPLICIT freed 25K, 5% free 640K/668K, paused 1ms+1ms, total 4ms
D/dalvikvm( 1037): GC_EXPLICIT freed 60K, 9% free 732K/796K, paused 1ms+1ms, total 5ms
D/dalvikvm( 1037): GC_EXPLICIT freed 31K, 5% free 757K/796K, paused 1ms+1ms, total 5ms
D/TextLayoutCache( 1037): Using debug level = 0 - Debug Enabled = 0
I/dalvikvm( 1037): threadid=1: recursive native library load attempt (/system/lib/libmedia_jni.so)
D/MtpDeviceJNI( 1037): register_android_mtp_MtpDevice
I/dalvikvm( 1037): threadid=1: recursive native library load attempt (/system/lib/libmedia_jni.so)
I/dalvikvm( 1037): threadid=1: recursive native library load attempt (/system/lib/libmedia_jni.so)
D/dalvikvm( 1037): GC_EXPLICIT freed 22K, 3% free 799K/824K, paused 0ms+0ms, total 5ms
D/dalvikvm( 1037): GC_EXPLICIT freed 15K, 2% free 842K/860K, paused 0ms+1ms, total 5ms
D/dalvikvm( 1037): GC_EXPLICIT freed 489K, 28% free 1278K/1772K, paused 1ms+1ms, total 11ms
D/dalvikvm( 1037): GC_EXPLICIT freed 30K, 27% free 1303K/1772K, paused 1ms+1ms, total 9ms
D/dalvikvm( 1037): GC_EXPLICIT freed 12K, 21% free 1401K/1772K, paused 1ms+1ms, total 10ms
D/TelephonyManager( 1037): No /proc/cmdline exception=java.io.FileNotFoundException: /proc/cmdline: open failed: EACCES (Permission denied)
D/TelephonyManager( 1037): /proc/cmdline=
D/dalvikvm( 1037): GC_EXPLICIT freed 23K, 19% free 1463K/1804K, paused 1ms+1ms, total 10ms
D/MDnsDS  ( 1036): MDnsSdListener::Hander starting up
D/MDnsDS  ( 1036): MDnsSdListener starting to monitor
D/MDnsDS  ( 1036): Going to poll with pollCount 1
D/dalvikvm( 1037): GC_EXPLICIT freed 47K, 4% free 1746K/1804K, paused 1ms+1ms, total 13ms
D/dalvikvm( 1037): GC_EXPLICIT freed 33K, 3% free 1780K/1824K, paused 1ms+1ms, total 13ms
D/dalvikvm( 1037): GC_EXPLICIT freed 31K, 2% free 1803K/1840K, paused 1ms+1ms, total 13ms
D/dalvikvm( 1037): GC_EXPLICIT freed 27K, 2% free 1829K/1860K, paused 2ms+1ms, total 14ms
I/dalvikvm( 1037): threadid=1: recursive native library load attempt (/system/lib/libwebcore.so)
D/dalvikvm( 1037): No JNI_OnLoad found in /system/lib/libchromium_net.so 0x0, skipping init
D/dalvikvm( 1037): GC_EXPLICIT freed 20K, 2% free 1862K/1888K, paused 2ms+2ms, total 14ms
D/dalvikvm( 1037): GC_EXPLICIT freed 26K, 2% free 1890K/1920K, paused 1ms+1ms, total 13ms
D/dalvikvm( 1037): GC_EXPLICIT freed 27K, 2% free 1918K/1948K, paused 2ms+1ms, total 14ms
D/dalvikvm( 1037): GC_EXPLICIT freed 27K, 2% free 1946K/1976K, paused 1ms+1ms, total 14ms
D/dalvikvm( 1037): GC_EXPLICIT freed 31K, 2% free 1968K/2004K, paused 1ms+2ms, total 14ms
D/dalvikvm( 1037): GC_EXPLICIT freed 28K, 2% free 1995K/2028K, paused 1ms+1ms, total 14ms
D/dalvikvm( 1037): GC_EXPLICIT freed 29K, 2% free 2021K/2052K, paused 2ms+2ms, total 15ms
D/dalvikvm( 1037): GC_EXPLICIT freed 39K, 2% free 2038K/2080K, paused 1ms+2ms, total 15ms
D/dalvikvm( 1037): GC_EXPLICIT freed 41K, 3% free 2053K/2096K, paused 1ms+1ms, total 14ms
D/dalvikvm( 1037): GC_EXPLICIT freed 40K, 3% free 2066K/2112K, paused 1ms+1ms, total 15ms
D/dalvikvm( 1037): GC_EXPLICIT freed 17K, 1% free 2127K/2148K, paused 1ms+1ms, total 15ms
D/dalvikvm( 1037): GC_EXPLICIT freed 51K, 3% free 2159K/2212K, paused 2ms+2ms, total 16ms
D/dalvikvm( 1037): GC_EXPLICIT freed 29K, 2% free 2186K/2220K, paused 1ms+1ms, total 16ms
D/dalvikvm( 1037): GC_EXPLICIT freed 37K, 2% free 2202K/2244K, paused 1ms+1ms, total 16ms
D/dalvikvm( 1037): GC_EXPLICIT freed 31K, 2% free 2225K/2260K, paused 1ms+1ms, total 16ms
I/Zygote  ( 1037): ...preloaded 2541 classes in 1224ms.
D/dalvikvm( 1037): GC_EXPLICIT freed 23K, 2% free 2230K/2260K, paused 2ms+1ms, total 16ms
I/Zygote  ( 1037): Preload resources disabled, skipped.
D/dalvikvm( 1037): GC_EXPLICIT freed <1K, 2% free 2229K/2260K, paused 1ms+2ms, total 16ms
D/dalvikvm( 1037): GC_EXPLICIT freed <1K, 2% free 2229K/2260K, paused 1ms+2ms, total 16ms
D/dalvikvm( 1037): GC_EXPLICIT freed <1K, 2% free 2229K/2260K, paused 2ms+2ms, total 16ms
I/dalvikvm( 1037): System server process 1252 has been created
I/Zygote  ( 1037): Accepting command socket connections
I/sysproc ( 1252): Entered system_init()
I/sysproc ( 1252): ServiceManager: 0x15ae798
D/SensorService( 1252): nuSensorService starting...
D/Sensors ( 1252): Opening sensors...
D/Sensors ( 1252): Panasonic Gyro eanble, buf  (112)
D/Sensors ( 1252): Panasonic open_sensors
D/Sensors ( 1252): init_nusensors
D/Sensors ( 1252): sensors_pana_poll_context_t::sensors_pana_poll_context_t 
D/Sensors ( 1252): Creating Proximity Sensor...
D/Sensors ( 1252): Creating Proximity Sensor..., mEnabled = 0
D/Sensors ( 1252): AkmSensor::AkmSensor(), htc
D/Sensors ( 1252): akm:Read ECS_IOCTL_APP_GET_AFLAG flags 1556452584 
D/Sensors ( 1252): akm: Read ECS_IOCTL_APP_GET_MVFLAG flags 1556452584 
D/Sensors ( 1252): akm:Read ECS_IOCTL_APP_GET_MFLAG flags 1556452584 
D/AK8975  (  807): Compass Start
D/Sensors ( 1252): Read Control from akm-Sensor EWHAL_IOCTL_GET_CONTROL is error at AkmSensor , control = 1
D/Sensors ( 1252): sensors_pana_poll_context_t::sensors_pana_poll_context_t => new GyroSensor() 
D/AK8975  (  807): Ignore M_Sensor: (y, p, r) = (   0,    3,  256), Status = 0
D/Sensors ( 1252): GyroSensor::GyroSensor()
D/Sensors ( 1252): GyroSensor mEnabled 0
D/Sensors ( 1252): sensors_pana_poll_context_t::sensors_pana_poll_context_t => leave 
D/Sensors ( 1252): Panasonic Gyro eanble, buf  (112)
D/Sensors ( 1252): sensors_pana_poll_context_t::activate_pana 
D/Sensors ( 1252): AkmSensor::enable htc, handle :0
D/Sensors ( 1252): Enable akm: en = 0, mEnabled 1
D/Sensors ( 1252): Enable akm: newState = 0, (uint32_t(newState)<<what) 0, (mEnabled & (1<<what)1
D/Sensors ( 1252): Enable akm: , what = 0
D/Sensors ( 1252): Enable akm: , cmd = 0x4002a113
D/Sensors ( 1252): Enable akm: , mEnabled = 0x0, flags= 0x0 
D/Sensors ( 1252): update_delay akm:htc, mEnabled0 
D/Sensors ( 1252): Enable akm: , mEnabled = 0x0
D/Sensors ( 1252): Enable akm: ORIENTATION_Activate 0, MAGNETIC_FIELD_Activate 0, ACCELEROMETER_Activate 0
D/Sensors ( 1252): Enable akm: ROTATIONVECTOR_Activate 0, LINEAR_ACCELERATION_Activate 0, GRAVITY_Activate 0
D/Sensors ( 1252): AkmSensor::set delay to default !! 
D/Sensors ( 1252): EWHAL_IOCTL_SET_CONTROL akm-Sensor at enable ,control 0xbed09444
D/Sensors ( 1252): sensors_pana_poll_context_t::activate_pana 
D/Sensors ( 1252): AkmSensor::enable htc, handle :1
D/Sensors ( 1252): Enable akm: en = 0, mEnabled 0
D/Sensors ( 1252): Enable akm: newState = 0, (uint32_t(newState)<<what) 0, (mEnabled & (1<<what)0
D/Sensors ( 1252): sensors_pana_poll_context_t::activate_pana 
D/Sensors ( 1252): AkmSensor::enable htc, handle :2
D/Sensors ( 1252): Enable akm: en = 0, mEnabled 0
D/Sensors ( 1252): Enable akm: newState = 0, (uint32_t(newState)<<what) 0, (mEnabled & (1<<what)0
D/Sensors ( 1252): sensors_pana_poll_context_t::activate_pana 
D/Sensors ( 1252): GyroSensor::enable :handle 0x6, mEnabled = 0
D/Sensors ( 1252): GyroSensor::enable :what 0x6
D/Sensors ( 1252): sensors_pana_poll_context_t::activate_pana 
D/Sensors ( 1252): AkmSensor::enable htc, handle :3
D/Sensors ( 1252): AkmSensor::enable htc, ID_ROTATION_VECTOR :3
D/Sensors ( 1252): Enable akm: en = 0, mEnabled 0
D/Sensors ( 1252): Enable akm: newState = 0, (uint32_t(newState)<<what) 0, (mEnabled & (1<<what)0
D/Sensors ( 1252): sensors_pana_poll_context_t::activate_pana 
D/Sensors ( 1252): AkmSensor::enable htc, handle :4
D/Sensors ( 1252): Enable akm: en = 0, mEnabled 0
D/Sensors ( 1252): Enable akm: newState = 0, (uint32_t(newState)<<what) 0, (mEnabled & (1<<what)0
D/Sensors ( 1252): sensors_pana_poll_context_t::activate_pana 
D/Sensors ( 1252): AkmSensor::enable htc, handle :5
D/Sensors ( 1252): Enable akm: en = 0, mEnabled 0
D/Sensors ( 1252): Enable akm: newState = 0, (uint32_t(newState)<<what) 0, (mEnabled & (1<<what)0
D/Sensors ( 1252): sensors_pana_poll_context_t::activate_pana 
D/Sensors ( 1252): Enabling Proximity Sensor..., mEnabled = 1, new state = 0
D/Sensors ( 1252): Enabling Proximity Sensor..., mEnabled = 0
D/Sensors ( 1252): sensors_pana_poll_context_t::activate_pana 
D/Sensors ( 1252): Panasonic Gyro eanble, buf  (112)
I/SensorService( 1252): Panasonic 3-axis Acceleration sensor
I/SensorService( 1252): Panasonic 3-axis Magnetic Field sensor
I/SensorService( 1252): Panasonic Orientation sensor
I/SensorService( 1252): Panasonic Gyroscope sensor
I/SensorService( 1252): Panasonic Rotation Vector
I/SensorService( 1252): Panasonic Linear Acceleration
I/SensorService( 1252): Panasonic Gravity
I/SensorService( 1252): CM3602 Proximity sensor
I/SensorService( 1252): CM3602 Light sensor
D/Sensors ( 1252): Panasonic Gyro eanble, buf  (112)
D/Sensors ( 1252): Panasonic Gyro eanble, buf  (112)
I/sysproc ( 1252): System server: starting Android runtime.
D/SensorService( 1252): nuSensorService thread starting...
I/sysproc ( 1252): System server: starting Android services.
I/sysproc ( 1252): System server: entering thread pool.
I/SystemServer( 1252): Entered the Android system server!
I/installd(  134): new connection
I/SystemServer( 1252): Enabled StrictMode logging for UI Looper
I/SystemServer( 1252): Waiting for installd to be ready.
I/Installer( 1252): connecting...
I/SystemServer( 1252): Entropy Mixer
I/SystemServer( 1252): Enabled StrictMode logging for WM Looper
I/SystemServer( 1252): Power Manager
I/SystemServer( 1252): Activity Manager
I/ActivityManager( 1252): Memory class: 96
D/AK8975  (  807): Compass CLOSE 
I/SystemServer( 1252): Display Manager
I/ActivityManager( 1252): Enabled StrictMode logging for AThread's Looper
I/DisplayManagerService( 1252): Display device added: DisplayDeviceInfo{"Built-in Screen": 540 x 960, -1.0E9 fps, density 240, 258.79245 x 256.67368 dpi, touch INTERNAL, FLAG_DEFAULT_DISPLAY, FLAG_ROTATES_WITH_CONTENT, FLAG_SECURE, FLAG_SUPPORTS_PROTECTED_BUFFERS, rotation 0, type BUILT_IN, address null}
I/SystemServer( 1252): Telephony Registry
I/SystemServer( 1252): Scheduling Policy
I/SystemServer( 1252): Package Manager
W/PackageManager( 1252): Library not found: /system/framework/com.android.nfc_extras.jar
W/PackageParser( 1252): No actions in intent filter at /system/app/Bluetooth.apk Binary XML file line #207
W/PackageParser( 1252): No actions in intent filter at /system/app/Bluetooth.apk Binary XML file line #234
W/PackageParser( 1252): No actions in intent filter at /system/app/Contacts.apk Binary XML file line #546
W/PackageParser( 1252): Unknown element under <application>: permission at /system/app/Gallery2.apk Binary XML file line #220
W/ResourceType( 1252): Failure getting entry for 0x7f040018 (t=3 e=24) in package 0 (error -75)
W/ResourceType( 1252): Failure getting entry for 0x7f040018 (t=3 e=24) in package 0 (error -75)
W/PackageParser( 1252): Unknown element under <application>: permission at /system/app/Gallery2.apk Binary XML file line #223
W/PackageManager( 1252): Permission group android.permission-group.SUPERUSER from package com.koushikdutta.superuser ignored: original from com.android.settings
W/PackageParser( 1252): Unknown element under <intent-filter>: android at /system/app/SystemUI.apk Binary XML file line #114
I/PackageManager( 1252): Package com.google.android.talk at /system/app/Talk.apk ignored: updated version 678017 better than this 330
D/zipro   ( 1252): Zip: EOCD not found, /system/app/Torch.apk is not zip
D/asset   ( 1252): failed to open Zip archive '/system/app/Torch.apk'
D/asset   ( 1252): failed to open Zip archive '/system/app/UserDictionaryProvider.apk'
D/asset   ( 1252): failed to open Zip archive '/system/app/VoiceSearchStub.apk'
W/PackageParser( 1252): Unable to read AndroidManifest.xml of /system/app/Torch.apk
W/PackageParser( 1252): java.io.FileNotFoundException: AndroidManifest.xml
W/PackageParser( 1252): 	at android.content.res.AssetManager.openXmlAssetNative(Native Method)
W/PackageParser( 1252): 	at android.content.res.AssetManager.openXmlBlockAsset(AssetManager.java:521)
W/PackageParser( 1252): 	at android.content.res.AssetManager.openXmlResourceParser(AssetManager.java:477)
W/PackageParser( 1252): 	at android.content.pm.PackageParser.parsePackage(PackageParser.java:536)
W/PackageParser( 1252): 	at com.android.server.pm.PackageManagerService.scanPackageLI(PackageManagerService.java:3271)
W/PackageParser( 1252): 	at com.android.server.pm.PackageManagerService.scanDirLI(PackageManagerService.java:3195)
W/PackageParser( 1252): 	at com.android.server.pm.PackageManagerService.<init>(PackageManagerService.java:1180)
W/PackageParser( 1252): 	at com.android.server.pm.PackageManagerService.main(PackageManagerService.java:950)
W/PackageParser( 1252): 	at com.android.server.ServerThread.run(SystemServer.java:269)
W/PackageParser( 1252): Unable to read AndroidManifest.xml of /system/app/UserDictionaryProvider.apk
W/PackageParser( 1252): java.io.FileNotFoundException: AndroidManifest.xml
W/PackageParser( 1252): 	at android.content.res.AssetManager.openXmlAssetNative(Native Method)
W/PackageParser( 1252): 	at android.content.res.AssetManager.openXmlBlockAsset(AssetManager.java:521)
W/PackageParser( 1252): 	at android.content.res.AssetManager.openXmlResourceParser(AssetManager.java:477)
W/PackageParser( 1252): 	at android.content.pm.PackageParser.parsePackage(PackageParser.java:536)
W/PackageParser( 1252): 	at com.android.server.pm.PackageManagerService.scanPackageLI(PackageManagerService.java:3271)
W/PackageParser( 1252): 	at com.android.server.pm.PackageManagerService.scanDirLI(PackageManagerService.java:3195)
W/PackageParser( 1252): 	at com.android.server.pm.PackageManagerService.<init>(PackageManagerService.java:1180)
W/PackageParser( 1252): 	at com.android.server.pm.PackageManagerService.main(PackageManagerService.java:950)
W/PackageParser( 1252): 	at com.android.server.ServerThread.run(SystemServer.java:269)
W/PackageParser( 1252): Unable to read AndroidManifest.xml of /system/app/VoiceSearchStub.apk
W/PackageParser( 1252): java.io.FileNotFoundException: AndroidManifest.xml
W/PackageParser( 1252): 	at android.content.res.AssetManager.openXmlAssetNative(Native Method)
W/PackageParser( 1252): 	at android.content.res.AssetManager.openXmlBlockAsset(AssetManager.java:521)
W/PackageParser( 1252): 	at android.content.res.AssetManager.openXmlResourceParser(AssetManager.java:477)
W/PackageParser( 1252): 	at android.content.pm.PackageParser.parsePackage(PackageParser.java:536)
W/PackageParser( 1252): 	at com.android.server.pm.PackageManagerService.scanPackageLI(PackageManagerService.java:3271)
W/PackageParser( 1252): 	at com.android.server.pm.PackageManagerService.scanDirLI(PackageManagerService.java:3195)
W/PackageParser( 1252): 	at com.android.server.pm.PackageManagerService.<init>(PackageManagerService.java:1180)
W/PackageParser( 1252): 	at com.android.server.pm.PackageManagerService.main(PackageManagerService.java:950)
W/PackageParser( 1252): 	at com.android.server.ServerThread.run(SystemServer.java:269)
D/asset   ( 1252): failed to open Zip archive '/system/app/WAPPushManager.apk'
D/asset   ( 1252): failed to open Zip archive '/system/app/Wallpapers.apk'
D/PackageManager( 1252): No files in app dir /vendor/app
D/asset   ( 1252): failed to open Zip archive '/data/app/obg1.PhotafPro-1.apk'
W/PackageParser( 1252): Unable to read AndroidManifest.xml of /system/app/WAPPushManager.apk
W/PackageParser( 1252): java.io.FileNotFoundException: AndroidManifest.xml
W/PackageParser( 1252): 	at android.content.res.AssetManager.openXmlAssetNative(Native Method)
W/PackageParser( 1252): 	at android.content.res.AssetManager.openXmlBlockAsset(AssetManager.java:521)
W/PackageParser( 1252): 	at android.content.res.AssetManager.openXmlResourceParser(AssetManager.java:477)
W/PackageParser( 1252): 	at android.content.pm.PackageParser.parsePackage(PackageParser.java:536)
W/PackageParser( 1252): 	at com.android.server.pm.PackageManagerService.scanPackageLI(PackageManagerService.java:3271)
W/PackageParser( 1252): 	at com.android.server.pm.PackageManagerService.scanDirLI(PackageManagerService.java:3195)
W/PackageParser( 1252): 	at com.android.server.pm.PackageManagerService.<init>(PackageManagerService.java:1180)
W/PackageParser( 1252): 	at com.android.server.pm.PackageManagerService.main(PackageManagerService.java:950)
W/PackageParser( 1252): 	at com.android.server.ServerThread.run(SystemServer.java:269)
W/PackageParser( 1252): Unable to read AndroidManifest.xml of /system/app/Wallpapers.apk
W/PackageParser( 1252): java.io.FileNotFoundException: AndroidManifest.xml
W/PackageParser( 1252): 	at android.content.res.AssetManager.openXmlAssetNative(Native Method)
W/PackageParser( 1252): 	at android.content.res.AssetManager.openXmlBlockAsset(AssetManager.java:521)
W/PackageParser( 1252): 	at android.content.res.AssetManager.openXmlResourceParser(AssetManager.java:477)
W/PackageParser( 1252): 	at android.content.pm.PackageParser.parsePackage(PackageParser.java:536)
W/PackageParser( 1252): 	at com.android.server.pm.PackageManagerService.scanPackageLI(PackageManagerService.java:3271)
W/PackageParser( 1252): 	at com.android.server.pm.PackageManagerService.scanDirLI(PackageManagerService.java:3195)
W/PackageParser( 1252): 	at com.android.server.pm.PackageManagerService.<init>(PackageManagerService.java:1180)
W/PackageParser( 1252): 	at com.android.server.pm.PackageManagerService.main(PackageManagerService.java:950)
W/PackageParser( 1252): 	at com.android.server.ServerThread.run(SystemServer.java:269)
W/ResourceType( 1252): Bad string block: last style is not 0xFFFFFFFF-terminated
W/zipro   ( 1252): didn't find signature at start of lfh; wanted: offset=69470 data=0x04034b50; got: data=0x00000000
W/asset   ( 1252): create map from entry failed
D/asset   ( 1252): failed to open Zip archive '/data/app/com.google.android.gm-1.apk'
W/zipro   ( 1252): Missed a central dir sig (at 0)
D/asset   ( 1252): failed to open Zip archive '/data/app/com.estrongs.android.pop-1.apk'
W/PackageParser( 1252): Unable to read AndroidManifest.xml of /data/app/obg1.PhotafPro-1.apk
W/PackageParser( 1252): java.io.FileNotFoundException: AndroidManifest.xml
W/PackageParser( 1252): 	at android.content.res.AssetManager.openXmlAssetNative(Native Method)
W/PackageParser( 1252): 	at android.content.res.AssetManager.openXmlBlockAsset(AssetManager.java:521)
W/PackageParser( 1252): 	at android.content.res.AssetManager.openXmlResourceParser(AssetManager.java:477)
W/PackageParser( 1252): 	at android.content.pm.PackageParser.parsePackage(PackageParser.java:536)
W/PackageParser( 1252): 	at com.android.server.pm.PackageManagerService.scanPackageLI(PackageManagerService.java:3271)
W/PackageParser( 1252): 	at com.android.server.pm.PackageManagerService.scanDirLI(PackageManagerService.java:3195)
W/PackageParser( 1252): 	at com.android.server.pm.PackageManagerService.<init>(PackageManagerService.java:1261)
W/PackageParser( 1252): 	at com.android.server.pm.PackageManagerService.main(PackageManagerService.java:950)
W/PackageParser( 1252): 	at com.android.server.ServerThread.run(SystemServer.java:269)
W/PackageParser( 1252): Unable to read AndroidManifest.xml of /data/app/com.nolanlawson.logcat-1.apk
W/PackageParser( 1252): java.io.FileNotFoundException: AndroidManifest.xml
W/PackageParser( 1252): 	at android.content.res.AssetManager.openXmlAssetNative(Native Method)
W/PackageParser( 1252): 	at android.content.res.AssetManager.openXmlBlockAsset(AssetManager.java:521)
W/PackageParser( 1252): 	at android.content.res.AssetManager.openXmlResourceParser(AssetManager.java:477)
W/PackageParser( 1252): 	at android.content.pm.PackageParser.parsePackage(PackageParser.java:536)
W/PackageParser( 1252): 	at com.android.server.pm.PackageManagerService.scanPackageLI(PackageManagerService.java:3271)
W/PackageParser( 1252): 	at com.android.server.pm.PackageManagerService.scanDirLI(PackageManagerService.java:3195)
W/PackageParser( 1252): 	at com.android.server.pm.PackageManagerService.<init>(PackageManagerService.java:1261)
W/PackageParser( 1252): 	at com.android.server.pm.PackageManagerService.main(PackageManagerService.java:950)
W/PackageParser( 1252): 	at com.android.server.ServerThread.run(SystemServer.java:269)
W/PackageParser( 1252): Unable to read AndroidManifest.xml of /data/app/com.google.android.gm-1.apk
W/PackageParser( 1252): java.io.FileNotFoundException: AndroidManifest.xml
W/PackageParser( 1252): 	at android.content.res.AssetManager.openXmlAssetNative(Native Method)
W/PackageParser( 1252): 	at android.content.res.AssetManager.openXmlBlockAsset(AssetManager.java:521)
W/PackageParser( 1252): 	at android.content.res.AssetManager.openXmlResourceParser(AssetManager.java:477)
W/PackageParser( 1252): 	at android.content.pm.PackageParser.parsePackage(PackageParser.java:536)
W/PackageParser( 1252): 	at com.android.server.pm.PackageManagerService.scanPackageLI(PackageManagerService.java:3271)
W/PackageParser( 1252): 	at com.android.server.pm.PackageManagerService.scanDirLI(PackageManagerService.java:3195)
W/PackageParser( 1252): 	at com.android.server.pm.PackageManagerService.<init>(PackageManagerService.java:1261)
W/PackageParser( 1252): 	at com.android.server.pm.PackageManagerService.main(PackageManagerService.java:950)
W/PackageParser( 1252): 	at com.android.server.ServerThread.run(SystemServer.java:269)
W/PackageParser( 1252): Unable to read AndroidManifest.xml of /data/app/com.estrongs.android.pop-1.apk
W/PackageParser( 1252): java.io.FileNotFoundException: AndroidManifest.xml
W/PackageParser( 1252): 	at android.content.res.AssetManager.openXmlAssetNative(Native Method)
W/PackageParser( 1252): 	at android.content.res.AssetManager.openXmlBlockAsset(AssetManager.java:521)
W/PackageParser( 1252): 	at android.content.res.AssetManager.openXmlResourceParser(AssetManager.java:477)
W/PackageParser( 1252): 	at android.content.pm.PackageParser.parsePackage(PackageParser.java:536)
W/PackageParser( 1252): 	at com.android.server.pm.PackageManagerService.scanPackageLI(PackageManagerService.java:3271)
W/PackageParser( 1252): 	at com.android.server.pm.PackageManagerService.scanDirLI(PackageManagerService.java:3195)
W/PackageParser( 1252): 	at com.android.server.pm.PackageManagerService.<init>(PackageManagerService.java:1261)
W/PackageParser( 1252): 	at com.android.server.pm.PackageManagerService.main(PackageManagerService.java:950)
W/PackageParser( 1252): 	at com.android.server.ServerThread.run(SystemServer.java:269)
I/PackageManager( 1252): /data/app/com.koushikdutta.superuser-1.apk changed; collecting certs
W/PackageManager( 1252): Application package com.koushikdutta.superuser already installed.  Skipping duplicate.
I/PackageManager( 1252): /data/app/com.android.vending-1.apk changed; collecting certs
D/dalvikvm( 1252): GC_CONCURRENT freed 5149K, 50% free 5265K/10452K, paused 3ms+6ms, total 51ms
D/dalvikvm( 1252): WAIT_FOR_CONCURRENT_GC blocked 28ms
D/dalvikvm( 1252): GC_FOR_ALLOC freed 1139K, 55% free 4708K/10452K, paused 28ms, total 28ms
D/dalvikvm( 1252): GC_CONCURRENT freed 933K, 45% free 5822K/10452K, paused 3ms+2ms, total 57ms
D/dalvikvm( 1252): WAIT_FOR_CONCURRENT_GC blocked 14ms
D/dalvikvm( 1252): GC_CONCURRENT freed 2072K, 45% free 5791K/10452K, paused 7ms+2ms, total 54ms
D/dalvikvm( 1252): WAIT_FOR_CONCURRENT_GC blocked 36ms
D/dalvikvm( 1252): GC_CONCURRENT freed 2038K, 45% free 5801K/10452K, paused 2ms+2ms, total 38ms
D/dalvikvm( 1252): WAIT_FOR_CONCURRENT_GC blocked 13ms
D/dalvikvm( 1252): GC_CONCURRENT freed 2024K, 45% free 5819K/10452K, paused 2ms+2ms, total 44ms
D/dalvikvm( 1252): WAIT_FOR_CONCURRENT_GC blocked 39ms
D/dalvikvm( 1252): GC_CONCURRENT freed 2031K, 45% free 5835K/10452K, paused 2ms+3ms, total 39ms
D/dalvikvm( 1252): WAIT_FOR_CONCURRENT_GC blocked 13ms
D/dalvikvm( 1252): GC_CONCURRENT freed 2016K, 44% free 5863K/10452K, paused 2ms+2ms, total 45ms
D/dalvikvm( 1252): WAIT_FOR_CONCURRENT_GC blocked 40ms
W/PackageManager( 1252): Application package com.android.vending already installed.  Skipping duplicate.
I/PackageManager( 1252): /data/app/com.google.android.gms-2.apk changed; collecting certs
D/dalvikvm( 1252): GC_CONCURRENT freed 1488K, 40% free 6374K/10452K, paused 2ms+13ms, total 41ms
D/dalvikvm( 1252): GC_CONCURRENT freed 3290K, 51% free 5132K/10452K, paused 6ms+2ms, total 57ms
D/dalvikvm( 1252): WAIT_FOR_CONCURRENT_GC blocked 37ms
D/dalvikvm( 1252): GC_CONCURRENT freed 2016K, 51% free 5160K/10452K, paused 3ms+3ms, total 36ms
D/dalvikvm( 1252): WAIT_FOR_CONCURRENT_GC blocked 15ms
D/dalvikvm( 1252): GC_CONCURRENT freed 2014K, 51% free 5193K/10452K, paused 1ms+3ms, total 48ms
D/dalvikvm( 1252): WAIT_FOR_CONCURRENT_GC blocked 40ms
W/PackageManager( 1252): Application package com.google.android.gms already installed.  Skipping duplicate.
W/PackageManager( 1252): Package com.csipsimple has activity com.csipsimple.ui.SipHome with priority > 0, forcing to 0
W/PackageManager( 1252): Package com.csipsimple has activity com.csipsimple.ui.SipHome with priority > 0, forcing to 0
W/PackageManager( 1252): Package com.csipsimple has activity com.csipsimple.ui.SipHome with priority > 0, forcing to 0
W/PackageManager( 1252): Package com.csipsimple has activity com.csipsimple.ui.SipHome with priority > 0, forcing to 0
W/PackageManager( 1252): Package com.csipsimple has activity com.csipsimple.ui.SipHome with priority > 0, forcing to 0
W/PackageManager( 1252): Package com.csipsimple has activity com.csipsimple.ui.outgoingcall.OutgoingCallChooser with priority > 0, forcing to 0
W/PackageManager( 1252): Package com.csipsimple has activity com.csipsimple.ui.incall.InCallActivity with priority > 0, forcing to 0
W/PackageManager( 1252): Package com.klinker.android.messaging_donate desires unavailable shared library com.sec.android.app.multiwindow; ignoring!
I/BATT_RUB(  136): Ruby_get_batt_index adc_battid: 3812, vref: 14881 htc_batt->hv_battery=1
I/BATT_RUB(  136): Ruby_get_batt_index adc_battid: 3812, vref: 14881 htc_batt->hv_battery=1
I/BATT_RUB(  136): pd_M:0, MBAT_pd:4221, I_MBAT:33, pd_temp:0
I/BATT_RUB(  136): sff Ruby_calculate_level, forced_discharge_algo:0
I/BATT_ALG(  136): batt_alg_overtemp_check:temp:375, isOver_temp:0
I/BATT_ALG(  136): set_battery_voltage_alarm level=100, alarm_config=25, batt_alarm_config=25
I/BATT_ALG(  136): vol=4221;curr=33;dis_curr=0;temp=375;id=2;level=100;chg_src=1;chg_en=1;ov_chg=0;isOver_temp=0;timer=60;safety_count=60
D/dalvikvm( 1252): DexOpt: incorrect opt magic number (0x00 00 00 00)
D/asset   ( 1252): failed to open Zip archive '/data/app/com.vicino.theme.ElegantGreen-1.apk'
W/PackageParser( 1252): Unable to read AndroidManifest.xml of /data/app/com.vicino.theme.ElegantGreen-1.apk
W/PackageParser( 1252): java.io.FileNotFoundException: AndroidManifest.xml
W/PackageParser( 1252): 	at android.content.res.AssetManager.openXmlAssetNative(Native Method)
W/PackageParser( 1252): 	at android.content.res.AssetManager.openXmlBlockAsset(AssetManager.java:521)
W/PackageParser( 1252): 	at android.content.res.AssetManager.openXmlResourceParser(AssetManager.java:477)
W/PackageParser( 1252): 	at android.content.pm.PackageParser.parsePackage(PackageParser.java:536)
W/PackageParser( 1252): 	at com.android.server.pm.PackageManagerService.scanPackageLI(PackageManagerService.java:3271)
W/PackageParser( 1252): 	at com.android.server.pm.PackageManagerService.scanDirLI(PackageManagerService.java:3195)
W/PackageParser( 1252): 	at com.android.server.pm.PackageManagerService.<init>(PackageManagerService.java:1261)
W/PackageParser( 1252): 	at com.android.server.pm.PackageManagerService.main(PackageManagerService.java:950)
W/PackageParser( 1252): 	at com.android.server.ServerThread.run(SystemServer.java:269)
W/PackageParser( 1252): No actions in intent filter at /data/app/com.brianco.quotesfordashclock-1.apk Binary XML file line #48
W/PackageParser( 1252): No actions in intent filter at /data/app/com.brianco.protipsfordashclock-1.apk Binary XML file line #34
I/PackageManager( 1252): /data/app/com.google.android.googlequicksearchbox-1.apk changed; collecting certs
D/dalvikvm( 1252): GC_CONCURRENT freed 1291K, 44% free 5950K/10452K, paused 3ms+10ms, total 61ms
D/dalvikvm( 1252): WAIT_FOR_CONCURRENT_GC blocked 21ms
D/dalvikvm( 1252): GC_CONCURRENT freed 2467K, 48% free 5455K/10452K, paused 2ms+1ms, total 46ms
D/dalvikvm( 1252): WAIT_FOR_CONCURRENT_GC blocked 43ms
D/dalvikvm( 1252): GC_CONCURRENT freed 942K, 38% free 6561K/10452K, paused 3ms+2ms, total 62ms
D/dalvikvm( 1252): WAIT_FOR_CONCURRENT_GC blocked 20ms
D/dalvikvm( 1252): GC_CONCURRENT freed 1975K, 37% free 6633K/10452K, paused 6ms+2ms, total 62ms
D/dalvikvm( 1252): WAIT_FOR_CONCURRENT_GC blocked 40ms
