D/dalvikvm( 1252): GC_CONCURRENT freed 2018K, 37% free 6660K/10452K, paused 2ms+2ms, total 52ms
D/dalvikvm( 1252): WAIT_FOR_CONCURRENT_GC blocked 24ms
D/dalvikvm( 1252): GC_CONCURRENT freed 2042K, 37% free 6665K/10452K, paused 1ms+2ms, total 52ms
D/dalvikvm( 1252): WAIT_FOR_CONCURRENT_GC blocked 45ms
D/dalvikvm( 1252): GC_CONCURRENT freed 2020K, 36% free 6689K/10452K, paused 1ms+3ms, total 51ms
D/dalvikvm( 1252): WAIT_FOR_CONCURRENT_GC blocked 43ms
D/dalvikvm( 1252): GC_CONCURRENT freed 2031K, 36% free 6701K/10452K, paused 4ms+3ms, total 53ms
D/dalvikvm( 1252): WAIT_FOR_CONCURRENT_GC blocked 44ms
D/dalvikvm( 1252): GC_CONCURRENT freed 2028K, 36% free 6716K/10452K, paused 2ms+2ms, total 47ms
D/dalvikvm( 1252): WAIT_FOR_CONCURRENT_GC blocked 27ms
D/dalvikvm( 1252): GC_CONCURRENT freed 2018K, 36% free 6741K/10452K, paused 7ms+3ms, total 57ms
D/dalvikvm( 1252): WAIT_FOR_CONCURRENT_GC blocked 43ms
W/PackageManager( 1252): Application package com.google.android.googlequicksearchbox already installed.  Skipping duplicate.
W/PackageManager( 1252): Package com.mxtech.videoplayer.ad desires unavailable shared library com.sec.android.app.multiwindow; ignoring!
W/PackageManager( 1252): Package com.google.android.calendar has activity com.android.calendar.GoogleCalendarUriIntentFilter with priority > 0, forcing to 0
I/PackageManager( 1252): Time to scan packages: 9.254 seconds
W/PackageManager( 1252): Unknown permission android.permission.ADD_SYSTEM_SERVICE in package com.android.phone
W/PackageManager( 1252): Unknown permission com.android.smspush.WAPPUSH_MANAGER_BIND in package com.android.phone
W/PackageManager( 1252): Unknown permission com.android.vending.billing.IBillingAccountService.BIND2 in package com.google.android.gsf.login
W/PackageManager( 1252): Unknown permission com.android.chrome.TOS_ACKED in package com.google.android.gsf.login
W/PackageManager( 1252): Unknown permission com.android.email.permission.ACCESS_PROVIDER in package com.android.bluetooth
W/PackageManager( 1252): Unknown permission com.android.email.permission.READ_ATTACHMENT in package com.android.bluetooth
W/PackageManager( 1252): Unknown permission com.google.android.gallery3d.permission.GALLERY_PROVIDER in package com.android.bluetooth
W/PackageManager( 1252): Unknown permission android.permission.MMS_PUSH in package com.android.bluetooth
W/PackageManager( 1252): Not granting permission android.permission.BIND_APPWIDGET to package com.teslacoilsw.launcher (protectionLevel=18 flags=0x48be44)
W/PackageManager( 1252): Unknown permission com.htc.launcher.permission.READ_SETTINGS in package com.teslacoilsw.launcher
W/PackageManager( 1252): Unknown permission com.cyanogenmod.trebuchet.permission.READ_SETTINGS in package com.teslacoilsw.launcher
W/PackageManager( 1252): Unknown permission org.adw.launcher.permission.READ_SETTINGS in package com.teslacoilsw.launcher
W/PackageManager( 1252): Unknown permission org.adwfreak.launcher.permission.READ_SETTINGS in package com.teslacoilsw.launcher
W/PackageManager( 1252): Unknown permission com.anddoes.launcher.permission.READ_SETTINGS in package com.teslacoilsw.launcher
W/PackageManager( 1252): Not granting permission android.permission.READ_LOGS to package com.csipsimple (protectionLevel=50 flags=0x9be44)
W/PackageManager( 1252): Not granting permission android.permission.SEND_DOWNLOAD_COMPLETED_INTENTS to package com.android.browser (protectionLevel=2 flags=0x9be45)
W/PackageManager( 1252): Unknown permission android.permission.READ_MEDIA_STORAGE in package com.keramidas.TitaniumBackup
W/PackageManager( 1252): Not granting permission android.permission.WRITE_MEDIA_STORAGE to package com.keramidas.TitaniumBackup (protectionLevel=18 flags=0x8be44)
W/PackageManager( 1252): Not granting permission com.android.voicemail.permission.READ_WRITE_ALL_VOICEMAIL to package com.keramidas.TitaniumBackup (protectionLevel=2 flags=0x8be44)
W/PackageManager( 1252): Unknown permission android.permission.ACCESS_COURSE_LOCATION in package cm.aptoide.pt
W/PackageManager( 1252): Unknown permission com.google.android.gallery3d.permission.PICASA_STORE in package com.google.android.apps.plus
W/PackageManager( 1252): Unknown permission com.google.android.voicesearch.SHORTCUTS_ACCESS in package com.google.android.googlequicksearchbox
W/PackageManager( 1252): Unknown permission com.google.android.voicesearch.ACCESS_SETTINGS in package com.google.android.googlequicksearchbox
W/PackageManager( 1252): Unknown permission com.google.googlenav.friend.permission.OPT_IN in package com.google.android.googlequicksearchbox
W/PackageManager( 1252): Unknown permission com.google.android.apps.maps.permission.PREFETCH in package com.google.android.googlequicksearchbox
W/PackageManager( 1252): Unknown permission com.google.android.apps.googlevoice.permission.AUTO_SEND in package com.google.android.googlequicksearchbox
W/PackageManager( 1252): Not granting permission android.permission.SEND_DOWNLOAD_COMPLETED_INTENTS to package com.android.vending (protectionLevel=2 flags=0xabe45)
W/PackageManager( 1252): Unknown permission android.premission.ACCESS_WIFI_STATE in package com.copy
W/PackageManager( 1252): Unknown permission android.permission.RECORD_VIDEO in package com.catflow.extremespecialfx
W/PackageManager( 1252): Unknown permission android.permission.READ_SETTINGS in package com.catflow.extremespecialfx
W/PackageManager( 1252): Not granting permission android.permission.ACCOUNT_MANAGER to package com.google.android.music (protectionLevel=2 flags=0x8be64)
W/PackageManager( 1252): Unknown permission android.permission.ACCESS_4G_RADIO_DISABLE in package com.android.systemui
W/PackageManager( 1252): Unknown permission android.permission.ACCESS_4G_STATE in package com.android.systemui
W/PackageManager( 1252): Unknown permission android.permission.CHANGE_4G_STATE in package com.android.systemui
W/PackageManager( 1252): Unknown permission android.provider.Telephony.SMS_RECEIVED in package com.klinker.android.messaging_donate
W/PackageManager( 1252): Not granting permission android.permission.DUMP to package com.oasisfeng.greenify (protectionLevel=50 flags=0x9be44)
W/PackageManager( 1252): Not granting permission android.permission.READ_LOGS to package com.oasisfeng.greenify (protectionLevel=50 flags=0x9be44)
W/PackageManager( 1252): Not granting permission android.permission.DEVICE_POWER to package com.android.deskclock (protectionLevel=2 flags=0x8be45)
W/PackageManager( 1252): Not granting permission android.permission.READ_DREAM_STATE to package com.google.android.gsf (protectionLevel=2 flags=0x83e45)
W/PackageManager( 1252): Not granting permission android.permission.ACCESS_CHECKIN_PROPERTIES to package com.google.android.apps.googlevoice (protectionLevel=18 flags=0x8be44)
W/PackageManager( 1252): Unknown permission com.google.android.apps.googlevoice.REMOTE_INTENT in package com.google.android.apps.googlevoice
W/PackageManager( 1252): Unknown permission com.google.android.permission.RECEIVE_DATA_MESSAGE in package com.google.android.apps.googlevoice
W/PackageManager( 1252): Unknown permission com.google.android.permission.SEND_DATA_MESSAGE in package com.google.android.apps.googlevoice
W/PackageManager( 1252): Unknown permission com.android.providers.voicemail.permission.READ_WRITE_ALL_VOICEMAIL in package com.google.android.apps.googlevoice
W/PackageManager( 1252): Unknown permission com.android.providers.voicemail.permission.READ_WRITE_OWN_VOICEMAIL in package com.google.android.apps.googlevoice
D/dalvikvm( 1252): GC_EXPLICIT freed 1296K, 34% free 6989K/10452K, paused 13ms+19ms, total 75ms
I/SystemServer( 1252): User Service
I/SystemServer( 1252): Account Manager
I/SystemServer( 1252): Content Manager
I/SystemServer( 1252): System Content Providers
I/SystemServer( 1252): Lights Service
I/SystemServer( 1252): Battery Service
I/libsuspend( 1252): Selected early suspend
I/libsuspend( 1252): Starting early suspend unblocker thread
D/SurfaceFlinger(  130): Screen acquired, type=0 flinger=0x282318
D/SurfaceFlinger(  130):  screen was previously acquired
D/AlarmManagerService( 1252): Kernel timezone updated to 420 minutes west of GMT
I/SystemServer( 1252): Vibrator Service
I/SystemServer( 1252): Alarm Manager
I/SystemServer( 1252): Init Watchdog
I/SystemServer( 1252): Input Manager
I/InputManager( 1252): Initializing input manager, mUseDevInputEventForAudioJack=false
I/SystemServer( 1252): Window Manager
E/WVMExtractor( 1035): Failed to open libwvm.so
D/MediaExtractor( 1035): returning default extractor
E/Trace   ( 1035): error opening trace file: No such file or directory (2)
D/Sensors ( 1252): sensors_pana_poll_context_t::activate_pana 
D/Sensors ( 1252): AkmSensor::enable htc, handle :0
D/Sensors ( 1252): Enable akm: en = 1, mEnabled 0
D/Sensors ( 1252): Enable akm: newState = 1, (uint32_t(newState)<<what) 1, (mEnabled & (1<<what)0
D/Sensors ( 1252): Enable akm: open_device, en = 1
D/Sensors ( 1252): Enable akm: , what = 0
D/Sensors ( 1252): Enable akm: , cmd = 0x4002a113
D/Sensors ( 1252): Enable akm: , mEnabled = 0x1, flags= 0x1 
D/Sensors ( 1252): update_delay akm:htc, mEnabled1 
D/Sensors ( 1252): AkmSensor::update_delay => set_ms = 200 
D/Sensors ( 1252): AkmSensor::update_delay => control[EW_CB_LOOPDELAY] = 200 
D/Sensors ( 1252): AkmSensor::update_delay => current_DelayTime = 200 
D/Sensors ( 1252): Enable akm: , mEnabled = 0x1
D/Sensors ( 1252): Enable akm: ORIENTATION_Activate 0, MAGNETIC_FIELD_Activate 0, ACCELEROMETER_Activate 1
D/Sensors ( 1252): Enable akm: ROTATIONVECTOR_Activate 0, LINEAR_ACCELERATION_Activate 0, GRAVITY_Activate 0
D/Sensors ( 1252): EWHAL_IOCTL_SET_CONTROL akm-Sensor at enable ,control 0x5cfc5adc
D/Sensors ( 1252): sensors_pana_poll_context_t::set_Delay = 200000000
D/Sensors ( 1252): setDelay akm: 
D/Sensors ( 1252): update_delay akm:htc, mEnabled1 
D/Sensors ( 1252): AkmSensor::update_delay => set_ms = 200 
D/Sensors ( 1252): AkmSensor::update_delay => control[EW_CB_LOOPDELAY] = 200 
D/Sensors ( 1252): AkmSensor::update_delay => current_DelayTime = 200 
D/Sensors ( 1252): sensors_pana_poll_context_t::set_Delay = 66667000
D/Sensors ( 1252): setDelay akm: 
D/Sensors ( 1252): update_delay akm:htc, mEnabled1 
D/Sensors ( 1252): AkmSensor::update_delay => set_ms = 66 
D/Sensors ( 1252): AkmSensor::update_delay => control[EW_CB_LOOPDELAY] = 200 
D/Sensors ( 1252): AkmSensor::update_delay => current_DelayTime = 66 
D/AK8975  (  807): Compass Start
D/AK8975  (  807): Ignore M_Sensor: (y, p, r) = (   0,    3,  256), Status = 0
I/InputManager( 1252): Starting input manager
D/EventHub( 1252): No input device configuration file found for device 'proximity'.
D/BluetoothManagerService( 1252): Loading stored name and address
D/BluetoothManagerService( 1252): Stored bluetooth Name=HTC MSM8660,Address=40:98:4E:DB:BE:1E
F/libc    ( 1252): Fatal signal 11 (SIGSEGV) at 0x00000000 (code=1), thread 1267 (er.ServerThread)
I/SystemServer( 1252): Bluetooth Manager Service
I/SystemServer( 1252): Input Method Service
F/libc    ( 1252): Fatal signal 11 (SIGSEGV) at 0x0000000a (code=1), thread 1268 (UI)
F/libc    ( 1252): Fatal signal 11 (SIGSEGV) at 0x0000000a (code=1), thread 1269 (WindowManager)
D/MediaExtractor( 1035): returning default extractor
E/        ( 1035): Failed to open file ''. (No such file or directory)
E/AudioCache( 1035): Error 1, -2147483648 occurred
F/libc    ( 1252): Fatal signal 11 (SIGSEGV) at 0x00000000 (code=1), thread 1291 (callActivityMan)
F/libc    ( 1035): Fatal signal 11 (SIGSEGV) at 0x00000000 (code=1), thread 1086 (Binder_1)
D/EventHub( 1252): No input device configuration file found for device 'lightsensor-level'.
D/EventHub( 1252): No input device configuration file found for device 'ewtzmu2_gyroscope'.
I/DEBUG   (  128): *** *** *** *** *** *** *** *** *** *** *** *** *** *** *** ***
I/DEBUG   (  128): Build fingerprint: 'tmous/htc_ruby/ruby:4.0.3/IML74K/373265.3:user/release-keys'
I/DEBUG   (  128): Revision: '4'
I/DEBUG   (  128): pid: 1252, tid: 1267, name: er.ServerThread  >>> system_server <<<
I/DEBUG   (  128): signal 11 (SIGSEGV), code 1 (SEGV_MAPERR), fault addr 00000000
I/DEBUG   (  128):     r0 56bcf7e8  r1 400c2d28  r2 00000000  r3 00000009
I/DEBUG   (  128):     r4 57c61544  r5 400c2d44  r6 01516ac0  r7 40b01890
I/DEBUG   (  128):     r8 408045c0  r9 00000000  sl 400c2d14  fp 00000000
I/DEBUG   (  128):     ip 00000001  sp 5cec5c10  lr 00000000  pc 4080d7d0  cpsr 400e0010
I/DEBUG   (  128):     d0  0000000000000000  d1  0000000000000000
I/DEBUG   (  128):     d2  0000000000000000  d3  0000000000000000
I/DEBUG   (  128):     d4  56e146e856e146b0  d5  56e1475856e14720
I/DEBUG   (  128):     d6  56e147c856e14790  d7  56e1483856e14800
I/DEBUG   (  128):     d8  0000000000000000  d9  0000000000000000
I/DEBUG   (  128):     d10 0000000000000000  d11 0000000000000000
I/DEBUG   (  128):     d12 0000000000000000  d13 0000000000000000
I/DEBUG   (  128):     d14 0000000000000000  d15 0000000000000000
I/DEBUG   (  128):     d16 0000000000000000  d17 0000000004130240
I/DEBUG   (  128):     d18 0000000004130240  d19 0000000000000000
I/DEBUG   (  128):     d20 3fc554e7eb0eb47c  d21 3e66376972bea4d0
I/DEBUG   (  128):     d22 3f4de16b9c24a98f  d23 3fb0f4a31edab38b
I/DEBUG   (  128):     d24 3fede16b9c24a98f  d25 3fe55559ee5e69f9
I/DEBUG   (  128):     d26 0000000000000000  d27 0000000000000000
I/DEBUG   (  128):     d28 0000000000000005  d29 0000000000000000
I/DEBUG   (  128):     d30 0000000000000000  d31 0000000000000000
I/DEBUG   (  128):     scr 80000010
I/DEBUG   (  128): 
I/DEBUG   (  128): backtrace:
I/DEBUG   (  128):     #00  pc 000277d0  /system/lib/libdvm.so
I/DEBUG   (  128):     #01  pc 0002b43c  /system/lib/libdvm.so (dvmInterpret(Thread*, Method const*, JValue*)+176)
I/DEBUG   (  128):     #02  pc 0005f569  /system/lib/libdvm.so (dvmCallMethodV(Thread*, Method const*, Object*, bool, JValue*, std::__va_list)+272)
I/DEBUG   (  128):     #03  pc 0005f593  /system/lib/libdvm.so (dvmCallMethod(Thread*, Method const*, Object*, JValue*, ...)+20)
I/DEBUG   (  128):     #04  pc 0006a7a9  /system/lib/libdvm.so (dvmInitClass+1036)
I/DEBUG   (  128):     #05  pc 0002275c  /system/lib/libdvm.so (dvmAsmSisterStart+412)
I/DEBUG   (  128):     #06  pc 0002b43c  /system/lib/libdvm.so (dvmInterpret(Thread*, Method const*, JValue*)+176)
I/DEBUG   (  128):     #07  pc 0005f569  /system/lib/libdvm.so (dvmCallMethodV(Thread*, Method const*, Object*, bool, JValue*, std::__va_list)+272)
I/DEBUG   (  128):     #08  pc 0005f593  /system/lib/libdvm.so (dvmCallMethod(Thread*, Method const*, Object*, JValue*, ...)+20)
I/DEBUG   (  128):     #09  pc 00054107  /system/lib/libdvm.so
I/DEBUG   (  128):     #10  pc 0000e49c  /system/lib/libc.so (__thread_entry+72)
I/DEBUG   (  128):     #11  pc 0000dfd0  /system/lib/libc.so (pthread_create+168)
I/DEBUG   (  128):     #12  pc 0004160c  [heap]
I/DEBUG   (  128): 
I/DEBUG   (  128): stack:
I/DEBUG   (  128):          5cec5bd0  408941b0  /system/lib/libdvm.so
I/DEBUG   (  128):          5cec5bd4  00000042  
I/DEBUG   (  128):          5cec5bd8  4127d838  /dev/ashmem/dalvik-heap (deleted)
I/DEBUG   (  128):          5cec5bdc  4080fde8  /system/lib/libdvm.so (dvmMalloc(unsigned int, int)+88)
I/DEBUG   (  128):          5cec5be0  00000003  
I/DEBUG   (  128):          5cec5be4  01516ac0  [heap]
I/DEBUG   (  128):          5cec5be8  00000018  
I/DEBUG   (  128):          5cec5bec  40afc950  /dev/ashmem/dalvik-heap (deleted)
I/DEBUG   (  128):          5cec5bf0  00000019  
I/DEBUG   (  128):          5cec5bf4  00000001  
I/DEBUG   (  128):          5cec5bf8  00000003  
I/DEBUG   (  128):          5cec5bfc  4084d779  /system/lib/libdvm.so
I/DEBUG   (  128):          5cec5c00  408941b0  /system/lib/libdvm.so
I/DEBUG   (  128):          5cec5c04  00000018  
I/DEBUG   (  128):          5cec5c08  df0027ad  
I/DEBUG   (  128):          5cec5c0c  00000000  
I/DEBUG   (  128):     #00  5cec5c10  00000001  
I/DEBUG   (  128):          5cec5c14  01516ac0  [heap]
I/DEBUG   (  128):          5cec5c18  4088fc84  /system/lib/libdvm.so
I/DEBUG   (  128):          5cec5c1c  56eef458  /dev/ashmem/dalvik-LinearAlloc (deleted)
I/DEBUG   (  128):          5cec5c20  fffffe60  
I/DEBUG   (  128):          5cec5c24  5cec5c44  
I/DEBUG   (  128):          5cec5c28  5cec5d48  
I/DEBUG   (  128):          5cec5c2c  00000000  
I/DEBUG   (  128):          5cec5c30  00000000  
I/DEBUG   (  128):          5cec5c34  40811440  /system/lib/libdvm.so (dvmInterpret(Thread*, Method const*, JValue*)+180)
I/DEBUG   (  128):     #01  5cec5c38  00000001  
I/DEBUG   (  128):          5cec5c3c  97aa65f0  
I/DEBUG   (  128):          5cec5c40  408941b0  /system/lib/libdvm.so
I/DEBUG   (  128):          5cec5c44  57c3f698  /cache/dalvik-cache/system@framework@core.jar@classes.dex
I/DEBUG   (  128):          5cec5c48  400c2d60  
I/DEBUG   (  128):          5cec5c4c  56e94b80  /dev/ashmem/dalvik-LinearAlloc (deleted)
I/DEBUG   (  128):          5cec5c50  50fd9000  /dev/ashmem/dalvik-aux-structure (deleted)
I/DEBUG   (  128):          5cec5c54  00000023  
I/DEBUG   (  128):          5cec5c58  00000007  
I/DEBUG   (  128):          5cec5c5c  5cec5da0  
I/DEBUG   (  128):          5cec5c60  00000000  
I/DEBUG   (  128):          5cec5c64  5cec5dd4  
I/DEBUG   (  128):          5cec5c68  00000000  
I/DEBUG   (  128):          5cec5c6c  00000000  
I/DEBUG   (  128):          5cec5c70  00000000  
I/DEBUG   (  128):          5cec5c74  00000000  
I/DEBUG   (  128):          ........  ........
I/DEBUG   (  128):     #02  5cec5cc8  01516ac0  [heap]
I/DEBUG   (  128):          5cec5ccc  56eef458  /dev/ashmem/dalvik-LinearAlloc (deleted)
I/DEBUG   (  128):          5cec5cd0  00000000  
I/DEBUG   (  128):          5cec5cd4  5cec5d48  
I/DEBUG   (  128):          5cec5cd8  01516ac0  [heap]
I/DEBUG   (  128):          5cec5cdc  590747a9  /cache/dalvik-cache/system@framework@services.jar@classes.dex
I/DEBUG   (  128):          5cec5ce0  0000001c  
I/DEBUG   (  128):          5cec5ce4  4127d590  /dev/ashmem/dalvik-heap (deleted)
I/DEBUG   (  128):          5cec5ce8  01516ac0  [heap]
I/DEBUG   (  128):          5cec5cec  408941b0  /system/lib/libdvm.so
I/DEBUG   (  128):          5cec5cf0  40882f51  /system/lib/libdvm.so
I/DEBUG   (  128):          5cec5cf4  40845597  /system/lib/libdvm.so (dvmCallMethod(Thread*, Method const*, Object*, JValue*, ...)+24)
I/DEBUG   (  128): 
I/DEBUG   (  128): memory near r0:
I/DEBUG   (  128):     56bcf7c8 00000000 00000000 00000000 00000000  
I/DEBUG   (  128):     56bcf7d8 00000000 00000000 00000000 00000000  
I/DEBUG   (  128):     56bcf7e8 00000000 00000000 00020000 00010001  
I/DEBUG   (  128):     56bcf7f8 57e0982e 014e5768 00000000 00000000  
I/DEBUG   (  128):     56bcf808 00000000 00000000 00000000 00000000  
I/DEBUG   (  128):     56bcf818 00000000 00000000 00000000 00000000  
I/DEBUG   (  128):     56bcf828 00000000 00000000 00000000 00000000  
I/DEBUG   (  128):     56bcf838 00000000 00000000 00000000 00000000  
I/DEBUG   (  128):     56bcf848 00000000 00000000 00000000 00000000  
I/DEBUG   (  128):     56bcf858 00000000 00000000 00000000 00000000  
I/DEBUG   (  128):     56bcf868 00000000 00000000 00000000 00000000  
I/DEBUG   (  128):     56bcf878 00000000 00000000 00000000 00000000  
I/DEBUG   (  128):     56bcf888 00000000 00000000 00000000 00000000  
I/DEBUG   (  128):     56bcf898 00000000 00000000 00000000 00000000  
I/DEBUG   (  128):     56bcf8a8 00000000 00000000 00000000 00000000  
I/DEBUG   (  128):     56bcf8b8 00000000 00000000 00000000 00000000  
I/DEBUG   (  128): 
I/DEBUG   (  128): memory near r1:
I/DEBUG   (  128):     400c2d08 01110052 00000000 40ba00b8 400c2d44  
I/DEBUG   (  128):     400c2d18 57c61544 56bcf7e8 56ccebe8 00000000  
I/DEBUG   (  128):     400c2d28 00000000 ffffffff 400c2d60 58f64c02  
I/DEBUG   (  128):     400c2d38 56bbd240 57c61544 00000000 00000000  
I/DEBUG   (  128):     400c2d48 ffffffff 400c2d7c 00000000 56eef458  
I/DEBUG   (  128):     400c2d58 58f64c02 58f8425e ffffffff 5858c274  
I/DEBUG   (  128):     400c2d68 400c2d90 00000000 00000000 00000000  
I/DEBUG   (  128):     400c2d78 4127d208 400c3000 00000000 56e94b80  
I/DEBUG   (  128):     400c2d88 58f84264 00000000 00000000 40d38130  
I/DEBUG   (  128):     400c2d98 00000000 00000000 40d40538 40e950a0  
I/DEBUG   (  128):     400c2da8 40ec8650 40d33c18 40f51f60 4127d208  
I/DEBUG   (  128):     400c2db8 40e9af90 40e93fc0 40e950a0 40f51f60  
I/DEBUG   (  128):     400c2dc8 40d40538 41516f88 40e950a0 40d40538  
I/DEBUG   (  128):     400c2dd8 40e9af90 40d69d00 40d37cb0 40d38130  
I/DEBUG   (  128):     400c2de8 00000001 00000001 00000000 00000000  
I/DEBUG   (  128):     400c2df8 00000000 00000000 00000000 00000000  
I/DEBUG   (  128): 
I/DEBUG   (  128): memory near r4:
I/DEBUG   (  128):     57c61524 00000005 08141071 000c0001 00000011  
I/DEBUG   (  128):     57c61534 00010002 00000001 0025f7e4 00000005  
I/DEBUG   (  128):     57c61544 08751071 000c0001 00000011 00020003  
I/DEBUG   (  128):     57c61554 00000002 0025f7ed 00000005 08c02071  
I/DEBUG   (  128):     57c61564 000c0021 00000011 00010002 00000001  
I/DEBUG   (  128):     57c61574 0025f7f6 0000000a 00070138 000710f8  
I/DEBUG   (  128):     57c61584 000c0001 001a0011 fd284d41 00010002  
I/DEBUG   (  128):     57c61594 00000000 0025f7ff 00000008 00050138  
I/DEBUG   (  128):     57c615a4 5d39001a 001a0011 fd283a55 00010004  
I/DEBUG   (  128):     57c615b4 00000004 0025f808 00000008 011a0022  
I/DEBUG   (  128):     57c615c4 32210112 0a4b4070 00112130 00030004  
I/DEBUG   (  128):     57c615d4 00000004 0025f810 00000006 011a0022  
I/DEBUG   (  128):     57c615e4 0a4b4070 00113210 00050008 00000005  
I/DEBUG   (  128):     57c615f4 0025f81e 0000000b 000830f4 001031f2  
I/DEBUG   (  128):     57c61604 029141b0 52710405 76100b4e 0000000e  
I/DEBUG   (  128):     57c61614 00020006 00000003 0025f82f 0000001a  
I/DEBUG   (  128): 
I/DEBUG   (  128): memory near r5:
I/DEBUG   (  128):     400c2d24 00000000 00000000 ffffffff 400c2d60  
I/DEBUG   (  128):     400c2d34 58f64c02 56bbd240 57c61544 00000000  
I/DEBUG   (  128):     400c2d44 00000000 ffffffff 400c2d7c 00000000  
I/DEBUG   (  128):     400c2d54 56eef458 58f64c02 58f8425e ffffffff  
I/DEBUG   (  128):     400c2d64 5858c274 400c2d90 00000000 00000000  
I/DEBUG   (  128):     400c2d74 00000000 4127d208 400c3000 00000000  
I/DEBUG   (  128):     400c2d84 56e94b80 58f84264 00000000 00000000  
I/DEBUG   (  128):     400c2d94 40d38130 00000000 00000000 40d40538  
I/DEBUG   (  128):     400c2da4 40e950a0 40ec8650 40d33c18 40f51f60  
I/DEBUG   (  128):     400c2db4 4127d208 40e9af90 40e93fc0 40e950a0  
I/DEBUG   (  128):     400c2dc4 40f51f60 40d40538 41516f88 40e950a0  
I/DEBUG   (  128):     400c2dd4 40d40538 40e9af90 40d69d00 40d37cb0  
I/DEBUG   (  128):     400c2de4 40d38130 00000001 00000001 00000000  
I/DEBUG   (  128):     400c2df4 00000000 00000000 00000000 00000000  
I/DEBUG   (  128):     400c2e04 00000000 00000000 00000000 00000000  
I/DEBUG   (  128):     400c2e14 00000000 00000000 00000000 00000000  
I/DEBUG   (  128): 
I/DEBUG   (  128): memory near r6:
I/DEBUG   (  128):     01516aa0 00000000 00000000 00000000 00000000  
I/DEBUG   (  128):     01516ab0 00000000 00000000 00000000 00000453  
I/DEBUG   (  128):     01516ac0 58f64c00 400c2d44 56bbd240 50afb000  
I/DEBUG   (  128):     01516ad0 00000023 00000007 5cec5c10 00000000  
I/DEBUG   (  128):     01516ae0 5cec5c44 0000000c 00000000 408045c0  
I/DEBUG   (  128):     01516af0 00000000 00000000 561a2170 400bf300  
I/DEBUG   (  128):     01516b00 00000000 00000000 00000001 00004000  
I/DEBUG   (  128):     01516b10 00000000 01515530 408045c0 40809480  
I/DEBUG   (  128):     01516b20 00000000 4080d57c 4080d5f0 4080d4a0  
I/DEBUG   (  128):     01516b30 4080d4c0 4080d51c 00000000 00000000  
I/DEBUG   (  128):     01516b40 00000000 00000000 00000000 00000000  
I/DEBUG   (  128):     01516b50 00000000 00000000 00002000 408948d4  
I/DEBUG   (  128):     01516b60 00000000 00000000 00000000 01516f10  
I/DEBUG   (  128):     01516b70 00000001 00000040 00000200 00000000  
I/DEBUG   (  128):     01516b80 00000000 00000000 00000000 00000000  
I/DEBUG   (  128):     01516b90 00000000 00000000 00000000 00000000  
I/DEBUG   (  128): 
I/DEBUG   (  128): memory near r7:
I/DEBUG   (  128):     40b01870 40b01758 57e0316d 57daca06 0000001a  
I/DEBUG   (  128):     40b01880 3460da52 684d3713 00000000 00000153  
I/DEBUG   (  128):     40b01890 40afb1e8 00000000 00000000 00000000  
I/DEBUG   (  128):     40b018a0 00000000 00000000 57db0251 00000000  
I/DEBUG   (  128):     40b018b0 00030011 50000077 50afb000 00000007  
I/DEBUG   (  128):     40b018c0 00000000 00000001 0000000c 00000000  
I/DEBUG   (  128):     40b018d0 00000000 00000000 40b00a20 00000000  
I/DEBUG   (  128):     40b018e0 00000000 00000000 00000001 56bcf250  
I/DEBUG   (  128):     40b018f0 0000001e 56bcf270 0000000b 56bcf908  
I/DEBUG   (  128):     40b01900 00000013 56bcfb78 00000002 56bcfbf0  
I/DEBUG   (  128):     40b01910 00000001 56bcfc08 00000001 00000000  
I/DEBUG   (  128):     40b01920 56bcf258 00000000 57dac1e2 00000007  
I/DEBUG   (  128):     40b01930 40b01890 57dccab1 57daa5f8 00000019  
I/DEBUG   (  128):     40b01940 7fffffff 50afb000 40b01890 57dcce9e  
I/DEBUG   (  128):     40b01950 57daa5f8 00000019 80000000 50afb000  
I/DEBUG   (  128):     40b01960 40b01890 57dce0f7 57ddc603 0000001a  
I/DEBUG   (  128): 
I/DEBUG   (  128): memory near r8:
I/DEBUG   (  128):     408045a0 e320f000 e320f000 e320f000 e320f000  
I/DEBUG   (  128):     408045b0 e320f000 e320f000 e320f000 e320f000  
I/DEBUG   (  128):     408045c0 e1f470b2 e207c0ff e088f30c e92d4ff0  
I/DEBUG   (  128):     408045d0 e24dd004 e320f000 e320f000 e320f000  
I/DEBUG   (  128):     408045e0 e320f000 e320f000 e320f000 e320f000  
I/DEBUG   (  128):     408045f0 e320f000 e320f000 e320f000 e320f000  
I/DEBUG   (  128):     40804600 e1a01627 e7e30457 e1f470b2 e7952101  
I/DEBUG   (  128):     40804610 e207c0ff e7852100 e088f30c e320f000  
I/DEBUG   (  128):     40804620 e320f000 e320f000 e320f000 e320f000  
I/DEBUG   (  128):     40804630 e320f000 e320f000 e320f000 e320f000  
I/DEBUG   (  128):     40804640 e1d410b2 e1a00427 e1f470b4 e7952101  
I/DEBUG   (  128):     40804650 e207c0ff e7852100 e088f30c e320f000  
I/DEBUG   (  128):     40804660 e320f000 e320f000 e320f000 e320f000  
I/DEBUG   (  128):     40804670 e320f000 e320f000 e320f000 e320f000  
I/DEBUG   (  128):     40804680 e1d410b4 e1d400b2 e1f470b6 e7952101  
I/DEBUG   (  128):     40804690 e207c0ff e7852100 e088f30c e320f000  
I/DEBUG   (  128): 
I/DEBUG   (  128): memory near sl:
I/DEBUG   (  128):     400c2cf4 00000000 00000001 00000012 00000003  
I/DEBUG   (  128):     400c2d04 40ba05d8 01110052 00000000 40ba00b8  
I/DEBUG   (  128):     400c2d14 400c2d44 57c61544 56bcf7e8 56ccebe8  
I/DEBUG   (  128):     400c2d24 00000000 00000000 ffffffff 400c2d60  
I/DEBUG   (  128):     400c2d34 58f64c02 56bbd240 57c61544 00000000  
I/DEBUG   (  128):     400c2d44 00000000 ffffffff 400c2d7c 00000000  
I/DEBUG   (  128):     400c2d54 56eef458 58f64c02 58f8425e ffffffff  
I/DEBUG   (  128):     400c2d64 5858c274 400c2d90 00000000 00000000  
I/DEBUG   (  128):     400c2d74 00000000 4127d208 400c3000 00000000  
I/DEBUG   (  128):     400c2d84 56e94b80 58f84264 00000000 00000000  
I/DEBUG   (  128):     400c2d94 40d38130 00000000 00000000 40d40538  
I/DEBUG   (  128):     400c2da4 40e950a0 40ec8650 40d33c18 40f51f60  
I/DEBUG   (  128):     400c2db4 4127d208 40e9af90 40e93fc0 40e950a0  
I/DEBUG   (  128):     400c2dc4 40f51f60 40d40538 41516f88 40e950a0  
I/DEBUG   (  128):     400c2dd4 40d40538 40e9af90 40d69d00 40d37cb0  
I/DEBUG   (  128):     400c2de4 40d38130 00000001 00000001 00000000  
I/DEBUG   (  128): 
I/DEBUG   (  128): memory near sp:
I/DEBUG   (  128):     5cec5bf0 00000019 00000001 00000003 4084d779  
I/DEBUG   (  128):     5cec5c00 408941b0 00000018 df0027ad 00000000  
I/DEBUG   (  128):     5cec5c10 00000001 01516ac0 4088fc84 56eef458  
I/DEBUG   (  128):     5cec5c20 fffffe60 5cec5c44 5cec5d48 00000000  
I/DEBUG   (  128):     5cec5c30 00000000 40811440 00000001 97aa65f0  
I/DEBUG   (  128):     5cec5c40 408941b0 57c3f698 400c2d60 56e94b80  
I/DEBUG   (  128):     5cec5c50 50fd9000 00000023 00000007 5cec5da0  
I/DEBUG   (  128):     5cec5c60 00000000 5cec5dd4 00000000 00000000  
I/DEBUG   (  128):     5cec5c70 00000000 00000000 00000000 00000000  
I/DEBUG   (  128):     5cec5c80 00000000 00000000 00000000 00000000  
I/DEBUG   (  128):     5cec5c90 00000000 00000000 00000000 00000000  
I/DEBUG   (  128):     5cec5ca0 00000000 00000000 01516ac0 56eef458  
I/DEBUG   (  128):     5cec5cb0 5cec5d18 00000000 400c2d68 5909c05d  
I/DEBUG   (  128):     5cec5cc0 5cec5d48 4084556d 01516ac0 56eef458  
I/DEBUG   (  128):     5cec5cd0 00000000 5cec5d48 01516ac0 590747a9  
I/DEBUG   (  128):     5cec5ce0 0000001c 4127d590 01516ac0 408941b0  
I/DEBUG   (  128): 
I/DEBUG   (  128): code around pc:
I/DEBUG   (  128):     4080d7b0 e58a4004 e3a09000 e58a9010 e58a0008  
I/DEBUG   (  128):     4080d7c0 e35e0000 1a000010 e3130c01 1a000015  
I/DEBUG   (  128):     4080d7d0 e1d290b0 e5973028 e1a04002 e5860008  
I/DEBUG   (  128):     4080d7e0 e586300c e3a02001 e5862048 e5960080  
I/DEBUG   (  128):     4080d7f0 e1a05001 e209c0ff e1a07009 e5861004  
I/DEBUG   (  128):     4080d800 e3500000 1affff88 e088f30c e92d000f  
I/DEBUG   (  128):     4080d810 e5864000 e1a01000 e1a00006 eb000bc3  
I/DEBUG   (  128):     4080d820 e8bd000f eaffffe7 e1d6e2b8 e59690a8  
I/DEBUG   (  128):     4080d830 e5861004 e58a900c e1a02000 e1a00001  
I/DEBUG   (  128):     4080d840 e2861010 e1a03006 ea000001 e92d4ff0  
I/DEBUG   (  128):     4080d850 e24dd004 e35e0000 1a00000a e592c028  
I/DEBUG   (  128):     4080d860 e12fff3c e59a000c e5961044 e5865004  
I/DEBUG   (  128):     4080d870 e3510000 e58600a8 1a000032 e1f470b6  
I/DEBUG   (  128):     4080d880 e207c0ff e088f30c e92d000f e1a00002  
I/DEBUG   (  128):     4080d890 e1a01006 e1a02005 eb000bf5 e89d000f  
I/DEBUG   (  128):     4080d8a0 e592c028 e12fff3c e8bd000f e1a00002  
I/DEBUG   (  128): 
I/DEBUG   (  128): code around lr:
I/DEBUG   (  128):     00000000 ffffffff ffffffff ffffffff ffffffff  
I/DEBUG   (  128):     00000010 ffffffff ffffffff ffffffff ffffffff  
I/DEBUG   (  128):     00000020 ffffffff ffffffff ffffffff ffffffff  
I/DEBUG   (  128):     00000030 ffffffff ffffffff ffffffff ffffffff  
I/DEBUG   (  128):     00000040 ffffffff ffffffff ffffffff ffffffff  
I/DEBUG   (  128):     00000050 ffffffff ffffffff ffffffff ffffffff  
I/DEBUG   (  128):     00000060 ffffffff ffffffff ffffffff ffffffff  
I/DEBUG   (  128):     00000070 ffffffff ffffffff ffffffff ffffffff  
I/DEBUG   (  128):     00000080 ffffffff ffffffff ffffffff ffffffff  
I/DEBUG   (  128):     00000090 ffffffff ffffffff ffffffff ffffffff  
I/DEBUG   (  128):     000000a0 ffffffff ffffffff ffffffff ffffffff  
I/DEBUG   (  128):     000000b0 ffffffff ffffffff ffffffff ffffffff  
I/DEBUG   (  128):     000000c0 ffffffff ffffffff ffffffff ffffffff  
I/DEBUG   (  128):     000000d0 ffffffff ffffffff ffffffff ffffffff  
I/DEBUG   (  128):     000000e0 ffffffff ffffffff ffffffff ffffffff  
I/DEBUG   (  128):     000000f0 ffffffff ffffffff ffffffff ffffffff  
I/ServiceManager(  121): service 'entropy' died
I/ServiceManager(  121): service 'power' died
I/ServiceManager(  121): service 'batteryinfo' died
I/ServiceManager(  121): service 'usagestats' died
I/ServiceManager(  121): service 'package' died
I/ServiceManager(  121): service 'display' died
I/ServiceManager(  121): service 'telephony.registry' died
I/ServiceManager(  121): service 'scheduling_policy' died
I/ServiceManager(  121): service 'battery' died
I/ServiceManager(  121): service 'alarm' died
I/ServiceManager(  121): service 'activity' died
I/ServiceManager(  121): service 'meminfo' died
I/ServiceManager(  121): service 'gfxinfo' died
I/ServiceManager(  121): service 'dbinfo' died
I/ServiceManager(  121): service 'cpuinfo' died
I/ServiceManager(  121): service 'permission' died
I/ServiceManager(  121): service 'account' died
I/ServiceManager(  121): service 'content' died
I/ServiceManager(  121): service 'user' died
I/ServiceManager(  121): service 'sensorservice' died
I/ServiceManager(  121): service 'hardware' died
I/ServiceManager(  121): service 'vibrator' died
I/ServiceManager(  121): service 'window' died
I/ServiceManager(  121): service 'input' died
I/ServiceManager(  121): service 'bluetooth_manager' died
I/DEBUG   (  128): unexpected waitpid response: n=1268, status=0000000b
I/DEBUG   (  128): ptrace detach from 1268 failed: No such process
I/DEBUG   (  128): debuggerd committing suicide to free the zombie!
F/linker  ( 1035): ERROR: malloc called from the dynamic linker!
I/DEBUG   ( 1298): debuggerd: Apr  4 2013 20:34:32
I/ServiceManager(  121): service 'media.audio_policy' died
I/ServiceManager(  121): service 'media.audio_flinger' died
I/ServiceManager(  121): service 'media.player' died
I/ServiceManager(  121): service 'media.camera' died
I/mediaserver( 1299): ServiceManager: 0x1643ed8
I/AudioFlinger( 1299): Using default 3000 mSec as standby time.
E/MediaPlayerFactory( 1299): Failed to open FACTORY_LIB Error : Cannot load library: load_library(linker.cpp:771): library "libdashplayer.so" not found 
I/CameraService( 1299): CameraService started (pid=1299)
V/CameraWrapper( 1299): camera_get_number_of_cameras
V/CameraWrapper( 1299): check_vendor_module
D/QualcommCameraHardwareZSL( 1299): int android::HAL_getNumberOfCameras(),return how many camera 2
I/AudioPolicyManagerBase( 1299): loadAudioPolicyConfig() loaded /system/etc/audio_policy.conf
D/AudioHardwareMSM8660( 1299): msm_mixer_open: Opening the device
D/AudioHardwareMSM8660( 1299): msm_mixer_count:mixer_cnt =56
I/AudioHardwareMSM8660( 1299): index = 0
I/AudioHardwareMSM8660( 1299): Found device: handset_rx:index = 0,dev_id: 0
I/AudioHardwareMSM8660( 1299): acdb ID = 7,class ID = 0,capablity = 5 for device 0
I/AudioHardwareMSM8660( 1299): index = 1
I/AudioHardwareMSM8660( 1299): Found device: handset_tx:index = 1,dev_id: 1
I/AudioHardwareMSM8660( 1299): acdb ID = 4,class ID = 1,capablity = 6 for device 1
I/AudioHardwareMSM8660( 1299): index = 2
I/AudioHardwareMSM8660( 1299): Found device: speaker_stereo_rx:index = 2,dev_id: 2
I/AudioHardwareMSM8660( 1299): acdb ID = 15,class ID = 0,capablity = 5 for device 2
I/AudioHardwareMSM8660( 1299): index = 5
I/AudioHardwareMSM8660( 1299): Found device: headset_mono_tx:index = 5,dev_id: 3
I/AudioHardwareMSM8660( 1299): acdb ID = 8,class ID = 1,capablity = 6 for device 3
I/AudioHardwareMSM8660( 1299): index = 3
I/AudioHardwareMSM8660( 1299): Found device: speaker_mono_tx:index = 3,dev_id: 4
I/AudioHardwareMSM8660( 1299): acdb ID = 11,class ID = 1,capablity = 6 for device 4
I/AudioHardwareMSM8660( 1299): index = 4
I/AudioHardwareMSM8660( 1299): Found device: headset_stereo_rx:index = 4,dev_id: 5
I/AudioHardwareMSM8660( 1299): acdb ID = 10,class ID = 0,capablity = 5 for device 5
I/AudioHardwareMSM8660( 1299): index = 12
I/AudioHardwareMSM8660( 1299): Found device: tty_headset_mono_tx:index = 12,dev_id: 6
I/AudioHardwareMSM8660( 1299): acdb ID = 16,class ID = 1,capablity = 38 for device 6
I/AudioHardwareMSM8660( 1299): index = 11
I/AudioHardwareMSM8660( 1299): Found device: tty_headset_mono_rx:index = 11,dev_id: 7
I/AudioHardwareMSM8660( 1299): acdb ID = 17,class ID = 0,capablity = 37 for device 7
I/AudioHardwareMSM8660( 1299): index = 8
I/AudioHardwareMSM8660( 1299): Found device: fmradio_speaker_rx:index = 8,dev_id: 8
I/AudioHardwareMSM8660( 1299): acdb ID = 255,class ID = 0,capablity = 17 for device 8
I/AudioHardwareMSM8660( 1299): index = 7
I/AudioHardwareMSM8660( 1299): Found device: fmradio_headset_rx:index = 7,dev_id: 9
I/AudioHardwareMSM8660( 1299): acdb ID = 255,class ID = 0,capablity = 17 for device 9
I/AudioHardwareMSM8660( 1299): index = 9
I/AudioHardwareMSM8660( 1299): Found device: handset_dual_mic_endfire_tx:index = 9,dev_id: 10
I/AudioHardwareMSM8660( 1299): acdb ID = 6,class ID = 1,capablity = 6 for device 10
I/AudioHardwareMSM8660( 1299): index = 10
I/AudioHardwareMSM8660( 1299): Found device: speaker_dual_mic_endfire_tx:index = 10,dev_id: 11
I/AudioHardwareMSM8660( 1299): acdb ID = 13,class ID = 1,capablity = 6 for device 11
I/AudioHardwareMSM8660( 1299): index = 13
I/AudioHardwareMSM8660( 1299): Found device: headset_stereo_speaker_stereo_rx:index = 13,dev_id: 14
I/AudioHardwareMSM8660( 1299): acdb ID = 255,class ID = 0,capablity = 5 for device 14
I/AudioHardwareMSM8660( 1299): Not used device: headset_mono_rx
I/AudioHardwareMSM8660( 1299): index = 13
I/AudioHardwareMSM8660( 1299): Found device: headset_speaker_stereo_rx:index = 13,dev_id: 16
I/AudioHardwareMSM8660( 1299): acdb ID = 255,class ID = 0,capablity = 5 for device 16
I/AudioHardwareMSM8660( 1299): Not used device: back_mic_tx
I/AudioHardwareMSM8660( 1299): index = 16
I/AudioHardwareMSM8660( 1299): Found device: anc_headset_stereo_rx:index = 16,dev_id: 18
I/AudioHardwareMSM8660( 1299): acdb ID = 26,class ID = 0,capablity = 69 for device 18
I/AudioHardwareMSM8660( 1299): Not used device: dual_mic_stereo_tx
I/AudioHardwareMSM8660( 1299): Not used device: hac_rx
I/AudioHardwareMSM8660( 1299): Not used device: nomic_headset_tx
I/AudioHardwareMSM8660( 1299): Not used device: nomic_headset_stereo_rx
I/AudioHardwareMSM8660( 1299): Not used device: usb_headset_stereo_rx
I/AudioHardwareMSM8660( 1299): Not used device: speaker_mono_rx
I/AudioHardwareMSM8660( 1299): Not used device: camcorder_mono_tx
I/AudioHardwareMSM8660( 1299): Not used device: camcorder_stereo_tx
I/AudioHardwareMSM8660( 1299): Not used device: camcorder_stereo_rev_tx
I/AudioHardwareMSM8660( 1299): Not used device: camcorder_headset_tx
I/AudioHardwareMSM8660( 1299): Not used device: vr_handset_mono_tx
I/AudioHardwareMSM8660( 1299): Not used device: vr_headset_mono_tx
I/AudioHardwareMSM8660( 1299): Not used device: speaker_mono_alt_rx
I/AudioHardwareMSM8660( 1299): Not used device: imic_note_tx
I/AudioHardwareMSM8660( 1299): Not used device: ispkr_note_rx
I/AudioHardwareMSM8660( 1299): Not used device: emic_note_tx
I/AudioHardwareMSM8660( 1299): Not used device: headset_note_rx
I/AudioHardwareMSM8660( 1299): index = 17
I/AudioHardwareMSM8660( 1299): Found device: bt_sco_rx:index = 17,dev_id: 36
I/AudioHardwareMSM8660( 1299): acdb ID = 22,class ID = 2,capablity = 5 for device 36
I/AudioHardwareMSM8660( 1299): index = 18
I/AudioHardwareMSM8660( 1299): Found device: bt_sco_tx:index = 18,dev_id: 37
I/AudioHardwareMSM8660( 1299): acdb ID = 21,class ID = 3,capablity = 6 for device 37
I/AudioHardwareMSM8660( 1299): index = 14
I/AudioHardwareMSM8660( 1299): Found device: fmradio_stereo_tx:index = 14,dev_id: 38
I/AudioHardwareMSM8660( 1299): acdb ID = 255,class ID = 7,capablity = 2 for device 38
I/AudioHardwareMSM8660( 1299): index = 19
I/AudioHardwareMSM8660( 1299): Found device: fmradio_stereo_rx:index = 19,dev_id: 39
I/AudioHardwareMSM8660( 1299): acdb ID = 0,class ID = 6,capablity = 1 for device 39
I/AudioHardwareMSM8660( 1299): Not used device: uplink_rx
I/AudioHardwareMSM8660( 1299): index = 15
I/AudioHardwareMSM8660( 1299): Found device: hdmi_stereo_rx:index = 15,dev_id: 41
I/AudioHardwareMSM8660( 1299): acdb ID = 18,class ID = 8,capablity = 1 for device 41
I/HTC Acoustic( 1299): libhtc_acoustic.so(8x60 platform) version 1.0.0.5
D/HTC Acoustic( 1299): int android_audio_legacy::support_audience(), support_a1026: 0
I/HTC Acoustic( 1299): Open /system/etc/AdieHWCodec.csv success.
D/HTC Acoustic( 1299): PYRAMID_HTC_2010813
D/HTC Acoustic( 1299): [1] dev_name = handset_rx_midi_48000
I/HTC Acoustic( 1299): parse freq 48000
I/HTC Acoustic( 1299): act_size=26, freq=48000
D/HTC Acoustic( 1299): ioctl ACOUSTIC_UPDATE_ADIE success
D/HTC Acoustic( 1299): [2] dev_name = handset_rx_voice_48000
I/HTC Acoustic( 1299): parse freq 48000
I/HTC Acoustic( 1299): act_size=26, freq=48000
D/HTC Acoustic( 1299): ioctl ACOUSTIC_UPDATE_ADIE success
D/HTC Acoustic( 1299): [3] dev_name = handset_tx_midi_8000
I/HTC Acoustic( 1299): parse freq 8000
I/HTC Acoustic( 1299): act_size=25, freq=8000
D/HTC Acoustic( 1299): ioctl ACOUSTIC_UPDATE_ADIE success
D/HTC Acoustic( 1299): [4] dev_name = handset_tx_voice_8000
I/HTC Acoustic( 1299): parse freq 8000
I/HTC Acoustic( 1299): act_size=25, freq=8000
D/HTC Acoustic( 1299): ioctl ACOUSTIC_UPDATE_ADIE success
D/HTC Acoustic( 1299): [5] dev_name = handset_tx_voice_16000
I/HTC Acoustic( 1299): parse freq 16000
I/HTC Acoustic( 1299): act_size=25, freq=16000
D/HTC Acoustic( 1299): ioctl ACOUSTIC_UPDATE_ADIE success
D/HTC Acoustic( 1299): [6] dev_name = handset_tx_midi_48000
I/HTC Acoustic( 1299): parse freq 48000
I/HTC Acoustic( 1299): act_size=25, freq=48000
D/HTC Acoustic( 1299): ioctl ACOUSTIC_UPDATE_ADIE success
D/HTC Acoustic( 1299): [7] dev_name = handset_tx_voice_48000
I/HTC Acoustic( 1299): parse freq 48000
I/HTC Acoustic( 1299): act_size=25, freq=48000
D/HTC Acoustic( 1299): ioctl ACOUSTIC_UPDATE_ADIE success
D/HTC Acoustic( 1299): [8] dev_name = headset_stereo_rx_midi_48000
I/HTC Acoustic( 1299): parse freq 48000
I/HTC Acoustic( 1299): act_size=28, freq=48000
D/HTC Acoustic( 1299): ioctl ACOUSTIC_UPDATE_ADIE success
D/HTC Acoustic( 1299): [9] dev_name = headset_stereo_rx_voice_48000
I/HTC Acoustic( 1299): parse freq 48000
I/HTC Acoustic( 1299): act_size=28, freq=48000
D/HTC Acoustic( 1299): ioctl ACOUSTIC_UPDATE_ADIE success
D/HTC Acoustic( 1299): [10] dev_name = headset_mono_tx_midi_8000
I/HTC Acoustic( 1299): parse freq 8000
I/HTC Acoustic( 1299): act_size=25, freq=8000
D/HTC Acoustic( 1299): ioctl ACOUSTIC_UPDATE_ADIE success
D/HTC Acoustic( 1299): [11] dev_name = headset_mono_tx_voice_8000
I/HTC Acoustic( 1299): parse freq 8000
I/HTC Acoustic( 1299): act_size=25, freq=8000
D/HTC Acoustic( 1299): ioctl ACOUSTIC_UPDATE_ADIE success
D/HTC Acoustic( 1299): [12] dev_name = headset_mono_tx_voice_16000
I/HTC Acoustic( 1299): parse freq 16000
I/HTC Acoustic( 1299): act_size=25, freq=16000
D/HTC Acoustic( 1299): ioctl ACOUSTIC_UPDATE_ADIE success
D/HTC Acoustic( 1299): [13] dev_name = headset_mono_tx_midi_48000
I/HTC Acoustic( 1299): parse freq 48000
I/HTC Acoustic( 1299): act_size=25, freq=48000
D/HTC Acoustic( 1299): ioctl ACOUSTIC_UPDATE_ADIE success
D/HTC Acoustic( 1299): [14] dev_name = headset_mono_tx_voice_48000
I/HTC Acoustic( 1299): parse freq 48000
I/HTC Acoustic( 1299): act_size=25, freq=48000
D/HTC Acoustic( 1299): ioctl ACOUSTIC_UPDATE_ADIE success
D/HTC Acoustic( 1299): [15] dev_name = speaker_mono_rx_midi_48000
I/HTC Acoustic( 1299): parse freq 48000
I/HTC Acoustic( 1299): act_size=25, freq=48000
D/HTC Acoustic( 1299): ioctl ACOUSTIC_UPDATE_ADIE success
D/HTC Acoustic( 1299): [16] dev_name = speaker_mono_rx_voice_48000
I/HTC Acoustic( 1299): parse freq 48000
I/HTC Acoustic( 1299): act_size=25, freq=48000
D/HTC Acoustic( 1299): ioctl ACOUSTIC_UPDATE_ADIE success
D/HTC Acoustic( 1299): [17] dev_name = speaker_mono_tx_midi_8000
I/HTC Acoustic( 1299): parse freq 8000
I/HTC Acoustic( 1299): act_size=25, freq=8000
D/HTC Acoustic( 1299): ioctl ACOUSTIC_UPDATE_ADIE success
D/HTC Acoustic( 1299): [18] dev_name = speaker_mono_tx_voice_8000
I/HTC Acoustic( 1299): parse freq 8000
I/HTC Acoustic( 1299): act_size=25, freq=8000
D/HTC Acoustic( 1299): ioctl ACOUSTIC_UPDATE_ADIE success
D/HTC Acoustic( 1299): [19] dev_name = speaker_mono_tx_voice_16000
I/HTC Acoustic( 1299): parse freq 16000
I/HTC Acoustic( 1299): act_size