I/DEBUG   (  128):     40f40938 00000028 00000083 40afa950 00000000  
I/DEBUG   (  128):     40f40948 00000036 00000000 006f0063 002e006d  
I/DEBUG   (  128):     40f40958 006f0067 0067006f 0065006c 0061002e  
I/DEBUG   (  128):     40f40968 0064006e 006f0072 00640069 0061002e  
I/DEBUG   (  128):     40f40978 00700070 002e0073 006c0070 00730075  
I/DEBUG   (  128):     40f40988 0070002e 006f0068 0065006e 0053002e  
I/DEBUG   (  128):     40f40998 00720074 00610065 004f006d 0065006e  
I/DEBUG   (  128):     40f409a8 00700055 00630041 00690074 00690076  
I/DEBUG   (  128):     40f409b8 00790074 00000023 40afa0e0 00000000  
I/DEBUG   (  128):     40f409c8 40f40940 82ddd291 00000000 00000036  
I/DEBUG   (  128):     40f409d8 00000000 00000139 40f40650 40f41868  
I/DEBUG   (  128):     40f409e8 00000000 00000000 00000000 00000000  
I/DEBUG   (  128): 
I/DEBUG   (  128): memory near sl:
I/DEBUG   (  128):     40884190 00000000 00000000 00000000 00000000  
I/DEBUG   (  128):     408841a0 00000000 00000000 00000000 00000000  
I/DEBUG   (  128):     408841b0 00c25908 00c258f8 00800000 10000000  
I/DEBUG   (  128):     408841c0 06000000 00000000 00000000 3fe80000  
I/DEBUG   (  128):     408841d0 00200000 00800000 00004000 00006000  
I/DEBUG   (  128):     408841e0 00000001 00000101 00000002 00000001  
I/DEBUG   (  128):     408841f0 00000000 00000000 00000000 00000002  
I/DEBUG   (  128):     40884200 000001f4 40220611 40221789 00000000  
I/DEBUG   (  128):     40884210 402205f9 00000000 00000000 00000000  
I/DEBUG   (  128):     40884220 00c25b38 00000000 00000002 00000003  
I/DEBUG   (  128):     40884230 00000001 00000001 00010100 00000100  
I/DEBUG   (  128):     40884240 00000000 00c25a68 00000003 00000000  
I/DEBUG   (  128):     40884250 00c25a58 00c315f8 00000000 00000000  
I/DEBUG   (  128):     40884260 00c2c458 50000c4e 00c2cca0 00000000  
I/DEBUG   (  128):     40884270 00c39618 00c39e40 40af91e8 40af92a8  
I/DEBUG   (  128):     40884280 40af9350 40af93f8 40af94a0 40af9548  
I/DEBUG   (  128): 
I/DEBUG   (  128): memory near ip:
I/DEBUG   (  128):     4087feb8 4011c80c 401138c0 40112434 40113af0  
I/DEBUG   (  128):     4087fec8 40112448 40113790 4011bad0 401136c0  
I/DEBUG   (  128):     4087fed8 4011396c 40120e71 4018684d 401869ed  
I/DEBUG   (  128):     4087fee8 4011bc60 401121e0 40112228 40112210  
I/DEBUG   (  128):     4087fef8 401210a9 4012112d 40121185 401218cb  
I/DEBUG   (  128):     4087ff08 401172dd 4011c0d0 4012eb8d 4011fca5  
I/DEBUG   (  128):     4087ff18 40122077 4011bf80 4011c1f4 4011c518  
I/DEBUG   (  128):     4087ff28 4011c0ec 4011c1a0 4011c3f8 4011c108  
I/DEBUG   (  128):     4087ff38 400f1285 400f13ad 400f14d5 400f1491  
I/DEBUG   (  128):     4087ff48 4011cc48 4011cbbc 4011ca78 4011cad4  
I/DEBUG   (  128):     4087ff58 40185bd1 40121805 4011c098 40138229  
I/DEBUG   (  128):     4087ff68 40134091 4012a529 4012ae11 4011cbdc  
I/DEBUG   (  128):     4087ff78 4011cb10 4012acd9 4011cab4 4011caf4  
I/DEBUG   (  128):     4087ff88 4011d1d4 4011bcd0 4011c9b4 40189341  
I/DEBUG   (  128):     4087ff98 401872cd 4011bd5c 4011bc7c 4011bb9c  
I/DEBUG   (  128):     4087ffa8 4012181f 4011cec0 4011bd9c 40122361  
I/DEBUG   (  128): 
I/DEBUG   (  128): memory near sp:
I/DEBUG   (  128):     5cfb0cc8 40afa008 40f40878 00000003 4082a6b9  
I/DEBUG   (  128):     5cfb0cd8 00000001 00000004 df0027ad 00000000  
I/DEBUG   (  128):     5cfb0ce8 40f40898 40f40918 40f40e70 00000344  
I/DEBUG   (  128):     5cfb0cf8 00000001 40e47bf8 00000011 40150228  
I/DEBUG   (  128):     5cfb0d08 414b48a8 0000013e 00000003 00c3cd78  
I/DEBUG   (  128):     5cfb0d18 57f0a307 40af9938 408712d5 00c3cd75  
I/DEBUG   (  128):     5cfb0d28 00c3cd50 6f1fd30b 00000001 40e47bf8  
I/DEBUG   (  128):     5cfb0d38 00000011 412fe2e0 4008fac8 00c63118  
I/DEBUG   (  128):     5cfb0d48 40af9938 4008fab4 00000000 4081a3e1  
I/DEBUG   (  128):     5cfb0d58 412fe2d0 00c63128 00c63128 4083c671  
I/DEBUG   (  128):     5cfb0d68 00c63118 56cca550 4083c651 40824eb1  
I/DEBUG   (  128):     5cfb0d78 4008fac8 00c63128 56cca550 57d45d08  
I/DEBUG   (  128):     5cfb0d88 4008fae0 00c63118 40af9938 407f45c0  
I/DEBUG   (  128):     5cfb0d98 00000000 407fd864 00000000 00c63118  
I/DEBUG   (  128):     5cfb0da8 4087fc84 56e4fa50 fffffe60 5cfb0dd4  
I/DEBUG   (  128):     5cfb0db8 5cfb0ea8 00000000 00000000 40801440  
I/DEBUG   (  128): 
I/DEBUG   (  128): code around pc:
I/DEBUG   (  128):     40834f0c f8521c0c 42912c0c f853d108 f8c01c08  
I/DEBUG   (  128):     40834f1c f85310a8 60433c14 47702001 47702000  
I/DEBUG   (  128):     40834f2c 68404603 f410b530 b08764a0 d103460d  
I/DEBUG   (  128):     40834f3c f1b26a1a d10c0110 bf5805c2 30fff04f  
I/DEBUG   (  128):     40834f4c f410d51a bf0c6f80 0001f06f 30fff04f  
I/DEBUG   (  128):     40834f5c 681ae012 f04f9504 950535ff 90006a95  
I/DEBUG   (  128):     40834f6c 94024806 90014478 9003a804 69926828  
I/DEBUG   (  128):     40834f7c f024699b 9805fb83 bd30b007 ffffff31  
I/DEBUG   (  128):     40834f8c 20004603 f853e005 b1022c0c f8533001  
I/DEBUG   (  128):     40834f9c 2b003c14 4770d1f7 0360f8d0 47701a40  
I/DEBUG   (  128):     40834fac f8504b0a 447b0c14 f8d3681b f8503154  
I/DEBUG   (  128):     40834fbc b9522c0c 0c14f850 f850b138 68112c0c  
I/DEBUG   (  128):     40834fcc d1024299 0c14f850 4770e7f1 0004ab16  
I/DEBUG   (  128):     40834fdc f7ffb508 b110ffe5 3c0cf850 bd086818  
I/DEBUG   (  128):     40834fec 0c14f850 f850b508 b94b3c0c 3c14f850  
I/DEBUG   (  128):     40834ffc e003b933 0c0cf850 bd086800 bd084618  
I/DEBUG   (  128): 
I/DEBUG   (  128): code around lr:
I/DEBUG   (  128):     4081a2e8 f0102100 4606f9db d0542800 682f6869  
I/DEBUG   (  128):     4081a2f8 bf081c4b 0b00f04f 4638d003 fe12f01a  
I/DEBUG   (  128):     4081a308 68394683 6989a80b fb3ef00a f010a80b  
I/DEBUG   (  128):     4081a318 4680f89a f0106938 4681f88c f0264638  
I/DEBUG   (  128):     4081a328 b108fdd1 f885f010 f00e4607 ab08fa41  
I/DEBUG   (  128):     4081a338 e88d4632 97020300 b00cf8cd 12b4f8da  
I/DEBUG   (  128):     4081a348 f919f01b 21004630 fa18f010 21004640  
I/DEBUG   (  128):     4081a358 fa14f010 21004648 fa10f010 21004638  
I/DEBUG   (  128):     4081a368 fa0cf010 fa24f00e b96b6c43 35089a05  
I/DEBUG   (  128):     4081a378 0c84eb02 46103401 6010f8cc fcb2f010  
I/DEBUG   (  128):     4081a388 f7f4a80b e003f9b5 f7f4a80b e002f9b1  
I/DEBUG   (  128):     4081a398 42849806 9b07d1a2 68199a11 d001428a  
I/DEBUG   (  128):     4081a3a8 ebc4f7d9 e8bdb013 bf008ff0 00065832  
I/DEBUG   (  128):     4081a3b8 00065804 22004b0b 447bb570 4606681b  
I/DEBUG   (  128):     4081a3c8 f8d3460d f0230134 4604fa51 4630b140  
I/DEBUG   (  128):     4081a3d8 46224629 ff68f7ff 21004620 f9cef010  
I/ServiceManager(  121): service 'entropy' died
I/ServiceManager(  121): service 'power' died
I/ServiceManager(  121): service 'batteryinfo' died
I/ServiceManager(  121): service 'usagestats' died
I/ServiceManager(  121): service 'display' died
I/ServiceManager(  121): service 'telephony.registry' died
I/ServiceManager(  121): service 'scheduling_policy' died
I/ServiceManager(  121): service 'package' died
I/ServiceManager(  121): service 'sensorservice' died
I/ServiceManager(  121): service 'alarm' died
I/ServiceManager(  121): service 'hardware' died
I/ServiceManager(  121): service 'battery' died
I/ServiceManager(  121): service 'vibrator' died
I/ServiceManager(  121): service 'activity' died
I/ServiceManager(  121): service 'meminfo' died
I/ServiceManager(  121): service 'gfxinfo' died
I/ServiceManager(  121): service 'dbinfo' died
I/ServiceManager(  121): service 'cpuinfo' died
I/ServiceManager(  121): service 'permission' died
I/ServiceManager(  121): service 'user' died
I/ServiceManager(  121): service 'account' died
I/ServiceManager(  121): service 'content' died
E/installd(  134): eof
E/installd(  134): failed to read size
I/installd(  134): closing connection
D/Zygote  (  131): Process 404 terminated by signal (11)
I/Zygote  (  131): Exit zygote because system server (404) has terminated
I/ServiceManager(  121): service 'media.audio_policy' died
I/ServiceManager(  121): service 'media.audio_flinger' died
I/ServiceManager(  121): service 'media.player' died
I/ServiceManager(  121): service 'media.camera' died
I/Netd    (  509): Netd 1.0 starting
W/InterfaceController(  509): Warning (Cannot load library: load_library(linker.cpp:771): library "/system/lib/libnetcmdiface.so" not found) while opening the net interface command library
D/AndroidRuntime(  510): 
D/AndroidRuntime(  510): >>>>>> AndroidRuntime START com.android.internal.os.ZygoteInit <<<<<<
D/AndroidRuntime(  510): CheckJNI is OFF
D/dalvikvm(  510): Trying to load lib libjavacore.so 0x0
D/dalvikvm(  510): Added shared lib libjavacore.so 0x0
D/dalvikvm(  510): Trying to load lib libnativehelper.so 0x0
D/dalvikvm(  510): Added shared lib libnativehelper.so 0x0
I/mediaserver(  508): ServiceManager: 0xe6aed8
I/AudioFlinger(  508): Using default 3000 mSec as standby time.
E/MediaPlayerFactory(  508): Failed to open FACTORY_LIB Error : Cannot load library: load_library(linker.cpp:771): library "libdashplayer.so" not found 
I/CameraService(  508): CameraService started (pid=508)
V/CameraWrapper(  508): camera_get_number_of_cameras
V/CameraWrapper(  508): check_vendor_module
D/QualcommCameraHardwareZSL(  508): int android::HAL_getNumberOfCameras(),return how many camera 2
I/AudioPolicyManagerBase(  508): loadAudioPolicyConfig() loaded /system/etc/audio_policy.conf
D/AudioHardwareMSM8660(  508): msm_mixer_open: Opening the device
D/AudioHardwareMSM8660(  508): msm_mixer_count:mixer_cnt =56
I/AudioHardwareMSM8660(  508): index = 0
I/AudioHardwareMSM8660(  508): Found device: handset_rx:index = 0,dev_id: 0
I/AudioHardwareMSM8660(  508): acdb ID = 7,class ID = 0,capablity = 5 for device 0
I/AudioHardwareMSM8660(  508): index = 1
I/AudioHardwareMSM8660(  508): Found device: handset_tx:index = 1,dev_id: 1
I/AudioHardwareMSM8660(  508): acdb ID = 4,class ID = 1,capablity = 6 for device 1
I/AudioHardwareMSM8660(  508): index = 2
I/AudioHardwareMSM8660(  508): Found device: speaker_stereo_rx:index = 2,dev_id: 2
I/AudioHardwareMSM8660(  508): acdb ID = 15,class ID = 0,capablity = 5 for device 2
I/AudioHardwareMSM8660(  508): index = 5
I/AudioHardwareMSM8660(  508): Found device: headset_mono_tx:index = 5,dev_id: 3
I/AudioHardwareMSM8660(  508): acdb ID = 8,class ID = 1,capablity = 6 for device 3
I/AudioHardwareMSM8660(  508): index = 3
I/AudioHardwareMSM8660(  508): Found device: speaker_mono_tx:index = 3,dev_id: 4
I/AudioHardwareMSM8660(  508): acdb ID = 11,class ID = 1,capablity = 6 for device 4
I/AudioHardwareMSM8660(  508): index = 4
I/AudioHardwareMSM8660(  508): Found device: headset_stereo_rx:index = 4,dev_id: 5
I/AudioHardwareMSM8660(  508): acdb ID = 10,class ID = 0,capablity = 5 for device 5
I/AudioHardwareMSM8660(  508): index = 12
I/AudioHardwareMSM8660(  508): Found device: tty_headset_mono_tx:index = 12,dev_id: 6
I/AudioHardwareMSM8660(  508): acdb ID = 16,class ID = 1,capablity = 38 for device 6
I/AudioHardwareMSM8660(  508): index = 11
I/AudioHardwareMSM8660(  508): Found device: tty_headset_mono_rx:index = 11,dev_id: 7
I/AudioHardwareMSM8660(  508): acdb ID = 17,class ID = 0,capablity = 37 for device 7
I/AudioHardwareMSM8660(  508): index = 8
I/AudioHardwareMSM8660(  508): Found device: fmradio_speaker_rx:index = 8,dev_id: 8
I/AudioHardwareMSM8660(  508): acdb ID = 255,class ID = 0,capablity = 17 for device 8
I/AudioHardwareMSM8660(  508): index = 7
I/AudioHardwareMSM8660(  508): Found device: fmradio_headset_rx:index = 7,dev_id: 9
I/AudioHardwareMSM8660(  508): acdb ID = 255,class ID = 0,capablity = 17 for device 9
I/AudioHardwareMSM8660(  508): index = 9
I/AudioHardwareMSM8660(  508): Found device: handset_dual_mic_endfire_tx:index = 9,dev_id: 10
I/AudioHardwareMSM8660(  508): acdb ID = 6,class ID = 1,capablity = 6 for device 10
I/AudioHardwareMSM8660(  508): index = 10
I/AudioHardwareMSM8660(  508): Found device: speaker_dual_mic_endfire_tx:index = 10,dev_id: 11
I/AudioHardwareMSM8660(  508): acdb ID = 13,class ID = 1,capablity = 6 for device 11
I/AudioHardwareMSM8660(  508): index = 13
I/AudioHardwareMSM8660(  508): Found device: headset_stereo_speaker_stereo_rx:index = 13,dev_id: 14
I/AudioHardwareMSM8660(  508): acdb ID = 255,class ID = 0,capablity = 5 for device 14
I/AudioHardwareMSM8660(  508): Not used device: headset_mono_rx
I/AudioHardwareMSM8660(  508): index = 13
I/AudioHardwareMSM8660(  508): Found device: headset_speaker_stereo_rx:index = 13,dev_id: 16
I/AudioHardwareMSM8660(  508): acdb ID = 255,class ID = 0,capablity = 5 for device 16
I/AudioHardwareMSM8660(  508): Not used device: back_mic_tx
I/AudioHardwareMSM8660(  508): index = 16
I/AudioHardwareMSM8660(  508): Found device: anc_headset_stereo_rx:index = 16,dev_id: 18
I/AudioHardwareMSM8660(  508): acdb ID = 26,class ID = 0,capablity = 69 for device 18
I/AudioHardwareMSM8660(  508): Not used device: dual_mic_stereo_tx
I/AudioHardwareMSM8660(  508): Not used device: hac_rx
I/AudioHardwareMSM8660(  508): Not used device: nomic_headset_tx
I/AudioHardwareMSM8660(  508): Not used device: nomic_headset_stereo_rx
I/AudioHardwareMSM8660(  508): Not used device: usb_headset_stereo_rx
I/AudioHardwareMSM8660(  508): Not used device: speaker_mono_rx
I/AudioHardwareMSM8660(  508): Not used device: camcorder_mono_tx
I/AudioHardwareMSM8660(  508): Not used device: camcorder_stereo_tx
I/AudioHardwareMSM8660(  508): Not used device: camcorder_stereo_rev_tx
I/AudioHardwareMSM8660(  508): Not used device: camcorder_headset_tx
I/AudioHardwareMSM8660(  508): Not used device: vr_handset_mono_tx
I/AudioHardwareMSM8660(  508): Not used device: vr_headset_mono_tx
I/AudioHardwareMSM8660(  508): Not used device: speaker_mono_alt_rx
I/AudioHardwareMSM8660(  508): Not used device: imic_note_tx
I/AudioHardwareMSM8660(  508): Not used device: ispkr_note_rx
I/AudioHardwareMSM8660(  508): Not used device: emic_note_tx
I/AudioHardwareMSM8660(  508): Not used device: headset_note_rx
I/AudioHardwareMSM8660(  508): index = 17
I/AudioHardwareMSM8660(  508): Found device: bt_sco_rx:index = 17,dev_id: 36
I/AudioHardwareMSM8660(  508): acdb ID = 22,class ID = 2,capablity = 5 for device 36
I/AudioHardwareMSM8660(  508): index = 18
I/AudioHardwareMSM8660(  508): Found device: bt_sco_tx:index = 18,dev_id: 37
I/AudioHardwareMSM8660(  508): acdb ID = 21,class ID = 3,capablity = 6 for device 37
I/AudioHardwareMSM8660(  508): index = 14
I/AudioHardwareMSM8660(  508): Found device: fmradio_stereo_tx:index = 14,dev_id: 38
I/AudioHardwareMSM8660(  508): acdb ID = 255,class ID = 7,capablity = 2 for device 38
I/AudioHardwareMSM8660(  508): index = 19
I/AudioHardwareMSM8660(  508): Found device: fmradio_stereo_rx:index = 19,dev_id: 39
I/AudioHardwareMSM8660(  508): acdb ID = 0,class ID = 6,capablity = 1 for device 39
I/AudioHardwareMSM8660(  508): Not used device: uplink_rx
I/AudioHardwareMSM8660(  508): index = 15
I/AudioHardwareMSM8660(  508): Found device: hdmi_stereo_rx:index = 15,dev_id: 41
I/AudioHardwareMSM8660(  508): acdb ID = 18,class ID = 8,capablity = 1 for device 41
I/HTC Acoustic(  508): libhtc_acoustic.so(8x60 platform) version 1.0.0.5
D/HTC Acoustic(  508): int android_audio_legacy::support_audience(), support_a1026: 0
I/HTC Acoustic(  508): Open /system/etc/AdieHWCodec.csv success.
D/HTC Acoustic(  508): PYRAMID_HTC_2010813
D/HTC Acoustic(  508): [1] dev_name = handset_rx_midi_48000
I/HTC Acoustic(  508): parse freq 48000
I/HTC Acoustic(  508): act_size=26, freq=48000
D/HTC Acoustic(  508): ioctl ACOUSTIC_UPDATE_ADIE success
D/HTC Acoustic(  508): [2] dev_name = handset_rx_voice_48000
I/HTC Acoustic(  508): parse freq 48000
I/HTC Acoustic(  508): act_size=26, freq=48000
D/HTC Acoustic(  508): ioctl ACOUSTIC_UPDATE_ADIE success
D/HTC Acoustic(  508): [3] dev_name = handset_tx_midi_8000
I/HTC Acoustic(  508): parse freq 8000
I/HTC Acoustic(  508): act_size=25, freq=8000
D/HTC Acoustic(  508): ioctl ACOUSTIC_UPDATE_ADIE success
D/HTC Acoustic(  508): [4] dev_name = handset_tx_voice_8000
I/HTC Acoustic(  508): parse freq 8000
I/HTC Acoustic(  508): act_size=25, freq=8000
D/HTC Acoustic(  508): ioctl ACOUSTIC_UPDATE_ADIE success
D/HTC Acoustic(  508): [5] dev_name = handset_tx_voice_16000
I/HTC Acoustic(  508): parse freq 16000
I/HTC Acoustic(  508): act_size=25, freq=16000
D/HTC Acoustic(  508): ioctl ACOUSTIC_UPDATE_ADIE success
D/HTC Acoustic(  508): [6] dev_name = handset_tx_midi_48000
I/HTC Acoustic(  508): parse freq 48000
I/HTC Acoustic(  508): act_size=25, freq=48000
D/HTC Acoustic(  508): ioctl ACOUSTIC_UPDATE_ADIE success
D/HTC Acoustic(  508): [7] dev_name = handset_tx_voice_48000
I/HTC Acoustic(  508): parse freq 48000
I/HTC Acoustic(  508): act_size=25, freq=48000
D/HTC Acoustic(  508): ioctl ACOUSTIC_UPDATE_ADIE success
D/HTC Acoustic(  508): [8] dev_name = headset_stereo_rx_midi_48000
I/HTC Acoustic(  508): parse freq 48000
I/HTC Acoustic(  508): act_size=28, freq=48000
D/HTC Acoustic(  508): ioctl ACOUSTIC_UPDATE_ADIE success
D/HTC Acoustic(  508): [9] dev_name = headset_stereo_rx_voice_48000
I/HTC Acoustic(  508): parse freq 48000
I/HTC Acoustic(  508): act_size=28, freq=48000
D/HTC Acoustic(  508): ioctl ACOUSTIC_UPDATE_ADIE success
D/HTC Acoustic(  508): [10] dev_name = headset_mono_tx_midi_8000
I/HTC Acoustic(  508): parse freq 8000
I/HTC Acoustic(  508): act_size=25, freq=8000
D/HTC Acoustic(  508): ioctl ACOUSTIC_UPDATE_ADIE success
D/HTC Acoustic(  508): [11] dev_name = headset_mono_tx_voice_8000
I/HTC Acoustic(  508): parse freq 8000
I/HTC Acoustic(  508): act_size=25, freq=8000
D/HTC Acoustic(  508): ioctl ACOUSTIC_UPDATE_ADIE success
D/HTC Acoustic(  508): [12] dev_name = headset_mono_tx_voice_16000
I/HTC Acoustic(  508): parse freq 16000
I/HTC Acoustic(  508): act_size=25, freq=16000
D/HTC Acoustic(  508): ioctl ACOUSTIC_UPDATE_ADIE success
D/HTC Acoustic(  508): [13] dev_name = headset_mono_tx_midi_48000
I/HTC Acoustic(  508): parse freq 48000
I/HTC Acoustic(  508): act_size=25, freq=48000
D/HTC Acoustic(  508): ioctl ACOUSTIC_UPDATE_ADIE success
D/HTC Acoustic(  508): [14] dev_name = headset_mono_tx_voice_48000
I/HTC Acoustic(  508): parse freq 48000
I/HTC Acoustic(  508): act_size=25, freq=48000
D/HTC Acoustic(  508): ioctl ACOUSTIC_UPDATE_ADIE success
D/HTC Acoustic(  508): [15] dev_name = speaker_mono_rx_midi_48000
I/HTC Acoustic(  508): parse freq 48000
I/HTC Acoustic(  508): act_size=25, freq=48000
D/HTC Acoustic(  508): ioctl ACOUSTIC_UPDATE_ADIE success
D/HTC Acoustic(  508): [16] dev_name = speaker_mono_rx_voice_48000
I/HTC Acoustic(  508): parse freq 48000
I/HTC Acoustic(  508): act_size=25, freq=48000
D/HTC Acoustic(  508): ioctl ACOUSTIC_UPDATE_ADIE success
D/HTC Acoustic(  508): [17] dev_name = speaker_mono_tx_midi_8000
I/HTC Acoustic(  508): parse freq 8000
I/HTC Acoustic(  508): act_size=25, freq=8000
D/HTC Acoustic(  508): ioctl ACOUSTIC_UPDATE_ADIE success
D/HTC Acoustic(  508): [18] dev_name = speaker_mono_tx_voice_8000
I/HTC Acoustic(  508): parse freq 8000
I/HTC Acoustic(  508): act_size=25, freq=8000
D/HTC Acoustic(  508): ioctl ACOUSTIC_UPDATE_ADIE success
D/HTC Acoustic(  508): [19] dev_name = speaker_mono_tx_voice_16000
I/HTC Acoustic(  508): parse freq 16000
I/HTC Acoustic(  508): act_size=25, freq=16000
D/HTC Acoustic(  508): ioctl ACOUSTIC_UPDATE_ADIE success
D/HTC Acoustic(  508): [20] dev_name = speaker_mono_tx_midi_48000
I/HTC Acoustic(  508): parse freq 48000
I/HTC Acoustic(  508): act_size=25, freq=48000
D/HTC Acoustic(  508): ioctl ACOUSTIC_UPDATE_ADIE success
D/HTC Acoustic(  508): [21] dev_name = speaker_mono_tx_voice_48000
I/HTC Acoustic(  508): parse freq 48000
I/HTC Acoustic(  508): act_size=25, freq=48000
D/HTC Acoustic(  508): ioctl ACOUSTIC_UPDATE_ADIE success
D/HTC Acoustic(  508): [22] dev_name = tty_headset_mono_rx_voice_8000
I/HTC Acoustic(  508): parse freq 8000
I/HTC Acoustic(  508): act_size=28, freq=8000
D/HTC Acoustic(  508): ioctl ACOUSTIC_UPDATE_ADIE success
D/HTC Acoustic(  508): [23] dev_name = tty_headset_mono_rx_voice_48000
I/HTC Acoustic(  508): parse freq 48000
I/HTC Acoustic(  508): act_size=28, freq=48000
D/HTC Acoustic(  508): ioctl ACOUSTIC_UPDATE_ADIE success
D/HTC Acoustic(  508): [24] dev_name = tty_headset_mono_tx_voice_8000
I/HTC Acoustic(  508): parse freq 8000
I/HTC Acoustic(  508): act_size=24, freq=8000
D/HTC Acoustic(  508): ioctl ACOUSTIC_UPDATE_ADIE success
D/HTC Acoustic(  508): [25] dev_name = tty_headset_mono_tx_voice_16000
I/HTC Acoustic(  508): parse freq 16000
I/HTC Acoustic(  508): act_size=24, freq=16000
D/HTC Acoustic(  508): ioctl ACOUSTIC_UPDATE_ADIE success
D/HTC Acoustic(  508): [26] dev_name = fmradio_headset_rx
I/HTC Acoustic(  508): act_size=18, freq=0
D/HTC Acoustic(  508): ioctl ACOUSTIC_UPDATE_ADIE success
D/HTC Acoustic(  508): [27] dev_name = fmradio_speaker_rx
I/HTC Acoustic(  508): act_size=18, freq=0
D/HTC Acoustic(  508): ioctl ACOUSTIC_UPDATE_ADIE success
D/HTC Acoustic(  508): [28] dev_name = headset_speaker_stereo_rx
I/HTC Acoustic(  508): parse freq 48000
I/HTC Acoustic(  508): act_size=33, freq=48000
D/HTC Acoustic(  508): ioctl ACOUSTIC_UPDATE_ADIE success
D/HTC Acoustic(  508): [29] dev_name = fmtx_headset
I/HTC Acoustic(  508): parse freq 48000
I/HTC Acoustic(  508): act_size=28, freq=48000
D/HTC Acoustic(  508): ioctl ACOUSTIC_UPDATE_ADIE success
I/HTC Acoustic(  508): Success on updating adie setting
I/HTC Acoustic(  508): open /system/etc/AudioBTID.csv success.
I/HTC Acoustic(  508): BT ID table version: PYD_HTC_20110310
I/HTC Acoustic(  508): TPA2051 CSV File Open From /system/etc/TPA2051_CFG.csv
I/HTC Acoustic(  508): open /system/etc/TPA2051_CFG.csv success.
D/HTC Acoustic(  508): int android_audio_legacy::support_codec_aic3254(), support_aic3254: 1
D/HTC Acoustic(  508): int android_audio_legacy::support_back_mic(), support_back_mic: 1
D/HTC Acoustic(  508): int android_audio_legacy::support_audience(), support_a1026: 0
D/HTC Acoustic(  508): failed to open file /system/etc/AIC3254_REG_MFG.csv: No such file or directory (2).
D/HTC Acoustic(  508): int android_audio_legacy::support_audience(), support_a1026: 0
D/HTC Acoustic(  508): failed to open file /system/etc/AIC3254_REG_MFG.txt: No such file or directory (2).
I/HTC Acoustic(  508): open /system/etc/AIC3254_REG_DualMic.csv success.
I/SamplingProfilerIntegration(  510): Profiling disabled.
I/HTC Acoustic(  508): AIC3254 table version:  HTC_RUY_0711
D/HTC Acoustic(  508): int android_audio_legacy::support_audience(), support_a1026: 0
D/HTC Acoustic(  508): int android_audio_legacy::support_audience(), support_a1026: 0
D/HTC Acoustic(  508): AMR_WB not supported. /system/etc/CodecDSPID_WB.txt cannot be opened.
D/HTC Acoustic(  508): int android_audio_legacy::support_amr_wb(), support_amr_wb: 0
D/HTC Acoustic(  508): int android_audio_legacy::support_audience(), support_a1026: 0
I/HTC Acoustic(  508): open /system/etc/CodecDSPID.txt success.
I/HTC Acoustic(  508): Codec dsp mapping table version:  RUY_soundeffet_2011_0711
I/Zygote  (  510): Preloading classes...
I/HTC Acoustic(  508): open /system/etc/soundimage/Sound_Phone_Original_HP.txt success.
D/dalvikvm(  510): GC_EXPLICIT freed 36K, 9% free 427K/468K, paused 0ms+1ms, total 3ms
I/HTC Acoustic(  508): (Phone_Default,/system/etc/soundimage/Sound_Phone_Original_HP.txt) with index 0
I/HTC Acoustic(  508): open /system/etc/soundimage/Sound_Original.txt success.
I/HTC Acoustic(  508): (Playback_Default,/system/etc/soundimage/Sound_Original.txt) with index 1
I/HTC Acoustic(  508): open /system/etc/soundimage/Sound_Original_SPK.txt success.
I/HTC Acoustic(  508): (Playback_Speaker_Default,/system/etc/soundimage/Sound_Original_SPK.txt) with index 2
I/HTC Acoustic(  508): open /system/etc/soundimage/Sound_Original_Recording.txt success.
I/HTC Acoustic(  508): (Record_Default,/system/etc/soundimage/Sound_Original_Recording.txt) with index 3
I/HTC Acoustic(  508): open /system/etc/soundimage/Sound_Phone_Original_REC.txt success.
D/dalvikvm(  510): GC_EXPLICIT freed 3K, 5% free 495K/520K, paused 0ms+0ms, total 3ms
I/HTC Acoustic(  508): (Phone_Handset_Dualmic,/system/etc/soundimage/Sound_Phone_Original_REC.txt) with index 4
I/HTC Acoustic(  508): open /system/etc/soundimage/Sound_Phone_Original_SPK.txt success.
D/dalvikvm(  510): Note: class Landroid/app/ActivityManagerNative; has 157 unimplemented (abstract) methods
I/HTC Acoustic(  508): (Phone_Speaker_Dualmic,/system/etc/soundimage/Sound_Phone_Original_SPK.txt) with index 5
I/HTC Acoustic(  508): open /system/etc/soundimage/Sound_Phone_Original_HP.txt success.
I/HTC Acoustic(  508): (Phone_Headset,/system/etc/soundimage/Sound_Phone_Original_HP.txt) with index 6
I/HTC Acoustic(  508): open /system/etc/soundimage/Sound_Phone_Original_REC.txt success.
D/dalvikvm(  510): GC_EXPLICIT freed 21K, 5% free 534K/560K, paused 0ms+0ms, total 5ms
I/HTC Acoustic(  508): (Phone_HAC,/system/etc/soundimage/Sound_Phone_Original_REC.txt) with index 7
I/HTC Acoustic(  508): open /system/etc/soundimage/Sound_Phone_Original_HP.txt success.
I/HTC Acoustic(  508): (Phone_TTY,/system/etc/soundimage/Sound_Phone_Original_HP.txt) with index 8
I/HTC Acoustic(  508): open /system/etc/soundimage/Sound_Recording.txt success.
D/dalvikvm(  510): GC_EXPLICIT freed 26K, 5% free 562K/592K, paused 0ms+1ms, total 6ms
I/HTC Acoustic(  508): (Record_V_Mono,/system/etc/soundimage/Sound_Recording.txt) with index 9
D/dalvikvm(  510): GC_EXPLICIT freed 18K, 4% free 612K/636K, paused 1ms+1ms, total 4ms
I/HTC Acoustic(  508): open /system/etc/soundimage/Sound_Rec_Landscape.txt success.
I/HTC Acoustic(  508): (Record_V_IMIC_Landscape_Stereo,/system/etc/soundimage/Sound_Rec_Landscape.txt) with index 10
I/HTC Acoustic(  508): open /system/etc/soundimage/Sound_Rec_Portrait.txt success.
I/HTC Acoustic(  508): (Record_V_IMIC_Protrait_Stereo,/system/etc/soundimage/Sound_Rec_Portrait.txt) with index 11
I/HTC Acoustic(  508): open /system/etc/soundimage/Sound_Recording.txt success.
D/dalvikvm(  510): GC_EXPLICIT freed 25K, 5% free 640K/668K, paused 1ms+0ms, total 4ms
I/HTC Acoustic(  508): (Record_A_IMIC_Mono,/system/etc/soundimage/Sound_Recording.txt) with index 12
I/HTC Acoustic(  508): open /system/etc/soundimage/Sound_Recording.txt success.
I/HTC Acoustic(  508): (Record_A_EMIC_Mono,/system/etc/soundimage/Sound_Recording.txt) with index 13
I/HTC Acoustic(  508): htc_effect_mask = 0xfbfe
D/HTC Acoustic(  508): int android_audio_legacy::support_back_mic(), support_back_mic: 1
I/AudioHardwareMSM8660(  508): Set master volume to 7.
I/AudioFlinger(  508): loadHwModule() Loaded primary audio interface from QCOM Audio HW HAL (audio) handle 1
I/AudioFlinger(  508): HAL output buffer size 1200 frames, normal mix buffer size 1200 frames
I/AudioMixer(  508): found effect "Multichannel Downmix To Stereo" from The Android Open Source Project
I/AudioFlinger(  508): Using module 1 has the primary audio interface
D/AudioHardwareInterface(  508): setMode(NORMAL)
I/AudioFlinger(  508): AudioFlinger's thread 0xe74668 ready to run
W/AudioFlinger(  508): Thread AudioOut_2 cannot connect to the power manager service
I/AudioHardwareMSM8660(  508): Routing audio to Speakerphone
D/AudioHardwareMSM8660(  508): aic3254_config: device 1 enabled 1
D/AudioHardwareMSM8660(  508): aic3254_config: loading effect Playback_Default
I/HTC Acoustic(  508): set_audio_effect: Playback_Default
I/HTC Acoustic(  508): set_audio_effect: match with name Playback_Default (1)
I/HTC Acoustic(  508): found enabled DSP firmwares and return 0
D/AudioHardwareMSM8660(  508): do_aic3254_control device: 1 mode: 0 record: 0
D/dalvikvm(  510): GC_EXPLICIT freed 60K, 9% free 732K/796K, paused 0ms+0ms, total 6ms
I/AudioHardwareMSM8660(  508): aic3254 powered off
D/AudioHardwareMSM8660(  508): new_rx = 2
D/AudioHardwareMSM8660(  508): new_tx = 4
D/AudioHardwareMSM8660(  508): updateDeviceInfo() called for default case
D/AudioHardwareMSM8660(  508): updateDeviceInfo: E
D/AudioHardwareMSM8660(  508): simple device switch
D/AudioHardwareMSM8660(  508): update TPA2051_SET_MODE to mode 4 success
E/AudioHardwareMSM8660(  508):  unknown stream 
I/audio_a2dp_hw(  508): adev_open:  adev_open in A2dp_hw module
I/AudioFlinger(  508): loadHwModule() Loaded a2dp audio interface from A2DP Audio HW HAL (audio) handle 3
I/AudioPolicyService(  508): Loaded audio policy from QCOM Audio Policy HAL (audio_policy)
D/AudioHardwareMSM8660(  508): AudioStreamOutMSM8x60::standby()
D/dalvikvm(  510): GC_EXPLICIT freed 31K, 5% free 757K/796K, paused 0ms+0ms, total 5ms
D/TextLayoutCache(  510): Using debug level = 0 - Debug Enabled = 0
I/dalvikvm(  510): threadid=1: recursive native library load attempt (/system/lib/libmedia_jni.so)
D/MtpDeviceJNI(  510): register_android_mtp_MtpDevice
I/dalvikvm(  510): threadid=1: recursive native library load attempt (/system/lib/libmedia_jni.so)
I/dalvikvm(  510): threadid=1: recursive native library load attempt (/system/lib/libmedia_jni.so)
D/dalvikvm(  510): GC_EXPLICIT freed 22K, 3% free 799K/824K, paused 1ms+1ms, total 6ms
D/dalvikvm(  510): GC_EXPLICIT freed 15K, 2% free 842K/860K, paused 0ms+1ms, total 5ms
D/dalvikvm(  510): GC_EXPLICIT freed 489K, 28% free 1278K/1772K, paused 1ms+1ms, total 11ms
D/dalvikvm(  510): GC_EXPLICIT freed 30K, 27% free 1303K/1772K, paused 1ms+0ms, total 10ms
D/dalvikvm(  510): GC_EXPLICIT freed 12K, 21% free 1401K/1772K, paused 1ms+1ms, total 10ms
D/TelephonyManager(  510): No /proc/cmdline exception=java.io.FileNotFoundException: /proc/cmdline: open failed: EACCES (Permission denied)
D/TelephonyManager(  510): /proc/cmdline=
D/dalvikvm(  510): GC_EXPLICIT freed 23K, 19% free 1463K/1804K, paused 1ms+1ms, total 10ms
D/MDnsDS  (  509): MDnsSdListener::Hander starting up
D/MDnsDS  (  509): MDnsSdListener starting to monitor
D/MDnsDS  (  509): Going to poll with pollCount 1
D/dalvikvm(  510): GC_EXPLICIT freed 47K, 4% free 1746K/1804K, paused 1ms+1ms, total 14ms
D/dalvikvm(  510): GC_EXPLICIT freed 33K, 3% free 1780K/1824K, paused 2ms+1ms, total 13ms
D/dalvikvm(  510): GC_EXPLICIT freed 31K, 2% free 1803K/1840K, paused 1ms+1ms, total 13ms
D/dalvikvm(  510): GC_EXPLICIT freed 27K, 2% free 1829K/1860K, paused 1ms+1ms, total 13ms
I/dalvikvm(  510): threadid=1: recursive native library load attempt (/system/lib/libwebcore.so)
D/dalvikvm(  510): No JNI_OnLoad found in /system/lib/libchromium_net.so 0x0, skipping init
D/dalvikvm(  510): GC_EXPLICIT freed 20K, 2% free 1862K/1888K, paused 1ms+1ms, total 14ms
D/dalvikvm(  510): GC_EXPLICIT freed 26K, 2% free 1890K/1920K, paused 1ms+1ms, total 13ms
D/dalvikvm(  510): GC_EXPLICIT freed 27K, 2% free 1918K/1948K, paused 1ms+2ms, total 14ms
D/dalvikvm(  510): GC_EXPLICIT freed 27K, 2% free 1946K/1976K, paused 1ms+1ms, total 14ms
D/dalvikvm(  510): GC_EXPLICIT freed 31K, 2% free 1968K/2004K, paused 1ms+2ms, total 14ms
D/dalvikvm(  510): GC_EXPLICIT freed 28K, 2% free 1995K/2028K, paused 1ms+1ms, total 15ms
D/dalvikvm(  510): GC_EXPLICIT freed 29K, 2% free 2021K/2052K, paused 1ms+1ms, total 14ms
D/dalvikvm(  510): GC_EXPLICIT freed 39K, 2% free 2038K/2080K, paused 1ms+1ms, total 15ms
D/dalvikvm(  510): GC_EXPLICIT freed 41K, 3% free 2053K/2096K, paused 1ms+1ms, total 14ms
D/dalvikvm(  510): GC_EXPLICIT freed 40K, 3% free 2066K/2112K, paused 1ms+1ms, total 15ms
D/dalvikvm(  510): GC_EXPLICIT freed 17K, 1% free 2127K/2148K, paused 1ms+2ms, total 15ms
D/dalvikvm(  510): GC_EXPLICIT freed 51K, 3% free 2159K/2212K, paused 1ms+2ms, total 15ms
D/dalvikvm(  510): GC_EXPLICIT freed 29K, 2% free 2186K/2220K, paused 2ms+1ms, total 16ms
D/dalvikvm(  510): GC_EXPLICIT freed 37K, 2% free 2202K/2244K, paused 2ms+1ms, total 16ms
D/dalvikvm(  510): GC_EXPLICIT freed 31K, 2% free 2225K/2260K, paused 1ms+1ms, total 16ms
I/Zygote  (  510): ...preloaded 2541 classes in 1256ms.
D/dalvikvm(  510): GC_EXPLICIT freed 23K, 2% free 2230K/2260K, paused 2ms+1ms, total 17ms
I/Zygote  (  510): Preload resources disabled, skipped.
D/dalvikvm(  510): GC_EXPLICIT freed <1K, 2% free 2229K/2260K, paused 1ms+2ms, total 17ms
D/dalvikvm(  510): GC_EXPLICIT freed <1K, 2% free 2229K/2260K, paused 1ms+1ms, total 16ms
D/dalvikvm(  510): GC_EXPLICIT freed <1K, 2% free 2229K/2260K, paused 2ms+1ms, total 17ms
I/dalvikvm(  510): System server process 725 has been created
I/Zygote  (  510): Accepting command socket connections
I/sysproc (  725): Entered system_init()
I/sysproc (  725): ServiceManager: 0x1759a00
D/SensorService(  725): nuSensorService starting...
D/Sensors (  725): Opening sensors...
D/Sensors (  725): Panasonic Gyro eanble, buf  (112)
D/Sensors (  725): Panasonic open_sensors
D/Sensors (  725): init_nusensors
D/Sensors (  725): sensors_pana_poll_context_t::sensors_pana_poll_context_t 
D/Sensors (  725): Creating Proximity Sensor...
D/Sensors (  725): Creating Proximity Sensor..., mEnabled = 0
D/Sensors (  725): AkmSensor::AkmSensor(), htc
D/Sensors (  725): akm:Read ECS_IOCTL_APP_GET_AFLAG flags 1520841960 
D/Sensors (  725): akm: Read ECS_IOCTL_APP_GET_MVFLAG flags 1520841960 
D/Sensors (  725): akm:Read ECS_IOCTL_APP_GET_MFLAG flags 1520841960 
D/Sensors (  725): Read Control from akm-Sensor EWHAL_IOCTL_GET_CONTROL is error at AkmSensor , control = 0
D/Sensors (  725): sensors_pana_poll_context_t::sensors_pana_poll_context_t => new GyroSensor() 
D/AK8975  (  123): Compass Start
D/Sensors (  725): GyroSensor::GyroSensor()
D/Sensors (  725): GyroSensor mEnabled 0
D/Sensors (  725): sensors_pana_poll_context_t::sensors_pana_poll_context_t => leave 
D/Sensors (  725): Panasonic Gyro eanble, buf  (112)
D/Sensors (  725): sensors_pana_poll_context_t::activate_pana 
D/Sensors (  725): AkmSensor::enable htc, handle :0
D/Sensors (  725): Enable akm: en = 0, mEnabled 0
D/Sensors (  725): Enable akm: newState = 0, (uint32_t(newState)<<what) 0, (mEnabled & (1<<what)0
D/Sensors (  725): sensors_pana_poll_context_t::activate_pana 
D/Sensors (  725): AkmSensor::enable htc, handle :1
D/Sensors (  725): Enable akm: en = 0, mEnabled 0
D/Sensors (  725): Enable akm: newState = 0, (uint32_t(newState)<<what) 0, (mEnabled & (1<<what)0
D/Sensors (  725): sensors_pana_poll_context_t::activate_pana 
D/Sensors (  725): AkmSensor::enable htc, handle :2
D/Sensors (  725): Enable akm: en = 0, mEnabled 0
D/Sensors (  725): Enable akm: newState = 0, (uint32_t(newState)<<what) 0, (mEnabled & (1<<what)0
D/Sensors (  725): sensors_pana_poll_context_t::activate_pana 
D/Sensors (  725): GyroSensor::enable :handle 0x6, mEnabled = 0
D/Sensors (  725): GyroSensor::enable :what 0x6
D/Sensors (  725): sensors_pana_poll_context_t::activate_pana 
D/Sensors (  725): AkmSensor::enable htc, handle :3
D/Sensors (  725): AkmSensor::enable htc, ID_ROTATION_VECTOR :3
D/Sensors (  725): Enable akm: en = 0, mEnabled 0
D/Sensors (  725): Enable akm: newState = 0, (uint32_t(newState)<<what) 0, (mEnabled & (1<<what)0
D/Sensors (  725): sensors_pana_poll_context_t::activate_pana 
D/Sensors (  725): AkmSensor::enable htc, handle :4
D/Sensors (  725): Enable akm: en = 0, mEnabled 0
D/Sensors (  725): Enable akm: newState = 0, (uint32_t(newState)<<what) 0, (mEnabled & (1<<what)0
D/Sensors (  725): sensors_pana_poll_context_t::activate_pana 
D/Sensors (  725): AkmSensor::enable htc, handle :5
D/Sensors (  725): Enable akm: en = 0, mEnabled 0
D/Sensors (  725): Enable akm: newState = 0, (uint32_t(newState)<<what) 0, (mEnabled & (1<<what)0
D/Sensors (  725): sensors_pana_poll_context_t::activate_pana 
D/Sensors (  725): Enabling Proximity Sensor..., mEnabled = 1, new state = 0
D/Sensors (  725): Enabling Proximity Sensor..., mEnabled = 0
D/Sensors (  725): sensors_pana_poll_context_t::activate_pana 
D/Sensors (  725): Panasonic Gyro eanble, buf  (112)
I/SensorService(  725): Panasonic 3-axis Acceleration sensor
I/SensorService(  725): Panasonic 3-axis Magnetic Field sensor
I/SensorService(  725): Panasonic Orientation sensor
I/SensorService(  725): Panasonic Gyroscope sensor
I/SensorService(  725): Panasonic Rotation Vector
I/SensorService(  725): Panasonic Linear Acceleration
I/SensorService(  725): Panasonic Gravity
I/SensorService(  725): CM3602 Proximity sensor
I/SensorService(  725): CM3602 Light sensor
D/Sensors (  725): Panasonic Gyro eanble, buf  (112)
D/Sensors (  725): Panasonic Gyro eanble, buf  (112)
I/sysproc (  725): System server: starting Android runtime.
I/sysproc (  725): System server: starting Android services.
D/SensorService(  725): nuSensorService thread starting...
I/sysproc (  725): System server: entering thread pool.
I/SystemServer(  725): Entered the Android system server!
I/installd(  134): new connection
I/SystemServer(  725): Enabled StrictMode logging for UI Looper
I/SystemServer(  725): Waiting for installd to be ready.
I/Installer(  725): connecting...
I/SystemServer(  725): Enabled StrictMode logging for WM Looper
I/SystemServer(  725): Entropy Mixer
I/SystemServer(  725): Power Manager
I/SystemServer(  725): Activity Manager
D/AK8975  (  123): Compass CLOSE 
I/ActivityManager(  725): Memory class: 96
I/SystemServer(  725): Display Manager
I/ActivityManager(  725): Enabled StrictMode logging for AThread's Looper
I/SystemServer(  725): Telephony Registry
I/DisplayManagerService(  725): Display device added: DisplayDeviceInfo{"Built-in Screen": 540 x 960, -1.0E9 fps, density 240, 258.79245 x 256.67368 dpi, touch INTERNAL, FLAG_DEFAULT_DISPLAY, FLAG_ROTATES_WITH_CONTENT, FLAG_SECURE, FLAG_SUPPORTS_PROTECTED_BUFFERS, rotation 0, type BUILT_IN, address null}
I/SystemServer(  725): Scheduling Policy
I/SystemServer(  725): Package Manager
W/PackageManager(  725): Library not found: /system/framework/com.android.nfc_extras.jar
W/PackageParser(  725): No actions in intent filter at /system/app/Bluetooth.apk Binary XML file line #207
W/PackageParser(  725): No actions in intent filter at /system/app/Bluetooth.apk Binary XML file line #234
W/PackageParser(  725): No actions in intent filter at /system/app/Contacts.apk Binary XML file line #546
W/PackageParser(  725): Unknown element under <application>: permission at /system/app/Gallery2.apk Binary XML file line #220
W/ResourceType(  725): Failure getting entry for 0x7f040018 (t=3 e=24) in package 0 (error -75)
W/ResourceType(  725): Failure getting entry for 0x7f040018 (t=3 e=24) in package 0 (error -75)
W/PackageParser(  725): Unknown element under <application>: permission at /system/app/Gallery2.apk Binary XML file line #223
W/PackageManager(  725): Permission group android.permission-group.SUPERUSER from package com.koushikdutta.superuser ignored: original from com.android.settings
W/PackageParser(  725): Unknown element under <intent-filter>: android at /system/app/SystemUI.apk Binary XML file line #114
I/PackageManager(  725): Package com.google.android.talk at /system/app/Talk.apk ignored: updated version 678017 better than this 330
D/zipro   (  725): Zip: EOCD not found, /system/app/Torch.apk is not zip
D/asset   (  725): failed to open Zip archive '/system/app/Torch.apk'
D/asset   (  725): failed to open Zip archive '/system/app/UserDictionaryProvider.apk'
W/PackageParser(  725): Unable to read AndroidManifest.xml of /system/app/Torch.apk
W/PackageParser(  725): java.io.FileNotFoundException: AndroidManifest.xml
W/PackageParser(  725): 	at android.content.res.AssetManager.openXmlAssetNative(Native Method)
W/PackageParser(  725): 	at android.content.res.AssetManager.openXmlBlockAsset(AssetManager.java:521)
W/PackageParser(  725): 	at android.content.res.AssetManager.openXmlResourceParser(AssetManager.java:477)
W/PackageParser(  725): 	at android.content.pm.PackageParser.parsePackage(PackageParser.java:536)
W/PackageParser(  725): 	at com.android.server.pm.PackageManagerService.scanPackageLI(PackageManagerService.java:3271)
W/PackageParser(  725): 	at com.android.server.pm.PackageManagerService.scanDirLI(PackageManagerService.java:3195)
W/PackageParser(  725): 	at com.android.server.pm.PackageManagerService.<init>(PackageManagerService.java:1180)
W/PackageParser(  725): 	at com.android.server.pm.PackageManagerService.main(PackageManagerService.java:950)
W/PackageParser(  725): 	at com.android.server.ServerThread.run(SystemServer.java:269)
W/PackageParser(  725): Unable to read AndroidManifest.xml of /system/app/UserDictionaryProvider.apk
W/PackageParser(  725): java.io.FileNotFoundException: AndroidManifest.xml
W/PackageParser(  725): 	at android.content.res.AssetManager.openXmlAssetNative(Native Method)
W/PackageParser(  725): 	at android.content.res.AssetManager.openXmlBlockAsset(AssetManager.java:521)
W/PackageParser(  725): 	at android.content.res.AssetManager.openXmlResourceParser(AssetManager.java:477)
W/PackageParser(  725): 	at android.content.pm.PackageParser.parsePackage(PackageParser.java:536)
W/PackageParser(  725): 	at com.android.server.pm.PackageManagerService.scanPackageLI(PackageManagerService.java:3271)
W/PackageParser(  725): 	at com.android.server.pm.PackageManagerService.scanDirLI(PackageManagerService.java:3195)
W/PackageParser(  725): 	at com.android.server.pm.PackageManagerService.<init>(PackageManagerService.java:1180)
W/PackageParser(  725): 	at com.android.server.pm.PackageManagerService.main(PackageManagerService.java:950)
W/PackageParser(  725): 	at com.android.server.ServerThread.run(SystemServer.java:269)
D/asset   (  725): failed to open Zip archive '/system/app/VoiceSearchStub.apk'
D/asset   (  725): failed to open Zip archive '/system/app/WAPPushManager.apk'
W/PackageParser(  725): Unable to read AndroidManifest.xml of /system/app/VoiceSearchStub.apk
W/PackageParser(  725): java.io.FileNotFoundException: AndroidManifest.xml
W/PackageParser(  725): 	at android.content.res.AssetManager.openXmlAssetNative(Native Method)
W/PackageParser(  725): 	at android.content.res.AssetManager.openXmlBlockAsset(AssetManager.java:521)
W/PackageParser(  725): 	at android.content.res.AssetManager.openXmlResourceParser(AssetManager.java:477)
W/PackageParser(  725): 	at android.content.pm.PackageParser.parsePackage(PackageParser.java:536)
W/PackageParser(  725): 	at com.android.server.pm.PackageManagerService.scanPackageLI(PackageManagerService.java:3271)
W/PackageParser(  725): 	at com.android.server.pm.PackageManagerService.scanDirLI(PackageManagerService.java:3195)
W/PackageParser(  725): 	at com.android.server.pm.PackageManagerService.<init>(PackageManagerService.java:1180)
W/PackageParser(  725): 	at com.android.server.pm.PackageManagerService.main(PackageManagerService.java:950)
W/PackageParser(  725): 	at com.android.server.ServerThread.run(SystemServer.java:269)
W/PackageParser(  725): Unable to read AndroidManifest.xml of /system/app/WAPPushManager.apk
W/PackageParser(  725): java.io.FileNotFoundException: AndroidManifest.xml
W/PackageParser(  725): 	at android.content.res.AssetManager.openXmlAssetNative(Native Method)
W/PackageParser(  725): 	at android.content.res.AssetManager.openXmlBlockAsset(AssetManager.java:521)
W/PackageParser(  725): 	at android.content.res.AssetManager.openXmlResourceParser(AssetManager.java:477)
W/PackageParser(  725): 	at android.content.pm.PackageParser.parsePackage(PackageParser.java:536)
W/PackageParser(  725): 	at com.android.server.pm.PackageManagerService.scanPackageLI(PackageManagerService.java:3271)
W/PackageParser(  725): 	at com.android.server.pm.PackageManagerService.scanDirLI(PackageManagerService.java:3195)
W/PackageParser(  725): 	at com.android.server.pm.PackageManagerService.<init>(PackageManagerService.java:1180)
W/PackageParser(  725): 	at com.android.server.pm.PackageManagerService.main(PackageManagerService.java:950)
W/PackageParser(  725): 	at com.android.server.ServerThread.run(SystemServer.java:269)
D/asset   (  725): failed to open Zip archive '/system/app/Wallpapers.apk'
D/PackageManager(  725): No files in app dir /vendor/app
W/PackageParser(  725): Unable to read AndroidManifest.xml of /system/app/Wallpapers.apk
W/PackageParser(  725): java.io.FileNotFoundException: AndroidManifest.xml
W/PackageParser(  725): 	at android.content.res.AssetManager.openXmlAssetNative(Native Method)
W/PackageParser(  725): 	at android.content.res.AssetManager.openXmlBlockAsset(AssetManager.java:521)
W/PackageParser(  725): 	at android.content.res.AssetManager.openXmlResourceParser(AssetManager.java:477)
W/PackageParser(  725): 	at android.content.pm.PackageParser.parsePackage(PackageParser.java:536)
W/PackageParser(  725): 	at com.android.server.pm.PackageManagerService.scanPackageLI(PackageManagerService.java:3271)
W/PackageParser(  725): 	at com.android.server.pm.PackageManagerService.scanDirLI(PackageManagerService.java:3195)
W/PackageParser(  725): 	at com.android.server.pm.PackageManagerService.<init>(PackageManagerService.java:1180)
W/PackageParser(  725): 	at com.android.server.pm.PackageManagerService.main(PackageManagerService.java:950)
W/PackageParser(  725): 	at com.android.server.ServerThread.run(SystemServer.java:269)
W/PackageManager(  725): System package net.cactii.flash2 no longer exists; wiping its data
W/PackageManager(  725): Couldn't delete native library directory /data/app-lib/net.cactii.flash2
W/PackageManager(  725): System package com.google.android.voicesearch no longer exists; wiping its data
D/asset   (  725): failed to open Zip archive '/data/app/obg1.PhotafPro-1.apk'
W/PackageManager(  725): Couldn't delete native library directory /data/app-lib/com.google.android.voicesearch
W/PackageManager(  725): System package com.android.providers.userdictionary no longer exists; wiping its data
W/PackageManager(  725): Couldn't delete native library directory /data/app-lib/com.android.providers.userdictionary
W/PackageManager(  725): System package com.carbon.wallpapers no longer exists; wiping its data
W/PackageManager(  725): Couldn't delete native library directory /data/app-lib/com.carbon.wallpapers
W/PackageManager(  725): System package com.android.smspush no longer exists; wiping its data
W/PackageManager(  725): Couldn't delete native library directory /data/app-lib/com.android.smspush
W/PackageParser(  725): Unable to read AndroidManifest.xml of /data/app/obg1.PhotafPro-1.apk
W/PackageParser(  725): java.io.FileNotFoundException: AndroidManifest.xml
W/PackageParser(  725): 	at android.content.res.AssetManager.openXmlAssetNative(Native Method)
W/PackageParser(  725): 	at android.content.res.AssetManager.openXmlBlockAsset(AssetManager.java:521)
W/PackageParser(  725): 	at android.content.res.AssetManager.openXmlResourceParser(AssetManager.java:477)
W/PackageParser(  725): 	at android.content.pm.PackageParser.parsePackage(PackageParser.java:536)
W/PackageParser(  725): 	at com.android.server.pm.PackageManagerService.scanPackageLI(PackageManagerService.java:3271)
W/PackageParser(  725): 	at com.android.server.pm.PackageManagerService.scanDirLI(PackageManagerService.java:3195)
W/PackageParser(  725): 	at com.android.server.pm.PackageManagerService.<init>(PackageManagerService.java:1261)
W/PackageParser(  725): 	at com.android.server.pm.PackageManagerService.main(PackageManagerService.java:950)
W/PackageParser(  725): 	at com.android.server.ServerThread.run(SystemServer.java:269)
D/dalvikvm(  725): DexOpt: incorrect opt magic number (0x00 00 00 00)
D/asset   (  725): failed to open Zip archive '/data/app/com.google.android.gm-1.apk'
W/ResourceType(  725): ResTable_package:unknown header size 0x0 is too small.
W/zipro   (  725): didn't find signature at start of lfh; wanted: offset=474887 data=0x04034b50; got: data=0x00000000
W/asset   (  725): create map from entry failed
W/PackageParser(  725): Unable to read AndroidManifest.xml of /data/app/com.google.android.gm-1.apk
W/PackageParser(  725): java.io.FileNotFoundException: AndroidManifest.xml
W/PackageParser(  725): 	at android.content.res.AssetManager.openXmlAssetNative(Native Method)
W/PackageParser(  725): 	at android.content.res.AssetManager.openXmlBlockAsset(AssetManager.java:521)
W/PackageParser(  725): 	at android.content.res.AssetManager.openXmlResourceParser(AssetManager.java:477)
W/PackageParser(  725): 	at android.content.pm.PackageParser.parsePackage(PackageParser.java:536)
W/PackageParser(  725): 	at com.android.server.pm.PackageManagerService.scanPackageLI(PackageManagerService.java:3271)
W/PackageParser(  725): 	at com.android.server.pm.PackageManagerService.scanDirLI(PackageManagerService.java:3195)
W/PackageParser(  725): 	at com.android.server.pm.PackageManagerService.<init>(PackageManagerService.java:1261)
W/PackageParser(  725): 	at com.android.server.pm.PackageManagerService.main(PackageManagerService.java:950)
W/PackageParser(  725): 	at com.android.server.ServerThread.run(SystemServer.java:269)
W/PackageParser(  725): Unable to read AndroidManifest.xml of /data/app/com.estrongs.android.pop-1.apk
W/PackageParser(  725): java.io.FileNotFoundException: AndroidManifest.xml
W/PackageParser(  725): 	at android.content.res.AssetManager.openXmlAssetNative(Native Method)
W/PackageParser(  725): 	at android.content.res.AssetManager.openXmlBlockAsset(AssetManager.java:521)
W/PackageParser(  725): 	at android.content.res.AssetManager.openXmlResourceParser(AssetManager.java:477)
W/PackageParser(  725): 	at android.content.pm.PackageParser.parsePackage(PackageParser.java:536)
W/PackageParser(  725): 	at com.android.server.pm.PackageManagerService.scanPackageLI(PackageManagerService.java:3271)
W/PackageParser(  725): 	at com.android.server.pm.PackageManagerService.scanDirLI(PackageManagerService.java:3195)
W/PackageParser(  725): 	at com.android.server.pm.PackageManagerService.<init>(PackageManagerService.java:1261)
W/PackageParser(  725): 	at com.android.server.pm.PackageManagerService.main(PackageManagerService.java:950)
W/PackageParser(  725): 	at com.android.server.ServerThread.run(SystemServer.java:269)
I/PackageManager(  725): /data/app/com.koushikdutta.superuser-1.apk changed; collecting certs
W/PackageManager(  725): Application package com.koushikdutta.superuser already installed.  Skipping duplicate.
